Archive member included to satisfy reference by file (symbol)

e:/mounriver/mounriver_studio/toolchain/risc-v embedded gcc/bin/../lib/gcc/riscv-none-embed/8.2.0/../../../../riscv-none-embed/lib/rv32imacxw/ilp32\libm.a(lib_a-w_pow.o)
                              ./mlx9640/MLX90640_API.o (pow)
e:/mounriver/mounriver_studio/toolchain/risc-v embedded gcc/bin/../lib/gcc/riscv-none-embed/8.2.0/../../../../riscv-none-embed/lib/rv32imacxw/ilp32\libm.a(lib_a-w_sqrt.o)
                              ./mlx9640/MLX90640_API.o (sqrt)
e:/mounriver/mounriver_studio/toolchain/risc-v embedded gcc/bin/../lib/gcc/riscv-none-embed/8.2.0/../../../../riscv-none-embed/lib/rv32imacxw/ilp32\libm.a(lib_a-e_pow.o)
                              e:/mounriver/mounriver_studio/toolchain/risc-v embedded gcc/bin/../lib/gcc/riscv-none-embed/8.2.0/../../../../riscv-none-embed/lib/rv32imacxw/ilp32\libm.a(lib_a-w_pow.o) (__ieee754_pow)
e:/mounriver/mounriver_studio/toolchain/risc-v embedded gcc/bin/../lib/gcc/riscv-none-embed/8.2.0/../../../../riscv-none-embed/lib/rv32imacxw/ilp32\libm.a(lib_a-e_sqrt.o)
                              e:/mounriver/mounriver_studio/toolchain/risc-v embedded gcc/bin/../lib/gcc/riscv-none-embed/8.2.0/../../../../riscv-none-embed/lib/rv32imacxw/ilp32\libm.a(lib_a-w_sqrt.o) (__ieee754_sqrt)
e:/mounriver/mounriver_studio/toolchain/risc-v embedded gcc/bin/../lib/gcc/riscv-none-embed/8.2.0/../../../../riscv-none-embed/lib/rv32imacxw/ilp32\libm.a(lib_a-s_fabs.o)
                              e:/mounriver/mounriver_studio/toolchain/risc-v embedded gcc/bin/../lib/gcc/riscv-none-embed/8.2.0/../../../../riscv-none-embed/lib/rv32imacxw/ilp32\libm.a(lib_a-e_pow.o) (fabs)
e:/mounriver/mounriver_studio/toolchain/risc-v embedded gcc/bin/../lib/gcc/riscv-none-embed/8.2.0/../../../../riscv-none-embed/lib/rv32imacxw/ilp32\libm.a(lib_a-s_finite.o)
                              e:/mounriver/mounriver_studio/toolchain/risc-v embedded gcc/bin/../lib/gcc/riscv-none-embed/8.2.0/../../../../riscv-none-embed/lib/rv32imacxw/ilp32\libm.a(lib_a-w_pow.o) (finite)
e:/mounriver/mounriver_studio/toolchain/risc-v embedded gcc/bin/../lib/gcc/riscv-none-embed/8.2.0/../../../../riscv-none-embed/lib/rv32imacxw/ilp32\libm.a(lib_a-s_lib_ver.o)
                              e:/mounriver/mounriver_studio/toolchain/risc-v embedded gcc/bin/../lib/gcc/riscv-none-embed/8.2.0/../../../../riscv-none-embed/lib/rv32imacxw/ilp32\libm.a(lib_a-w_pow.o) (__fdlib_version)
e:/mounriver/mounriver_studio/toolchain/risc-v embedded gcc/bin/../lib/gcc/riscv-none-embed/8.2.0/../../../../riscv-none-embed/lib/rv32imacxw/ilp32\libm.a(lib_a-s_matherr.o)
                              e:/mounriver/mounriver_studio/toolchain/risc-v embedded gcc/bin/../lib/gcc/riscv-none-embed/8.2.0/../../../../riscv-none-embed/lib/rv32imacxw/ilp32\libm.a(lib_a-w_pow.o) (matherr)
e:/mounriver/mounriver_studio/toolchain/risc-v embedded gcc/bin/../lib/gcc/riscv-none-embed/8.2.0/../../../../riscv-none-embed/lib/rv32imacxw/ilp32\libm.a(lib_a-s_nan.o)
                              e:/mounriver/mounriver_studio/toolchain/risc-v embedded gcc/bin/../lib/gcc/riscv-none-embed/8.2.0/../../../../riscv-none-embed/lib/rv32imacxw/ilp32\libm.a(lib_a-e_pow.o) (nan)
e:/mounriver/mounriver_studio/toolchain/risc-v embedded gcc/bin/../lib/gcc/riscv-none-embed/8.2.0/../../../../riscv-none-embed/lib/rv32imacxw/ilp32\libm.a(lib_a-s_rint.o)
                              e:/mounriver/mounriver_studio/toolchain/risc-v embedded gcc/bin/../lib/gcc/riscv-none-embed/8.2.0/../../../../riscv-none-embed/lib/rv32imacxw/ilp32\libm.a(lib_a-w_pow.o) (rint)
e:/mounriver/mounriver_studio/toolchain/risc-v embedded gcc/bin/../lib/gcc/riscv-none-embed/8.2.0/../../../../riscv-none-embed/lib/rv32imacxw/ilp32\libm.a(lib_a-s_scalbn.o)
                              e:/mounriver/mounriver_studio/toolchain/risc-v embedded gcc/bin/../lib/gcc/riscv-none-embed/8.2.0/../../../../riscv-none-embed/lib/rv32imacxw/ilp32\libm.a(lib_a-e_pow.o) (scalbn)
e:/mounriver/mounriver_studio/toolchain/risc-v embedded gcc/bin/../lib/gcc/riscv-none-embed/8.2.0/../../../../riscv-none-embed/lib/rv32imacxw/ilp32\libm.a(lib_a-s_copysign.o)
                              e:/mounriver/mounriver_studio/toolchain/risc-v embedded gcc/bin/../lib/gcc/riscv-none-embed/8.2.0/../../../../riscv-none-embed/lib/rv32imacxw/ilp32\libm.a(lib_a-s_scalbn.o) (copysign)
e:/mounriver/mounriver_studio/toolchain/risc-v embedded gcc/bin/../lib/gcc/riscv-none-embed/8.2.0/rv32imacxw/ilp32\libgcc.a(adddf3.o)
                              ./mlx9640/MLX90640_API.o (__adddf3)
e:/mounriver/mounriver_studio/toolchain/risc-v embedded gcc/bin/../lib/gcc/riscv-none-embed/8.2.0/rv32imacxw/ilp32\libgcc.a(divdf3.o)
                              ./mlx9640/MLX90640_API.o (__divdf3)
e:/mounriver/mounriver_studio/toolchain/risc-v embedded gcc/bin/../lib/gcc/riscv-none-embed/8.2.0/rv32imacxw/ilp32\libgcc.a(eqdf2.o)
[...]
Memory Configuration

Name             Origin             Length             Attributes
FLASH            0x0000000000000000 0x0000000000030000 xr
RAM              0x0000000020000000 0x0000000000020000 xrw
*default*        0x0000000000000000 0xffffffffffffffff

Linker script and memory map

LOAD ./mlx9640/MLX90640_API.o
LOAD ./User/Displaytemp.o
LOAD ./User/ch32v30x_it.o
LOAD ./User/iic.o
LOAD ./User/lcd.o
LOAD ./User/main.o
LOAD ./User/system_ch32v30x.o
LOAD ./Startup/startup_ch32v30x_D8C.o
LOAD ./Peripheral/src/ch32v30x_adc.o
LOAD ./Peripheral/src/ch32v30x_bkp.o
LOAD ./Peripheral/src/ch32v30x_can.o
LOAD ./Peripheral/src/ch32v30x_crc.o
LOAD ./Peripheral/src/ch32v30x_dac.o
LOAD ./Peripheral/src/ch32v30x_dbgmcu.o
LOAD ./Peripheral/src/ch32v30x_dma.o
LOAD ./Peripheral/src/ch32v30x_dvp.o
LOAD ./Peripheral/src/ch32v30x_eth.o
LOAD ./Peripheral/src/ch32v30x_exti.o
LOAD ./Peripheral/src/ch32v30x_flash.o
LOAD ./Peripheral/src/ch32v30x_fsmc.o
LOAD ./Peripheral/src/ch32v30x_gpio.o
LOAD ./Peripheral/src/ch32v30x_i2c.o
LOAD ./Peripheral/src/ch32v30x_iwdg.o
LOAD ./Peripheral/src/ch32v30x_misc.o
LOAD ./Peripheral/src/ch32v30x_opa.o
LOAD ./Peripheral/src/ch32v30x_pwr.o
LOAD ./Peripheral/src/ch32v30x_rcc.o
LOAD ./Peripheral/src/ch32v30x_rng.o
LOAD ./Peripheral/src/ch32v30x_rtc.o
LOAD ./Peripheral/src/ch32v30x_sdio.o
LOAD ./Peripheral/src/ch32v30x_spi.o
LOAD ./Peripheral/src/ch32v30x_tim.o
LOAD ./Peripheral/src/ch32v30x_usart.o
LOAD ./Peripheral/src/ch32v30x_wwdg.o
LOAD ./Debug/debug.o
LOAD ./Core/core_riscv.o
LOAD e:/mounriver/mounriver_studio/toolchain/risc-v embedded gcc/bin/../lib/gcc/riscv-none-embed/8.2.0/../../../../riscv-none-embed/lib/rv32imacxw/ilp32\libm.a
LOAD e:/mounriver/mounriver_studio/toolchain/risc-v embedded gcc/bin/../lib/gcc/riscv-none-embed/8.2.0/rv32imacxw/ilp32\libgcc.a
LOAD e:/mounriver/mounriver_studio/toolchain/risc-v embedded gcc/bin/../lib/gcc/riscv-none-embed/8.2.0/../../../../riscv-none-embed/lib/rv32imacxw/ilp32\libg_nano.a
LOAD e:/mounriver/mounriver_studio/toolchain/risc-v embedded gcc/bin/../lib/gcc/riscv-none-embed/8.2.0/../../../../riscv-none-embed/lib/rv32imacxw/ilp32\libc_nano.a
LOAD e:/mounriver/mounriver_studio/toolchain/risc-v embedded gcc/bin/../lib/gcc/riscv-none-embed/8.2.0/rv32imacxw/ilp32\libgcc.a
START GROUP
LOAD e:/mounriver/mounriver_studio/toolchain/risc-v embedded gcc/bin/../lib/gcc/riscv-none-embed/8.2.0/rv32imacxw/ilp32\libgcc.a
LOAD e:/mounriver/mounriver_studio/toolchain/risc-v embedded gcc/bin/../lib/gcc/riscv-none-embed/8.2.0/../../../../riscv-none-embed/lib/rv32imacxw/ilp32\libc_nano.a
LOAD e:/mounriver/mounriver_studio/toolchain/risc-v embedded gcc/bin/../lib/gcc/riscv-none-embed/8.2.0/../../../../riscv-none-embed/lib/rv32imacxw/ilp32\libnosys.a
END GROUP
START GROUP
LOAD e:/mounriver/mounriver_studio/toolchain/risc-v embedded gcc/bin/../lib/gcc/riscv-none-embed/8.2.0/rv32imacxw/ilp32\libgcc.a
LOAD e:/mounriver/mounriver_studio/toolchain/risc-v embedded gcc/bin/../lib/gcc/riscv-none-embed/8.2.0/../../../../riscv-none-embed/lib/rv32imacxw/ilp32\libc_nano.a
LOAD e:/mounriver/mounriver_studio/toolchain/risc-v embedded gcc/bin/../lib/gcc/riscv-none-embed/8.2.0/../../../../riscv-none-embed/lib/rv32imacxw/ilp32\libnosys.a
END GROUP
                0x0000000000000800                __stack_size = 0x800
                [!provide]                        PROVIDE (_stack_size = __stack_size)

.init           0x0000000000000000        0x4
                0x0000000000000000                _sinit = .
                0x0000000000000000                . = ALIGN (0x4)
 *(SORT_NONE(.init))
 .init          0x0000000000000000        0x4 ./Startup/startup_ch32v30x_D8C.o
                0x0000000000000000                _start
                0x0000000000000004                . = ALIGN (0x4)
                0x0000000000000004                _einit = .

.vector         0x0000000000000004      0x1bc
 *(.vector)
 .vector        0x0000000000000004      0x1a0 ./Startup/startup_ch32v30x_D8C.o
                0x00000000000001c0                . = ALIGN (0x40)
 *fill*         0x00000000000001a4       0x1c 

.text           0x00000000000001c0     0xa1a4
                0x00000000000001c0                . = ALIGN (0x4)
 *(.text)
 .text          0x00000000000001c0       0x60 e:/mounriver/mounriver_studio/toolchain/risc-v embedded gcc/bin/../lib/gcc/riscv-none-embed/8.2.0/rv32imacxw/ilp32\libgcc.a(save-restore.o)
                0x00000000000001c0                __riscv_save_12
                0x00000000000001c8                __riscv_save_9
                0x00000000000001c8                __riscv_save_11
                0x00000000000001c8                __riscv_save_10
                0x00000000000001c8                __riscv_save_8
                0x00000000000001d6                __riscv_save_4
                0x00000000000001d6                __riscv_save_6
                0x00000000000001d6                __riscv_save_5
                0x00000000000001d6                __riscv_save_7
                0x00000000000001f0                __riscv_save_3
                0x00000000000001f0                __riscv_save_2
                0x00000000000001f0                __riscv_save_1
                0x00000000000001f0                __riscv_save_0
                0x00000000000001fc                __riscv_restore_12
                0x0000000000000200                __riscv_restore_11
                0x0000000000000200                __riscv_restore_9
                0x0000000000000200                __riscv_restore_10
                0x0000000000000200                __riscv_restore_8
                0x000000000000020a                __riscv_restore_5
                0x000000000000020a                __riscv_restore_7
                0x000000000000020a                __riscv_restore_6
                0x000000000000020a                __riscv_restore_4
                0x0000000000000214                __riscv_restore_3
                0x0000000000000214                __riscv_restore_0
                0x0000000000000214                __riscv_restore_2
                0x0000000000000214                __riscv_restore_1
 .text          0x0000000000000220       0xa8 e:/mounriver/mounriver_studio/toolchain/risc-v embedded gcc/bin/../lib/gcc/riscv-none-embed/8.2.0/../../../../riscv-none-embed/lib/rv32imacxw/ilp32\libg_nano.a(lib_a-memset.o)
                0x0000000000000220                memset
 *(.text.*)
 .text.MLX90640_DumpEE
                0x00000000000002c8       0x16 ./mlx9640/MLX90640_API.o
                0x00000000000002c8                MLX90640_DumpEE
 .text.MLX90640_GetFrameData
                0x00000000000002de       0x98 ./mlx9640/MLX90640_API.o
                0x00000000000002de                MLX90640_GetFrameData
 .text.MLX90640_SetRefreshRate
                0x0000000000000376       0x38 ./mlx9640/MLX90640_API.o
                0x0000000000000376                MLX90640_SetRefreshRate
 .text.MLX90640_GetVdd
                0x00000000000003ae       0xce ./mlx9640/MLX90640_API.o
                0x00000000000003ae                MLX90640_GetVdd
 .text.MLX90640_GetTa
                0x000000000000047c       0xbe ./mlx9640/MLX90640_API.o
                0x000000000000047c                MLX90640_GetTa
 .text.ExtractVDDParameters
                0x000000000000053a       0x2e ./mlx9640/MLX90640_API.o
                0x000000000000053a                ExtractVDDParameters
 .text.ExtractPTATParameters
                0x0000000000000568       0xc4 ./mlx9640/MLX90640_API.o
                0x0000000000000568                ExtractPTATParameters
 .text.ExtractTgcParameters
                0x000000000000062c       0x42 ./mlx9640/MLX90640_API.o
                0x000000000000062c                ExtractTgcParameters
 .text.ExtractKsTaParameters
                0x000000000000066e       0x44 ./mlx9640/MLX90640_API.o
                0x000000000000066e                ExtractKsTaParameters
 .text.ExtractKsToParameters
                0x00000000000006b2       0xd2 ./mlx9640/MLX90640_API.o
                0x00000000000006b2                ExtractKsToParameters
 .text.ExtractAlphaParameters
                0x0000000000000784      0x1b4 ./mlx9640/MLX90640_API.o
                0x0000000000000784                ExtractAlphaParameters
 .text.ExtractOffsetParameters
                0x0000000000000938      0x12c ./mlx9640/MLX90640_API.o
                0x0000000000000938                ExtractOffsetParameters
 .text.ExtractKtaPixelParameters
                0x0000000000000a64      0x11e ./mlx9640/MLX90640_API.o
                0x0000000000000a64                ExtractKtaPixelParameters
 .text.ExtractKvPixelParameters
                0x0000000000000b82       0xee ./mlx9640/MLX90640_API.o
                0x0000000000000b82                ExtractKvPixelParameters
 .text.ExtractCPParameters
                0x0000000000000c70      0x1ce ./mlx9640/MLX90640_API.o
                0x0000000000000c70                ExtractCPParameters
 .text.ExtractCILCParameters
                0x0000000000000e3e       0xd8 ./mlx9640/MLX90640_API.o
                0x0000000000000e3e                ExtractCILCParameters
 .text.CheckAdjacentPixels
                0x0000000000000f16       0x26 ./mlx9640/MLX90640_API.o
                0x0000000000000f16                CheckAdjacentPixels
 .text.ExtractDeviatingPixels
                0x0000000000000f3c      0x158 ./mlx9640/MLX90640_API.o
                0x0000000000000f3c                ExtractDeviatingPixels
 .text.GetMedian
                0x0000000000001094       0x6e ./mlx9640/MLX90640_API.o
                0x0000000000001094                GetMedian
 .text.IsPixelBad
                0x0000000000001102       0x28 ./mlx9640/MLX90640_API.o
                0x0000000000001102                IsPixelBad
 .text.MLX90640_BadPixelsCorrection
                0x000000000000112a      0x1b8 ./mlx9640/MLX90640_API.o
                0x000000000000112a                MLX90640_BadPixelsCorrection
 .text.CheckEEPROMValid
                0x00000000000012e2       0x10 ./mlx9640/MLX90640_API.o
                0x00000000000012e2                CheckEEPROMValid
 .text.MLX90640_ExtractParameters
                0x00000000000012f2       0x80 ./mlx9640/MLX90640_API.o
                0x00000000000012f2                MLX90640_ExtractParameters
 .text.mlx_90640_init
                0x0000000000001372       0x90 ./User/Displaytemp.o
                0x0000000000001372                mlx_90640_init
 .text.mlx90640_Getvalue
                0x0000000000001402       0xc0 ./User/Displaytemp.o
                0x0000000000001402                mlx90640_Getvalue
 .text.Disp_TempPic
                0x00000000000014c2      0x1a0 ./User/Displaytemp.o
                0x00000000000014c2                Disp_TempPic
 .text.NMI_Handler
                0x0000000000001662        0x2 ./User/ch32v30x_it.o
                0x0000000000001662                NMI_Handler
 .text.HardFault_Handler
                0x0000000000001664       0x38 ./User/ch32v30x_it.o
                0x0000000000001664                HardFault_Handler
 .text.Wait     0x000000000000169c       0x2a ./User/iic.o
                0x000000000000169c                Wait
 .text.I2CStart
                0x00000000000016c6       0x58 ./User/iic.o
                0x00000000000016c6                I2CStart
 .text.I2CStop  0x000000000000171e       0x50 ./User/iic.o
                0x000000000000171e                I2CStop
 .text.MLX90640_I2CInit
                0x000000000000176e       0x48 ./User/iic.o
                0x000000000000176e                MLX90640_I2CInit
 .text.I2CRepeatedStart
                0x00000000000017b6       0x60 ./User/iic.o
                0x00000000000017b6                I2CRepeatedStart
 .text.I2CSendACK
                0x0000000000001816       0x58 ./User/iic.o
                0x0000000000001816                I2CSendACK
 .text.I2CSendNack
                0x000000000000186e       0x58 ./User/iic.o
                0x000000000000186e                I2CSendNack
 .text.I2CReadBytes
                0x00000000000018c6       0x9c ./User/iic.o
                0x00000000000018c6                I2CReadBytes
 .text.I2CReceiveAck
                0x0000000000001962       0x66 ./User/iic.o
                0x0000000000001962                I2CReceiveAck
 .text.I2CSendByte
                0x00000000000019c8       0x76 ./User/iic.o
                0x00000000000019c8                I2CSendByte
 .text.MLX90640_I2CRead
                0x0000000000001a3e       0xa8 ./User/iic.o
                0x0000000000001a3e                MLX90640_I2CRead
 .text.MLX90640_I2CWrite
                0x0000000000001ae6       0x86 ./User/iic.o
                0x0000000000001ae6                MLX90640_I2CWrite
 .text.lcd_write_half_word
                0x0000000000001b6c       0x12 ./User/lcd.o
                0x0000000000001b6c                lcd_write_half_word
 .text.lcd_read_data
                0x0000000000001b7e       0x14 ./User/lcd.o
                0x0000000000001b7e                lcd_read_data
 .text.lcd_fsmc_init
                0x0000000000001b92      0x104 ./User/lcd.o
                0x0000000000001b92                lcd_fsmc_init
 .text.TIM1_PWMOut_Init
                0x0000000000001c96       0x70 ./User/lcd.o
                0x0000000000001c96                TIM1_PWMOut_Init
 .text.lcd_gpio_init
                0x0000000000001d06       0x46 ./User/lcd.o
                0x0000000000001d06                lcd_gpio_init
 .text.lcd_address_set
                0x0000000000001d4c       0x4e ./User/lcd.o
                0x0000000000001d4c                lcd_address_set
 .text.lcd_clear
                0x0000000000001d9a       0x3e ./User/lcd.o
                0x0000000000001d9a                lcd_clear
 .text.lcd_init
                0x0000000000001dd8      0x198 ./User/lcd.o
                0x0000000000001dd8                lcd_init
 .text.lcd_draw_point_color
                0x0000000000001f70       0x18 ./User/lcd.o
                0x0000000000001f70                lcd_draw_point_color
 .text.startup.main
                0x0000000000001f88       0x5a ./User/main.o
                0x0000000000001f88                main
 .text.SystemInit
                0x0000000000001fe2       0xf8 ./User/system_ch32v30x.o
                0x0000000000001fe2                SystemInit
 .text.SystemCoreClockUpdate
                0x00000000000020da      0x12a ./User/system_ch32v30x.o
                0x00000000000020da                SystemCoreClockUpdate
 .text.vector_handler
                0x0000000000002204        0x2 ./Startup/startup_ch32v30x_D8C.o
                0x0000000000002204                EXTI2_IRQHandler
                0x0000000000002204                TIM8_TRG_COM_IRQHandler
                0x0000000000002204                TIM8_CC_IRQHandler
                0x0000000000002204                UART8_IRQHandler
                0x0000000000002204                TIM1_CC_IRQHandler
                0x0000000000002204                TIM6_IRQHandler
                0x0000000000002204                SysTick_Handler
                0x0000000000002204                PVD_IRQHandler
                0x0000000000002204                SDIO_IRQHandler
                0x0000000000002204                TIM9_BRK_IRQHandler
                0x0000000000002204                DMA2_Channel8_IRQHandler
                0x0000000000002204                CAN2_RX1_IRQHandler
                0x0000000000002204                EXTI3_IRQHandler
                0x0000000000002204                USBHS_IRQHandler
                0x0000000000002204                DMA2_Channel9_IRQHandler
                0x0000000000002204                TIM10_CC_IRQHandler
                0x0000000000002204                USBFS_IRQHandler
                0x0000000000002204                EXTI0_IRQHandler
                0x0000000000002204                I2C2_EV_IRQHandler
                0x0000000000002204                TIM10_TRG_COM_IRQHandler
                0x0000000000002204                CAN2_SCE_IRQHandler
                0x0000000000002204                ADC1_2_IRQHandler
                0x0000000000002204                Break_Point_Handler
                0x0000000000002204                SPI1_IRQHandler
                0x0000000000002204                TAMPER_IRQHandler
                0x0000000000002204                CAN2_RX0_IRQHandler
                0x0000000000002204                TIM8_UP_IRQHandler
                0x0000000000002204                Ecall_M_Mode_Handler
                0x0000000000002204                DMA2_Channel2_IRQHandler
                0x0000000000002204                DMA1_Channel4_IRQHandler
                0x0000000000002204                TIM9_UP_IRQHandler
                0x0000000000002204                USART3_IRQHandler
                0x0000000000002204                RTC_IRQHandler
                0x0000000000002204                DMA1_Channel7_IRQHandler
                0x0000000000002204                CAN1_RX1_IRQHandler
                0x0000000000002204                DVP_IRQHandler
                0x0000000000002204                UART5_IRQHandler
                0x0000000000002204                TIM4_IRQHandler
                0x0000000000002204                DMA2_Channel1_IRQHandler
                0x0000000000002204                I2C1_EV_IRQHandler
                0x0000000000002204                DMA1_Channel6_IRQHandler
                0x0000000000002204                UART4_IRQHandler
                0x0000000000002204                DMA2_Channel4_IRQHandler
                0x0000000000002204                TIM3_IRQHandler
                0x0000000000002204                RCC_IRQHandler
                0x0000000000002204                TIM1_TRG_COM_IRQHandler
                0x0000000000002204                DMA1_Channel1_IRQHandler
                0x0000000000002204                DMA2_Channel7_IRQHandler
                0x0000000000002204                EXTI15_10_IRQHandler
                0x0000000000002204                TIM7_IRQHandler
                0x0000000000002204                CAN2_TX_IRQHandler
                0x0000000000002204                TIM5_IRQHandler
                0x0000000000002204                EXTI9_5_IRQHandler
                0x0000000000002204                ETH_WKUP_IRQHandler
                0x0000000000002204                SPI2_IRQHandler
                0x0000000000002204                TIM10_BRK_IRQHandler
                0x0000000000002204                TIM9_CC_IRQHandler
                0x0000000000002204                DMA2_Channel5_IRQHandler
                0x0000000000002204                DMA1_Channel5_IRQHandler
                0x0000000000002204                EXTI4_IRQHandler
                0x0000000000002204                USB_LP_CAN1_RX0_IRQHandler
                0x0000000000002204                RNG_IRQHandler
                0x0000000000002204                USB_HP_CAN1_TX_IRQHandler
                0x0000000000002204                DMA1_Channel3_IRQHandler
                0x0000000000002204                ETH_IRQHandler
                0x0000000000002204                TIM1_UP_IRQHandler
                0x0000000000002204                WWDG_IRQHandler
                0x0000000000002204                USBHSWakeup_IRQHandler
                0x0000000000002204                DMA2_Channel11_IRQHandler
                0x0000000000002204                Ecall_U_Mode_Handler
                0x0000000000002204                DMA2_Channel6_IRQHandler
                0x0000000000002204                TIM2_IRQHandler
                0x0000000000002204                SW_Handler
                0x0000000000002204                TIM1_BRK_IRQHandler
                0x0000000000002204                DMA2_Channel10_IRQHandler
                0x0000000000002204                EXTI1_IRQHandler
                0x0000000000002204                RTCAlarm_IRQHandler
                0x0000000000002204                TIM10_UP_IRQHandler
                0x0000000000002204                TIM9_TRG_COM_IRQHandler
                0x0000000000002204                UART7_IRQHandler
                0x0000000000002204                USART2_IRQHandler
                0x0000000000002204                UART6_IRQHandler
                0x0000000000002204                I2C2_ER_IRQHandler
                0x0000000000002204                DMA1_Channel2_IRQHandler
                0x0000000000002204                TIM8_BRK_IRQHandler
                0x0000000000002204                CAN1_SCE_IRQHandler
                0x0000000000002204                FLASH_IRQHandler
                0x0000000000002204                USART1_IRQHandler
                0x0000000000002204                SPI3_IRQHandler
                0x0000000000002204                I2C1_ER_IRQHandler
                0x0000000000002204                USBWakeUp_IRQHandler
                0x0000000000002204                DMA2_Channel3_IRQHandler
 .text.handle_reset
                0x0000000000002206       0x8e ./Startup/startup_ch32v30x_D8C.o
                0x0000000000002206                handle_reset
 .text.DBGMCU_GetCHIPID
                0x0000000000002294        0xa ./Peripheral/src/ch32v30x_dbgmcu.o
                0x0000000000002294                DBGMCU_GetCHIPID
 .text.FSMC_NORSRAMInit
                0x000000000000229e       0xae ./Peripheral/src/ch32v30x_fsmc.o
                0x000000000000229e                FSMC_NORSRAMInit
 .text.FSMC_NORSRAMCmd
                0x000000000000234c       0x1e ./Peripheral/src/ch32v30x_fsmc.o
                0x000000000000234c                FSMC_NORSRAMCmd
 .text.GPIO_Init
                0x000000000000236a       0xc0 ./Peripheral/src/ch32v30x_gpio.o
                0x000000000000236a                GPIO_Init
 .text.GPIO_ReadInputDataBit
                0x000000000000242a        0xa ./Peripheral/src/ch32v30x_gpio.o
                0x000000000000242a                GPIO_ReadInputDataBit
 .text.GPIO_SetBits
                0x0000000000002434        0x4 ./Peripheral/src/ch32v30x_gpio.o
                0x0000000000002434                GPIO_SetBits
 .text.GPIO_ResetBits
                0x0000000000002438        0x4 ./Peripheral/src/ch32v30x_gpio.o
                0x0000000000002438                GPIO_ResetBits
 .text.GPIO_WriteBit
                0x000000000000243c        0xa ./Peripheral/src/ch32v30x_gpio.o
                0x000000000000243c                GPIO_WriteBit
 .text.NVIC_PriorityGroupConfig
                0x0000000000002446        0x6 ./Peripheral/src/ch32v30x_misc.o
                0x0000000000002446                NVIC_PriorityGroupConfig
 .text.RCC_GetClocksFreq
                0x000000000000244c      0x176 ./Peripheral/src/ch32v30x_rcc.o
                0x000000000000244c                RCC_GetClocksFreq
 .text.RCC_AHBPeriphClockCmd
                0x00000000000025c2       0x1e ./Peripheral/src/ch32v30x_rcc.o
                0x00000000000025c2                RCC_AHBPeriphClockCmd
 .text.RCC_APB2PeriphClockCmd
                0x00000000000025e0       0x1e ./Peripheral/src/ch32v30x_rcc.o
                0x00000000000025e0                RCC_APB2PeriphClockCmd
 .text.TIM_TimeBaseInit
                0x00000000000025fe       0xaa ./Peripheral/src/ch32v30x_tim.o
                0x00000000000025fe                TIM_TimeBaseInit
 .text.TIM_OC2Init
                0x00000000000026a8       0xae ./Peripheral/src/ch32v30x_tim.o
                0x00000000000026a8                TIM_OC2Init
 .text.TIM_Cmd  0x0000000000002756       0x18 ./Peripheral/src/ch32v30x_tim.o
                0x0000000000002756                TIM_Cmd
 .text.TIM_CtrlPWMOutputs
                0x000000000000276e       0x16 ./Peripheral/src/ch32v30x_tim.o
                0x000000000000276e                TIM_CtrlPWMOutputs
 .text.TIM_ARRPreloadConfig
                0x0000000000002784       0x1a ./Peripheral/src/ch32v30x_tim.o
                0x0000000000002784                TIM_ARRPreloadConfig
 .text.TIM_OC2PreloadConfig
                0x000000000000279e       0x16 ./Peripheral/src/ch32v30x_tim.o
                0x000000000000279e                TIM_OC2PreloadConfig
 .text.USART_Init
                0x00000000000027b4       0x90 ./Peripheral/src/ch32v30x_usart.o
                0x00000000000027b4                USART_Init
 .text.USART_Cmd
                0x0000000000002844       0x16 ./Peripheral/src/ch32v30x_usart.o
                0x0000000000002844                USART_Cmd
 .text.USART_SendData
                0x000000000000285a        0x8 ./Peripheral/src/ch32v30x_usart.o
                0x000000000000285a                USART_SendData
 .text.USART_GetFlagStatus
                0x0000000000002862        0xa ./Peripheral/src/ch32v30x_usart.o
                0x0000000000002862                USART_GetFlagStatus
 .text.Delay_Init
                0x000000000000286c       0x2a ./Debug/debug.o
                0x000000000000286c                Delay_Init
 .text.Delay_Ms
                0x0000000000002896       0x36 ./Debug/debug.o
                0x0000000000002896                Delay_Ms
 .text.USART_Printf_Init
                0x00000000000028cc       0x5a ./Debug/debug.o
                0x00000000000028cc                USART_Printf_Init
 .text._write   0x0000000000002926       0x3e ./Debug/debug.o
                0x0000000000002926                _write
 .text._sbrk    0x0000000000002964       0x2a ./Debug/debug.o
                0x0000000000002964                _sbrk
 .text.__get_MEPC
                0x000000000000298e        0x6 ./Core/core_riscv.o
                0x000000000000298e                __get_MEPC
 .text.__get_MCAUSE
                0x0000000000002994        0x6 ./Core/core_riscv.o
                0x0000000000002994                __get_MCAUSE
 .text.__get_MTVAL
                0x000000000000299a        0x6 ./Core/core_riscv.o
                0x000000000000299a                __get_MTVAL
 .text.pow      0x00000000000029a0      0x324 e:/mounriver/mounriver_studio/toolchain/risc-v embedded gcc/bin/../lib/gcc/riscv-none-embed/8.2.0/../../../../riscv-none-embed/lib/rv32imacxw/ilp32\libm.a(lib_a-w_pow.o)
                0x00000000000029a0                pow
 .text.sqrt     0x0000000000002cc4       0xba e:/mounriver/mounriver_studio/toolchain/risc-v embedded gcc/bin/../lib/gcc/riscv-none-embed/8.2.0/../../../../riscv-none-embed/lib/rv32imacxw/ilp32\libm.a(lib_a-w_sqrt.o)
                0x0000000000002cc4                sqrt
 .text.__ieee754_pow
                0x0000000000002d7e      0xad4 e:/mounriver/mounriver_studio/toolchain/risc-v embedded gcc/bin/../lib/gcc/riscv-none-embed/8.2.0/../../../../riscv-none-embed/lib/rv32imacxw/ilp32\libm.a(lib_a-e_pow.o)
                0x0000000000002d7e                __ieee754_pow
 .text.__ieee754_sqrt
                0x0000000000003852      0x1d4 e:/mounriver/mounriver_studio/toolchain/risc-v embedded gcc/bin/../lib/gcc/riscv-none-embed/8.2.0/../../../../riscv-none-embed/lib/rv32imacxw/ilp32\libm.a(lib_a-e_sqrt.o)
                0x0000000000003852                __ieee754_sqrt
 .text.fabs     0x0000000000003a26        0x6 e:/mounriver/mounriver_studio/toolchain/risc-v embedded gcc/bin/../lib/gcc/riscv-none-embed/8.2.0/../../../../riscv-none-embed/lib/rv32imacxw/ilp32\libm.a(lib_a-s_fabs.o)
                0x0000000000003a26                fabs
 .text.finite   0x0000000000003a2c        0xe e:/mounriver/mounriver_studio/toolchain/risc-v embedded gcc/bin/../lib/gcc/riscv-none-embed/8.2.0/../../../../riscv-none-embed/lib/rv32imacxw/ilp32\libm.a(lib_a-s_finite.o)
                0x0000000000003a2c                finite
 .text.matherr  0x0000000000003a3a        0x4 e:/mounriver/mounriver_studio/toolchain/risc-v embedded gcc/bin/../lib/gcc/riscv-none-embed/8.2.0/../../../../riscv-none-embed/lib/rv32imacxw/ilp32\libm.a(lib_a-s_matherr.o)
                0x0000000000003a3a                matherr
 .text.nan      0x0000000000003a3e        0xe e:/mounriver/mounriver_studio/toolchain/risc-v embedded gcc/bin/../lib/gcc/riscv-none-embed/8.2.0/../../../../riscv-none-embed/lib/rv32imacxw/ilp32\libm.a(lib_a-s_nan.o)
                0x0000000000003a3e                nan
 .text.rint     0x0000000000003a4c      0x186 e:/mounriver/mounriver_studio/toolchain/risc-v embedded gcc/bin/../lib/gcc/riscv-none-embed/8.2.0/../../../../riscv-none-embed/lib/rv32imacxw/ilp32\libm.a(lib_a-s_rint.o)
                0x0000000000003a4c                rint
 .text.scalbn   0x0000000000003bd2      0x13e e:/mounriver/mounriver_studio/toolchain/risc-v embedded gcc/bin/../lib/gcc/riscv-none-embed/8.2.0/../../../../riscv-none-embed/lib/rv32imacxw/ilp32\libm.a(lib_a-s_scalbn.o)
                0x0000000000003bd2                scalbn
 .text.copysign
                0x0000000000003d10       0x16 e:/mounriver/mounriver_studio/toolchain/risc-v embedded gcc/bin/../lib/gcc/riscv-none-embed/8.2.0/../../../../riscv-none-embed/lib/rv32imacxw/ilp32\libm.a(lib_a-s_copysign.o)
                0x0000000000003d10                copysign
 .text.__adddf3
                0x0000000000003d26      0x730 e:/mounriver/mounriver_studio/toolchain/risc-v embedded gcc/bin/../lib/gcc/riscv-none-embed/8.2.0/rv32imacxw/ilp32\libgcc.a(adddf3.o)
                0x0000000000003d26                __adddf3
 .text.__divdf3
                0x0000000000004456      0x5b4 e:/mounriver/mounriver_studio/toolchain/risc-v embedded gcc/bin/../lib/gcc/riscv-none-embed/8.2.0/rv32imacxw/ilp32\libgcc.a(divdf3.o)
                0x0000000000004456                __divdf3
 .text.__eqdf2  0x0000000000004a0a       0x6a e:/mounriver/mounriver_studio/toolchain/risc-v embedded gcc/bin/../lib/gcc/riscv-none-embed/8.2.0/rv32imacxw/ilp32\libgcc.a(eqdf2.o)
                0x0000000000004a0a                __nedf2
                0x0000000000004a0a                __eqdf2
 .text.__gedf2  0x0000000000004a74       0xae e:/mounriver/mounriver_studio/toolchain/risc-v embedded gcc/bin/../lib/gcc/riscv-none-embed/8.2.0/rv32imacxw/ilp32\libgcc.a(gedf2.o)
                0x0000000000004a74                __gedf2
                0x0000000000004a74                __gtdf2
 .text.__ledf2  0x0000000000004b22       0xb6 e:/mounriver/mounriver_studio/toolchain/risc-v embedded gcc/bin/../lib/gcc/riscv-none-embed/8.2.0/rv32imacxw/ilp32\libgcc.a(ledf2.o)
                0x0000000000004b22                __ledf2
                0x0000000000004b22                __ltdf2
 .text.__muldf3
                0x0000000000004bd8      0x4b8 e:/mounriver/mounriver_studio/toolchain/risc-v embedded gcc/bin/../lib/gcc/riscv-none-embed/8.2.0/rv32imacxw/ilp32\libgcc.a(muldf3.o)
                0x0000000000004bd8                __muldf3
 .text.__subdf3
                0x0000000000005090      0x73e e:/mounriver/mounriver_studio/toolchain/risc-v embedded gcc/bin/../lib/gcc/riscv-none-embed/8.2.0/rv32imacxw/ilp32\libgcc.a(subdf3.o)
                0x0000000000005090                __subdf3
 .text.__unorddf2
                0x00000000000057ce       0x3c e:/mounriver/mounriver_studio/toolchain/risc-v embedded gcc/bin/../lib/gcc/riscv-none-embed/8.2.0/rv32imacxw/ilp32\libgcc.a(unorddf2.o)
                0x00000000000057ce                __unorddf2
 .text.__floatsidf
                0x000000000000580a       0x72 e:/mounriver/mounriver_studio/toolchain/risc-v embedded gcc/bin/../lib/gcc/riscv-none-embed/8.2.0/rv32imacxw/ilp32\libgcc.a(floatsidf.o)
                0x000000000000580a                __floatsidf
 .text.__floatunsidf
                0x000000000000587c       0x68 e:/mounriver/mounriver_studio/toolchain/risc-v embedded gcc/bin/../lib/gcc/riscv-none-embed/8.2.0/rv32imacxw/ilp32\libgcc.a(floatunsidf.o)
                0x000000000000587c                __floatunsidf
 .text.__addsf3
                0x00000000000058e4      0x36a e:/mounriver/mounriver_studio/toolchain/risc-v embedded gcc/bin/../lib/gcc/riscv-none-embed/8.2.0/rv32imacxw/ilp32\libgcc.a(addsf3.o)
                0x00000000000058e4                __addsf3
 .text.__divsf3
                0x0000000000005c4e      0x2b2 e:/mounriver/mounriver_studio/toolchain/risc-v embedded gcc/bin/../lib/gcc/riscv-none-embed/8.2.0/rv32imacxw/ilp32\libgcc.a(divsf3.o)
                0x0000000000005c4e                __divsf3
 .text.__gesf2  0x0000000000005f00       0x86 e:/mounriver/mounriver_studio/toolchain/risc-v embedded gcc/bin/../lib/gcc/riscv-none-embed/8.2.0/rv32imacxw/ilp32\libgcc.a(gesf2.o)
                0x0000000000005f00                __gesf2
                0x0000000000005f00                __gtsf2
 .text.__lesf2  0x0000000000005f86       0x8c e:/mounriver/mounriver_studio/toolchain/risc-v embedded gcc/bin/../lib/gcc/riscv-none-embed/8.2.0/rv32imacxw/ilp32\libgcc.a(lesf2.o)
                0x0000000000005f86                __ltsf2
                0x0000000000005f86                __lesf2
 .text.__mulsf3
                0x0000000000006012      0x294 e:/mounriver/mounriver_studio/toolchain/risc-v embedded gcc/bin/../lib/gcc/riscv-none-embed/8.2.0/rv32imacxw/ilp32\libgcc.a(mulsf3.o)
                0x0000000000006012                __mulsf3
 .text.__subsf3
                0x00000000000062a6      0x388 e:/mounriver/mounriver_studio/toolchain/risc-v embedded gcc/bin/../lib/gcc/riscv-none-embed/8.2.0/rv32imacxw/ilp32\libgcc.a(subsf3.o)
                0x00000000000062a6                __subsf3
 .text.__fixunssfsi
                0x000000000000662e       0x56 e:/mounriver/mounriver_studio/toolchain/risc-v embedded gcc/bin/../lib/gcc/riscv-none-embed/8.2.0/rv32imacxw/ilp32\libgcc.a(fixunssfsi.o)
                0x000000000000662e                __fixunssfsi
 .text.__floatsisf
                0x0000000000006684       0xc6 e:/mounriver/mounriver_studio/toolchain/risc-v embedded gcc/bin/../lib/gcc/riscv-none-embed/8.2.0/rv32imacxw/ilp32\libgcc.a(floatsisf.o)
                0x0000000000006684                __floatsisf
 .text.__floatunsisf
                0x000000000000674a       0xce e:/mounriver/mounriver_studio/toolchain/risc-v embedded gcc/bin/../lib/gcc/riscv-none-embed/8.2.0/rv32imacxw/ilp32\libgcc.a(floatunsisf.o)
                0x000000000000674a                __floatunsisf
 .text.__extendsfdf2
                0x0000000000006818       0xac e:/mounriver/mounriver_studio/toolchain/risc-v embedded gcc/bin/../lib/gcc/riscv-none-embed/8.2.0/rv32imacxw/ilp32\libgcc.a(extendsfdf2.o)
                0x0000000000006818                __extendsfdf2
 .text.__truncdfsf2
                0x00000000000068c4      0x16a e:/mounriver/mounriver_studio/toolchain/risc-v embedded gcc/bin/../lib/gcc/riscv-none-embed/8.2.0/rv32imacxw/ilp32\libgcc.a(truncdfsf2.o)
                0x00000000000068c4                __truncdfsf2
 .text.__clzsi2
                0x0000000000006a2e       0x6e e:/mounriver/mounriver_studio/toolchain/risc-v embedded gcc/bin/../lib/gcc/riscv-none-embed/8.2.0/rv32imacxw/ilp32\libgcc.a(_clzsi2.o)
                0x0000000000006a2e                __clzsi2
 .text.__errno  0x0000000000006a9c        0x8 e:/mounriver/mounriver_studio/toolchain/risc-v embedded gcc/bin/../lib/gcc/riscv-none-embed/8.2.0/../../../../riscv-none-embed/lib/rv32imacxw/ilp32\libg_nano.a(lib_a-errno.o)
                0x0000000000006a9c                __errno
 .text.__cvt    0x0000000000006aa4       0xea e:/mounriver/mounriver_studio/toolchain/risc-v embedded gcc/bin/../lib/gcc/riscv-none-embed/8.2.0/../../../../riscv-none-embed/lib/rv32imacxw/ilp32\libg_nano.a(lib_a-nano-vfprintf_float.o)
                0x0000000000006aa4                __cvt
 .text.__exponent
                0x0000000000006b8e       0x84 e:/mounriver/mounriver_studio/toolchain/risc-v embedded gcc/bin/../lib/gcc/riscv-none-embed/8.2.0/../../../../riscv-none-embed/lib/rv32imacxw/ilp32\libg_nano.a(lib_a-nano-vfprintf_float.o)
                0x0000000000006b8e                __exponent
 .text._printf_float
                0x0000000000006c12      0x4c4 e:/mounriver/mounriver_studio/toolchain/risc-v embedded gcc/bin/../lib/gcc/riscv-none-embed/8.2.0/../../../../riscv-none-embed/lib/rv32imacxw/ilp32\libg_nano.a(lib_a-nano-vfprintf_float.o)
                0x0000000000006c12                _printf_float
 .text._printf_common
                0x00000000000070d6      0x10c e:/mounriver/mounriver_studio/toolchain/risc-v embedded gcc/bin/../lib/gcc/riscv-none-embed/8.2.0/../../../../riscv-none-embed/lib/rv32imacxw/ilp32\libg_nano.a(lib_a-nano-vfprintf_i.o)
                0x00000000000070d6                _printf_common
 .text._printf_i
                0x00000000000071e2      0x2a4 e:/mounriver/mounriver_studio/toolchain/risc-v embedded gcc/bin/../lib/gcc/riscv-none-embed/8.2.0/../../../../riscv-none-embed/lib/rv32imacxw/ilp32\libg_nano.a(lib_a-nano-vfprintf_i.o)
                0x00000000000071e2                _printf_i
 .text.printf   0x0000000000007486       0x42 e:/mounriver/mounriver_studio/toolchain/risc-v embedded gcc/bin/../lib/gcc/riscv-none-embed/8.2.0/../../../../riscv-none-embed/lib/rv32imacxw/ilp32\libg_nano.a(lib_a-printf.o)
                0x0000000000007486                iprintf
                0x0000000000007486                printf
 .text._puts_r  0x00000000000074c8       0xd8 e:/mounriver/mounriver_studio/toolchain/risc-v embedded gcc/bin/../lib/gcc/riscv-none-embed/8.2.0/../../../../riscv-none-embed/lib/rv32imacxw/ilp32\libg_nano.a(lib_a-puts.o)
                0x00000000000074c8                _puts_r
 .text.puts     0x00000000000075a0        0xc e:/mounriver/mounriver_studio/toolchain/risc-v embedded gcc/bin/../lib/gcc/riscv-none-embed/8.2.0/../../../../riscv-none-embed/lib/rv32imacxw/ilp32\libg_nano.a(lib_a-puts.o)
                0x00000000000075a0                puts
 .text.strlen   0x00000000000075ac       0x12 e:/mounriver/mounriver_studio/toolchain/risc-v embedded gcc/bin/../lib/gcc/riscv-none-embed/8.2.0/../../../../riscv-none-embed/lib/rv32imacxw/ilp32\libg_nano.a(lib_a-strlen.o)
                0x00000000000075ac                strlen
 .text.__swbuf_r
                0x00000000000075be       0xc2 e:/mounriver/mounriver_studio/toolchain/risc-v embedded gcc/bin/../lib/gcc/riscv-none-embed/8.2.0/../../../../riscv-none-embed/lib/rv32imacxw/ilp32\libg_nano.a(lib_a-wbuf.o)
                0x00000000000075be                __swbuf_r
 .text.__swsetup_r
                0x0000000000007680      0x102 e:/mounriver/mounriver_studio/toolchain/risc-v embedded gcc/bin/../lib/gcc/riscv-none-embed/8.2.0/../../../../riscv-none-embed/lib/rv32imacxw/ilp32\libg_nano.a(lib_a-wsetup.o)
                0x0000000000007680                __swsetup_r
 .text.quorem   0x0000000000007782      0x13a e:/mounriver/mounriver_studio/toolchain/risc-v embedded gcc/bin/../lib/gcc/riscv-none-embed/8.2.0/../../../../riscv-none-embed/lib/rv32imacxw/ilp32\libg_nano.a(lib_a-dtoa.o)
 .text._dtoa_r  0x00000000000078bc      0xc16 e:/mounriver/mounriver_studio/toolchain/risc-v embedded gcc/bin/../lib/gcc/riscv-none-embed/8.2.0/../../../../riscv-none-embed/lib/rv32imacxw/ilp32\libg_nano.a(lib_a-dtoa.o)
                0x00000000000078bc                _dtoa_r
 .text.__sflush_r
                0x00000000000084d2      0x132 e:/mounriver/mounriver_studio/toolchain/risc-v embedded gcc/bin/../lib/gcc/riscv-none-embed/8.2.0/../../../../riscv-none-embed/lib/rv32imacxw/ilp32\libg_nano.a(lib_a-fflush.o)
                0x00000000000084d2                __sflush_r
 .text._fflush_r
                0x0000000000008604       0x66 e:/mounriver/mounriver_studio/toolchain/risc-v embedded gcc/bin/../lib/gcc/riscv-none-embed/8.2.0/../../../../riscv-none-embed/lib/rv32imacxw/ilp32\libg_nano.a(lib_a-fflush.o)
                0x0000000000008604                _fflush_r
 .text.std      0x000000000000866a       0x66 e:/mounriver/mounriver_studio/toolchain/risc-v embedded gcc/bin/../lib/gcc/riscv-none-embed/8.2.0/../../../../riscv-none-embed/lib/rv32imacxw/ilp32\libg_nano.a(lib_a-findfp.o)
 .text._cleanup_r
                0x00000000000086d0        0xa e:/mounriver/mounriver_studio/toolchain/risc-v embedded gcc/bin/../lib/gcc/riscv-none-embed/8.2.0/../../../../riscv-none-embed/lib/rv32imacxw/ilp32\libg_nano.a(lib_a-findfp.o)
                0x00000000000086d0                _cleanup_r
 .text.__sfmoreglue
                0x00000000000086da       0x48 e:/mounriver/mounriver_studio/toolchain/risc-v embedded gcc/bin/../lib/gcc/riscv-none-embed/8.2.0/../../../../riscv-none-embed/lib/rv32imacxw/ilp32\libg_nano.a(lib_a-findfp.o)
                0x00000000000086da                __sfmoreglue
 .text.__sinit  0x0000000000008722       0x6c e:/mounriver/mounriver_studio/toolchain/risc-v embedded gcc/bin/../lib/gcc/riscv-none-embed/8.2.0/../../../../riscv-none-embed/lib/rv32imacxw/ilp32\libg_nano.a(lib_a-findfp.o)
                0x0000000000008722                __sinit
 .text.__sfp    0x000000000000878e       0xa0 e:/mounriver/mounriver_studio/toolchain/risc-v embedded gcc/bin/../lib/gcc/riscv-none-embed/8.2.0/../../../../riscv-none-embed/lib/rv32imacxw/ilp32\libg_nano.a(lib_a-findfp.o)
                0x000000000000878e                __sfp
 .text._fwalk_reent
                0x000000000000882e       0x6a e:/mounriver/mounriver_studio/toolchain/risc-v embedded gcc/bin/../lib/gcc/riscv-none-embed/8.2.0/../../../../riscv-none-embed/lib/rv32imacxw/ilp32\libg_nano.a(lib_a-fwalk.o)
                0x000000000000882e                _fwalk_reent
 .text._localeconv_r
                0x0000000000008898       0x18 e:/mounriver/mounriver_studio/toolchain/risc-v embedded gcc/bin/../lib/gcc/riscv-none-embed/8.2.0/../../../../riscv-none-embed/lib/rv32imacxw/ilp32\libg_nano.a(lib_a-localeconv.o)
                0x0000000000008898                _localeconv_r
 .text.__swhatbuf_r
                0x00000000000088b0       0x58 e:/mounriver/mounriver_studio/toolchain/risc-v embedded gcc/bin/../lib/gcc/riscv-none-embed/8.2.0/../../../../riscv-none-embed/lib/rv32imacxw/ilp32\libg_nano.a(lib_a-makebuf.o)
                0x00000000000088b0                __swhatbuf_r
 .text.__smakebuf_r
                0x0000000000008908       0x94 e:/mounriver/mounriver_studio/toolchain/risc-v embedded gcc/bin/../lib/gcc/riscv-none-embed/8.2.0/../../../../riscv-none-embed/lib/rv32imacxw/ilp32\libg_nano.a(lib_a-makebuf.o)
                0x0000000000008908                __smakebuf_r
 .text.malloc   0x000000000000899c        0xc e:/mounriver/mounriver_studio/toolchain/risc-v embedded gcc/bin/../lib/gcc/riscv-none-embed/8.2.0/../../../../riscv-none-embed/lib/rv32imacxw/ilp32\libg_nano.a(lib_a-malloc.o)
                0x000000000000899c                malloc
 .text.memchr   0x00000000000089a8       0x18 e:/mounriver/mounriver_studio/toolchain/risc-v embedded gcc/bin/../lib/gcc/riscv-none-embed/8.2.0/../../../../riscv-none-embed/lib/rv32imacxw/ilp32\libg_nano.a(lib_a-memchr.o)
                0x00000000000089a8                memchr
 .text.memcpy   0x00000000000089c0       0xb2 e:/mounriver/mounriver_studio/toolchain/risc-v embedded gcc/bin/../lib/gcc/riscv-none-embed/8.2.0/../../../../riscv-none-embed/lib/rv32imacxw/ilp32\libg_nano.a(lib_a-memcpy.o)
                0x00000000000089c0                memcpy
 .text._Balloc  0x0000000000008a72       0x88 e:/mounriver/mounriver_studio/toolchain/risc-v embedded gcc/bin/../lib/gcc/riscv-none-embed/8.2.0/../../../../riscv-none-embed/lib/rv32imacxw/ilp32\libg_nano.a(lib_a-mprec.o)
                0x0000000000008a72                _Balloc
 .text._Bfree   0x0000000000008afa       0x44 e:/mounriver/mounriver_studio/toolchain/risc-v embedded gcc/bin/../lib/gcc/riscv-none-embed/8.2.0/../../../../riscv-none-embed/lib/rv32imacxw/ilp32\libg_nano.a(lib_a-mprec.o)
                0x0000000000008afa                _Bfree
 .text.__multadd
                0x0000000000008b3e       0x98 e:/mounriver/mounriver_studio/toolchain/risc-v embedded gcc/bin/../lib/gcc/riscv-none-embed/8.2.0/../../../../riscv-none-embed/lib/rv32imacxw/ilp32\libg_nano.a(lib_a-mprec.o)
                0x0000000000008b3e                __multadd
 .text.__hi0bits
                0x0000000000008bd6       0x46 e:/mounriver/mounriver_studio/toolchain/risc-v embedded gcc/bin/../lib/gcc/riscv-none-embed/8.2.0/../../../../riscv-none-embed/lib/rv32imacxw/ilp32\libg_nano.a(lib_a-mprec.o)
                0x0000000000008bd6                __hi0bits
 .text.__lo0bits
                0x0000000000008c1c       0x6a e:/mounriver/mounriver_studio/toolchain/risc-v embedded gcc/bin/../lib/gcc/riscv-none-embed/8.2.0/../../../../riscv-none-embed/lib/rv32imacxw/ilp32\libg_nano.a(lib_a-mprec.o)
                0x0000000000008c1c                __lo0bits
 .text.__i2b    0x0000000000008c86       0x1c e:/mounriver/mounriver_studio/toolchain/risc-v embedded gcc/bin/../lib/gcc/riscv-none-embed/8.2.0/../../../../riscv-none-embed/lib/rv32imacxw/ilp32\libg_nano.a(lib_a-mprec.o)
                0x0000000000008c86                __i2b
 .text.__multiply
                0x0000000000008ca2      0x144 e:/mounriver/mounriver_studio/toolchain/risc-v embedded gcc/bin/../lib/gcc/riscv-none-embed/8.2.0/../../../../riscv-none-embed/lib/rv32imacxw/ilp32\libg_nano.a(lib_a-mprec.o)
                0x0000000000008ca2                __multiply
 .text.__pow5mult
                0x0000000000008de6       0xbe e:/mounriver/mounriver_studio/toolchain/risc-v embedded gcc/bin/../lib/gcc/riscv-none-embed/8.2.0/../../../../riscv-none-embed/lib/rv32imacxw/ilp32\libg_nano.a(lib_a-mprec.o)
                0x0000000000008de6                __pow5mult
 .text.__lshift
                0x0000000000008ea4       0xce e:/mounriver/mounriver_studio/toolchain/risc-v embedded gcc/bin/../lib/gcc/riscv-none-embed/8.2.0/../../../../riscv-none-embed/lib/rv32imacxw/ilp32\libg_nano.a(lib_a-mprec.o)
                0x0000000000008ea4                __lshift
 .text.__mcmp   0x0000000000008f72       0x32 e:/mounriver/mounriver_studio/toolchain/risc-v embedded gcc/bin/../lib/gcc/riscv-none-embed/8.2.0/../../../../riscv-none-embed/lib/rv32imacxw/ilp32\libg_nano.a(lib_a-mprec.o)
                0x0000000000008f72                __mcmp
 .text.__mdiff  0x0000000000008fa4       0xf2 e:/mounriver/mounriver_studio/toolchain/risc-v embedded gcc/bin/../lib/gcc/riscv-none-embed/8.2.0/../../../../riscv-none-embed/lib/rv32imacxw/ilp32\libg_nano.a(lib_a-mprec.o)
                0x0000000000008fa4                __mdiff
 .text.__d2b    0x0000000000009096       0xd4 e:/mounriver/mounriver_studio/toolchain/risc-v embedded gcc/bin/../lib/gcc/riscv-none-embed/8.2.0/../../../../riscv-none-embed/lib/rv32imacxw/ilp32\libg_nano.a(lib_a-mprec.o)
                0x0000000000009096                __d2b
 .text._calloc_r
                0x000000000000916a       0x26 e:/mounriver/mounriver_studio/toolchain/risc-v embedded gcc/bin/../lib/gcc/riscv-none-embed/8.2.0/../../../../riscv-none-embed/lib/rv32imacxw/ilp32\libg_nano.a(lib_a-nano-callocr.o)
                0x000000000000916a                _calloc_r
 .text._free_r  0x0000000000009190       0xa4 e:/mounriver/mounriver_studio/toolchain/risc-v embedded gcc/bin/../lib/gcc/riscv-none-embed/8.2.0/../../../../riscv-none-embed/lib/rv32imacxw/ilp32\libg_nano.a(lib_a-nano-freer.o)
                0x0000000000009190                _free_r
 .text._malloc_r
                0x0000000000009234       0xce e:/mounriver/mounriver_studio/toolchain/risc-v embedded gcc/bin/../lib/gcc/riscv-none-embed/8.2.0/../../../../riscv-none-embed/lib/rv32imacxw/ilp32\libg_nano.a(lib_a-nano-mallocr.o)
                0x0000000000009234                _malloc_r
 .text.__sfputc_r
                0x0000000000009302       0x28 e:/mounriver/mounriver_studio/toolchain/risc-v embedded gcc/bin/../lib/gcc/riscv-none-embed/8.2.0/../../../../riscv-none-embed/lib/rv32imacxw/ilp32\libg_nano.a(lib_a-nano-vfprintf.o)
 .text.__sfputs_r
                0x000000000000932a       0x42 e:/mounriver/mounriver_studio/toolchain/risc-v embedded gcc/bin/../lib/gcc/riscv-none-embed/8.2.0/../../../../riscv-none-embed/lib/rv32imacxw/ilp32\libg_nano.a(lib_a-nano-vfprintf.o)
                0x000000000000932a                __sfputs_r
 .text._vfprintf_r
                0x000000000000936c      0x28c e:/mounriver/mounriver_studio/toolchain/risc-v embedded gcc/bin/../lib/gcc/riscv-none-embed/8.2.0/../../../../riscv-none-embed/lib/rv32imacxw/ilp32\libg_nano.a(lib_a-nano-vfprintf.o)
                0x000000000000936c                _vfprintf_r
                0x000000000000936c                _vfiprintf_r
 .text._sbrk_r  0x00000000000095f8       0x32 e:/mounriver/mounriver_studio/toolchain/risc-v embedded gcc/bin/../lib/gcc/riscv-none-embed/8.2.0/../../../../riscv-none-embed/lib/rv32imacxw/ilp32\libg_nano.a(lib_a-sbrkr.o)
                0x00000000000095f8                _sbrk_r
 .text.__sread  0x000000000000962a       0x2c e:/mounriver/mounriver_studio/toolchain/risc-v embedded gcc/bin/../lib/gcc/riscv-none-embed/8.2.0/../../../../riscv-none-embed/lib/rv32imacxw/ilp32\libg_nano.a(lib_a-stdio.o)
                0x000000000000962a                __sread
 .text.__swrite
                0x0000000000009656       0x48 e:/mounriver/mounriver_studio/toolchain/risc-v embedded gcc/bin/../lib/gcc/riscv-none-embed/8.2.0/../../../../riscv-none-embed/lib/rv32imacxw/ilp32\libg_nano.a(lib_a-stdio.o)
                0x0000000000009656                __swrite
 .text.__sseek  0x000000000000969e       0x30 e:/mounriver/mounriver_studio/toolchain/risc-v embedded gcc/bin/../lib/gcc/riscv-none-embed/8.2.0/../../../../riscv-none-embed/lib/rv32imacxw/ilp32\libg_nano.a(lib_a-stdio.o)
                0x000000000000969e                __sseek
 .text.__sclose
                0x00000000000096ce        0x6 e:/mounriver/mounriver_studio/toolchain/risc-v embedded gcc/bin/../lib/gcc/riscv-none-embed/8.2.0/../../../../riscv-none-embed/lib/rv32imacxw/ilp32\libg_nano.a(lib_a-stdio.o)
                0x00000000000096ce                __sclose
 .text._write_r
                0x00000000000096d4       0x36 e:/mounriver/mounriver_studio/toolchain/risc-v embedded gcc/bin/../lib/gcc/riscv-none-embed/8.2.0/../../../../riscv-none-embed/lib/rv32imacxw/ilp32\libg_nano.a(lib_a-writer.o)
                0x00000000000096d4                _write_r
 .text._close_r
                0x000000000000970a       0x30 e:/mounriver/mounriver_studio/toolchain/risc-v embedded gcc/bin/../lib/gcc/riscv-none-embed/8.2.0/../../../../riscv-none-embed/lib/rv32imacxw/ilp32\libg_nano.a(lib_a-closer.o)
                0x000000000000970a                _close_r
 .text._fstat_r
                0x000000000000973a       0x32 e:/mounriver/mounriver_studio/toolchain/risc-v embedded gcc/bin/../lib/gcc/riscv-none-embed/8.2.0/../../../../riscv-none-embed/lib/rv32imacxw/ilp32\libg_nano.a(lib_a-fstatr.o)
                0x000000000000973a                _fstat_r
 .text._isatty_r
                0x000000000000976c       0x30 e:/mounriver/mounriver_studio/toolchain/risc-v embedded gcc/bin/../lib/gcc/riscv-none-embed/8.2.0/../../../../riscv-none-embed/lib/rv32imacxw/ilp32\libg_nano.a(lib_a-isattyr.o)
                0x000000000000976c                _isatty_r
 .text._lseek_r
                0x000000000000979c       0x34 e:/mounriver/mounriver_studio/toolchain/risc-v embedded gcc/bin/../lib/gcc/riscv-none-embed/8.2.0/../../../../riscv-none-embed/lib/rv32imacxw/ilp32\libg_nano.a(lib_a-lseekr.o)
                0x000000000000979c                _lseek_r
 .text.__ascii_mbtowc
                0x00000000000097d0       0x32 e:/mounriver/mounriver_studio/toolchain/risc-v embedded gcc/bin/../lib/gcc/riscv-none-embed/8.2.0/../../../../riscv-none-embed/lib/rv32imacxw/ilp32\libg_nano.a(lib_a-mbtowc_r.o)
                0x00000000000097d0                __ascii_mbtowc
 .text.__malloc_lock
                0x0000000000009802        0x2 e:/mounriver/mounriver_studio/toolchain/risc-v embedded gcc/bin/../lib/gcc/riscv-none-embed/8.2.0/../../../../riscv-none-embed/lib/rv32imacxw/ilp32\libg_nano.a(lib_a-mlock.o)
                0x0000000000009802                __malloc_lock
 .text.__malloc_unlock
                0x0000000000009804        0x2 e:/mounriver/mounriver_studio/toolchain/risc-v embedded gcc/bin/../lib/gcc/riscv-none-embed/8.2.0/../../../../riscv-none-embed/lib/rv32imacxw/ilp32\libg_nano.a(lib_a-mlock.o)
                0x0000000000009804                __malloc_unlock
 .text._read_r  0x0000000000009806       0x34 e:/mounriver/mounriver_studio/toolchain/risc-v embedded gcc/bin/../lib/gcc/riscv-none-embed/8.2.0/../../../../riscv-none-embed/lib/rv32imacxw/ilp32\libg_nano.a(lib_a-readr.o)
                0x0000000000009806                _read_r
 .text.__ascii_wctomb
                0x000000000000983a       0x1e e:/mounriver/mounriver_studio/toolchain/risc-v embedded gcc/bin/../lib/gcc/riscv-none-embed/8.2.0/../../../../riscv-none-embed/lib/rv32imacxw/ilp32\libg_nano.a(lib_a-wctomb_r.o)
                0x000000000000983a                __ascii_wctomb
 .text.__fixdfsi
                0x0000000000009858       0x68 e:/mounriver/mounriver_studio/toolchain/risc-v embedded gcc/bin/../lib/gcc/riscv-none-embed/8.2.0/rv32imacxw/ilp32\libgcc.a(fixdfsi.o)
                0x0000000000009858                __fixdfsi
 .text.__trunctfdf2
                0x00000000000098c0      0x21e e:/mounriver/mounriver_studio/toolchain/risc-v embedded gcc/bin/../lib/gcc/riscv-none-embed/8.2.0/rv32imacxw/ilp32\libgcc.a(trunctfdf2.o)
                0x00000000000098c0                __trunctfdf2
 .text._close   0x0000000000009ade       0x10 e:/mounriver/mounriver_studio/toolchain/risc-v embedded gcc/bin/../lib/gcc/riscv-none-embed/8.2.0/../../../../riscv-none-embed/lib/rv32imacxw/ilp32\libnosys.a(close.o)
                0x0000000000009ade                _close
 .text._fstat   0x0000000000009aee       0x10 e:/mounriver/mounriver_studio/toolchain/risc-v embedded gcc/bin/../lib/gcc/riscv-none-embed/8.2.0/../../../../riscv-none-embed/lib/rv32imacxw/ilp32\libnosys.a(fstat.o)
                0x0000000000009aee                _fstat
 .text._isatty  0x0000000000009afe       0x10 e:/mounriver/mounriver_studio/toolchain/risc-v embedded gcc/bin/../lib/gcc/riscv-none-embed/8.2.0/../../../../riscv-none-embed/lib/rv32imacxw/ilp32\libnosys.a(isatty.o)
                0x0000000000009afe                _isatty
 .text._lseek   0x0000000000009b0e       0x10 e:/mounriver/mounriver_studio/toolchain/risc-v embedded gcc/bin/../lib/gcc/riscv-none-embed/8.2.0/../../../../riscv-none-embed/lib/rv32imacxw/ilp32\libnosys.a(lseek.o)
                0x0000000000009b0e                _lseek
 .text._read    0x0000000000009b1e       0x10 e:/mounriver/mounriver_studio/toolchain/risc-v embedded gcc/bin/../lib/gcc/riscv-none-embed/8.2.0/../../../../riscv-none-embed/lib/rv32imacxw/ilp32\libnosys.a(read.o)
                0x0000000000009b1e                _read
 *(.rodata)
 *(.rodata*)
 *fill*         0x0000000000009b2e        0x2 
 .rodata.ExtractCILCParameters.cst4
                0x0000000000009b30       0x10 ./mlx9640/MLX90640_API.o
 .rodata.ExtractCPParameters.cst4
                0x0000000000009b40        0x4 ./mlx9640/MLX90640_API.o
 .rodata.ExtractKsTaParameters.cst4
                0x0000000000009b44        0x4 ./mlx9640/MLX90640_API.o
 .rodata.ExtractKtaPixelParameters.cst4
                0x0000000000009b48        0x8 ./mlx9640/MLX90640_API.o
 .rodata.ExtractPTATParameters.cst4
                0x0000000000009b50       0x18 ./mlx9640/MLX90640_API.o
 *fill*         0x0000000000009b68        0x0 
 .rodata.ExtractPTATParameters.cst8
                0x0000000000009b68       0x10 ./mlx9640/MLX90640_API.o
 .rodata.ExtractTgcParameters.cst4
                0x0000000000009b78        0xc ./mlx9640/MLX90640_API.o
 .rodata.MLX90640_GetTa.cst4
                0x0000000000009b84        0xc ./mlx9640/MLX90640_API.o
 .rodata.MLX90640_GetVdd.cst4
                0x0000000000009b90        0x8 ./mlx9640/MLX90640_API.o
 .rodata.MLX90640_GetVdd.cst8
                0x0000000000009b98        0x8 ./mlx9640/MLX90640_API.o
 .rodata.Disp_TempPic.cst4
                0x0000000000009ba0        0x4 ./User/Displaytemp.o
 .rodata.mlx90640_Getvalue.cst4
                0x0000000000009ba4        0x4 ./User/Displaytemp.o
 .rodata.mlx90640_Getvalue.str1.4
                0x0000000000009ba4       0x21 ./User/Displaytemp.o
 *fill*         0x0000000000009bc5        0x3 
 .rodata.mlx_90640_init.str1.4
                0x0000000000009bc8       0x7b ./User/Displaytemp.o
 *fill*         0x0000000000009c43        0x1 
 .rodata.HardFault_Handler.str1.4
                0x0000000000009c44       0x2e ./User/ch32v30x_it.o
 *fill*         0x0000000000009c72        0x2 
 .rodata.lcd_init.str1.4
                0x0000000000009c74        0xa ./User/lcd.o
 *fill*         0x0000000000009c7e        0x2 
 .rodata.main.str1.4
                0x0000000000009c80       0x38 ./User/main.o
 .rodata.pow.cst8
                0x0000000000009cb8       0x30 e:/mounriver/mounriver_studio/toolchain/risc-v embedded gcc/bin/../lib/gcc/riscv-none-embed/8.2.0/../../../../riscv-none-embed/lib/rv32imacxw/ilp32\libm.a(lib_a-w_pow.o)
 .rodata.pow.str1.4
                0x0000000000009ce8        0x4 e:/mounriver/mounriver_studio/toolchain/risc-v embedded gcc/bin/../lib/gcc/riscv-none-embed/8.2.0/../../../../riscv-none-embed/lib/rv32imacxw/ilp32\libm.a(lib_a-w_pow.o)
 .rodata.sqrt.str1.4
                0x0000000000009cec        0x5 e:/mounriver/mounriver_studio/toolchain/risc-v embedded gcc/bin/../lib/gcc/riscv-none-embed/8.2.0/../../../../riscv-none-embed/lib/rv32imacxw/ilp32\libm.a(lib_a-w_sqrt.o)
 *fill*         0x0000000000009cf1        0x7 
 .rodata.__ieee754_pow.cst8
                0x0000000000009cf8       0xf8 e:/mounriver/mounriver_studio/toolchain/risc-v embedded gcc/bin/../lib/gcc/riscv-none-embed/8.2.0/../../../../riscv-none-embed/lib/rv32imacxw/ilp32\libm.a(lib_a-e_pow.o)
                                        0x110 (size before relaxing)
 .rodata.__ieee754_pow.str1.4
                0x0000000000009df0        0x5 e:/mounriver/mounriver_studio/toolchain/risc-v embedded gcc/bin/../lib/gcc/riscv-none-embed/8.2.0/../../../../riscv-none-embed/lib/rv32imacxw/ilp32\libm.a(lib_a-e_pow.o)
                                          0x1 (size before relaxing)
 .rodata.nan.cst8
                0x0000000000009df0        0x8 e:/mounriver/mounriver_studio/toolchain/risc-v embedded gcc/bin/../lib/gcc/riscv-none-embed/8.2.0/../../../../riscv-none-embed/lib/rv32imacxw/ilp32\libm.a(lib_a-s_nan.o)
 .rodata.TWO52  0x0000000000009df8       0x10 e:/mounriver/mounriver_studio/toolchain/risc-v embedded gcc/bin/../lib/gcc/riscv-none-embed/8.2.0/../../../../riscv-none-embed/lib/rv32imacxw/ilp32\libm.a(lib_a-s_rint.o)
 .rodata.scalbn.cst8
                0x0000000000009e08       0x10 e:/mounriver/mounriver_studio/toolchain/risc-v embedded gcc/bin/../lib/gcc/riscv-none-embed/8.2.0/../../../../riscv-none-embed/lib/rv32imacxw/ilp32\libm.a(lib_a-s_scalbn.o)
                                         0x20 (size before relaxing)
 .rodata.__divdf3
                0x0000000000009e18       0x40 e:/mounriver/mounriver_studio/toolchain/risc-v embedded gcc/bin/../lib/gcc/riscv-none-embed/8.2.0/rv32imacxw/ilp32\libgcc.a(divdf3.o)
 .rodata.__muldf3
                0x0000000000009e58       0x40 e:/mounriver/mounriver_studio/toolchain/risc-v embedded gcc/bin/../lib/gcc/riscv-none-embed/8.2.0/rv32imacxw/ilp32\libgcc.a(muldf3.o)
 .rodata.__divsf3
                0x0000000000009e98       0x80 e:/mounriver/mounriver_studio/toolchain/risc-v embedded gcc/bin/../lib/gcc/riscv-none-embed/8.2.0/rv32imacxw/ilp32\libgcc.a(divsf3.o)
 .rodata.__mulsf3
                0x0000000000009f18       0x40 e:/mounriver/mounriver_studio/toolchain/risc-v embedded gcc/bin/../lib/gcc/riscv-none-embed/8.2.0/rv32imacxw/ilp32\libgcc.a(mulsf3.o)
 .rodata.__clz_tab
                0x0000000000009f58      0x100 e:/mounriver/mounriver_studio/toolchain/risc-v embedded gcc/bin/../lib/gcc/riscv-none-embed/8.2.0/rv32imacxw/ilp32\libgcc.a(_clz.o)
                0x0000000000009f58                __clz_tab
 .rodata._printf_float.cst8
                0x000000000000a058        0x8 e:/mounriver/mounriver_studio/toolchain/risc-v embedded gcc/bin/../lib/gcc/riscv-none-embed/8.2.0/../../../../riscv-none-embed/lib/rv32imacxw/ilp32\libg_nano.a(lib_a-nano-vfprintf_float.o)
 .rodata._printf_float.str1.4
                0x000000000000a060       0x12 e:/mounriver/mounriver_studio/toolchain/risc-v embedded gcc/bin/../lib/gcc/riscv-none-embed/8.2.0/../../../../riscv-none-embed/lib/rv32imacxw/ilp32\libg_nano.a(lib_a-nano-vfprintf_float.o)
 *fill*         0x000000000000a072        0x2 
 .rodata._printf_i.str1.4
                0x000000000000a074       0x25 e:/mounriver/mounriver_studio/toolchain/risc-v embedded gcc/bin/../lib/gcc/riscv-none-embed/8.2.0/../../../../riscv-none-embed/lib/rv32imacxw/ilp32\libg_nano.a(lib_a-nano-vfprintf_i.o)
 *fill*         0x000000000000a099        0x7 
 .rodata._dtoa_r.cst8
                0x000000000000a0a0       0x30 e:/mounriver/mounriver_studio/toolchain/risc-v embedded gcc/bin/../lib/gcc/riscv-none-embed/8.2.0/../../../../riscv-none-embed/lib/rv32imacxw/ilp32\libg_nano.a(lib_a-dtoa.o)
                                         0x48 (size before relaxing)
 .rodata._dtoa_r.str1.4
                0x000000000000a0d0       0x10 e:/mounriver/mounriver_studio/toolchain/risc-v embedded gcc/bin/../lib/gcc/riscv-none-embed/8.2.0/../../../../riscv-none-embed/lib/rv32imacxw/ilp32\libg_nano.a(lib_a-dtoa.o)
                                         0x12 (size before relaxing)
 .rodata.__sf_fake_stderr
                0x000000000000a0e0       0x20 e:/mounriver/mounriver_studio/toolchain/risc-v embedded gcc/bin/../lib/gcc/riscv-none-embed/8.2.0/../../../../riscv-none-embed/lib/rv32imacxw/ilp32\libg_nano.a(lib_a-findfp.o)
                0x000000000000a0e0                __sf_fake_stderr
 .rodata.__sf_fake_stdin
                0x000000000000a100       0x20 e:/mounriver/mounriver_studio/toolchain/risc-v embedded gcc/bin/../lib/gcc/riscv-none-embed/8.2.0/../../../../riscv-none-embed/lib/rv32imacxw/ilp32\libg_nano.a(lib_a-findfp.o)
                0x000000000000a100                __sf_fake_stdin
 .rodata.__sf_fake_stdout
                0x000000000000a120       0x20 e:/mounriver/mounriver_studio/toolchain/risc-v embedded gcc/bin/../lib/gcc/riscv-none-embed/8.2.0/../../../../riscv-none-embed/lib/rv32imacxw/ilp32\libg_nano.a(lib_a-findfp.o)
                0x000000000000a120                __sf_fake_stdout
 .rodata.__mprec_bigtens
                0x000000000000a140       0x28 e:/mounriver/mounriver_studio/toolchain/risc-v embedded gcc/bin/../lib/gcc/riscv-none-embed/8.2.0/../../../../riscv-none-embed/lib/rv32imacxw/ilp32\libg_nano.a(lib_a-mprec.o)
                0x000000000000a140                __mprec_bigtens
 .rodata.__mprec_tens
                0x000000000000a168       0xc8 e:/mounriver/mounriver_studio/toolchain/risc-v embedded gcc/bin/../lib/gcc/riscv-none-embed/8.2.0/../../../../riscv-none-embed/lib/rv32imacxw/ilp32\libg_nano.a(lib_a-mprec.o)
                0x000000000000a168                __mprec_tens
 .rodata.p05.3319
                0x000000000000a230        0xc e:/mounriver/mounriver_studio/toolchain/risc-v embedded gcc/bin/../lib/gcc/riscv-none-embed/8.2.0/../../../../riscv-none-embed/lib/rv32imacxw/ilp32\libg_nano.a(lib_a-mprec.o)
 .rodata._vfprintf_r.str1.4
                0x000000000000a23c       0x13 e:/mounriver/mounriver_studio/toolchain/risc-v embedded gcc/bin/../lib/gcc/riscv-none-embed/8.2.0/../../../../riscv-none-embed/lib/rv32imacxw/ilp32\libg_nano.a(lib_a-nano-vfprintf.o)
 *fill*         0x000000000000a24f        0x1 
 .rodata._setlocale_r.str1.4
                0x000000000000a250        0xa e:/mounriver/mounriver_studio/toolchain/risc-v embedded gcc/bin/../lib/gcc/riscv-none-embed/8.2.0/../../../../riscv-none-embed/lib/rv32imacxw/ilp32\libg_nano.a(lib_a-locale.o)
                                          0xd (size before relaxing)
 *fill*         0x000000000000a25a        0x2 
 .rodata.str1.4
                0x000000000000a25c        0x4 e:/mounriver/mounriver_studio/toolchain/risc-v embedded gcc/bin/../lib/gcc/riscv-none-embed/8.2.0/../../../../riscv-none-embed/lib/rv32imacxw/ilp32\libg_nano.a(lib_a-locale.o)
                                          0x2 (size before relaxing)
 .rodata._ctype_
                0x000000000000a260      0x101 e:/mounriver/mounriver_studio/toolchain/risc-v embedded gcc/bin/../lib/gcc/riscv-none-embed/8.2.0/../../../../riscv-none-embed/lib/rv32imacxw/ilp32\libg_nano.a(lib_a-ctype_.o)
                0x000000000000a260                _ctype_
 *(.gnu.linkonce.t.*)
                0x000000000000a364                . = ALIGN (0x4)
 *fill*         0x000000000000a361        0x3 

RAMCODE         0x000000000000a364      0x54a
 RAMCODE        0x000000000000a364      0x54a ./mlx9640/MLX90640_API.o
                0x000000000000a364                MLX90640_CalculateTo

.rela.dyn       0x000000000000a8b0        0x0
 .rela.init     0x000000000000a8b0        0x0 ./mlx9640/MLX90640_API.o
 .rela.vector   0x000000000000a8b0        0x0 ./mlx9640/MLX90640_API.o
 .rela.text.handle_reset
                0x000000000000a8b0        0x0 ./mlx9640/MLX90640_API.o
 .rela.text._sbrk
                0x000000000000a8b0        0x0 ./mlx9640/MLX90640_API.o
 .rela.sdata.curbrk.5264
                0x000000000000a8b0        0x0 ./mlx9640/MLX90640_API.o
 .rela.text._vfprintf_r
                0x000000000000a8b0        0x0 ./mlx9640/MLX90640_API.o
 .rela.text._sbrk_r
                0x000000000000a8b0        0x0 ./mlx9640/MLX90640_API.o
 .rela.text._write_r
                0x000000000000a8b0        0x0 ./mlx9640/MLX90640_API.o
 .rela.text._close_r
                0x000000000000a8b0        0x0 ./mlx9640/MLX90640_API.o
 .rela.text._fstat_r
                0x000000000000a8b0        0x0 ./mlx9640/MLX90640_API.o
 .rela.text._isatty_r
                0x000000000000a8b0        0x0 ./mlx9640/MLX90640_API.o
 .rela.text._lseek_r
                0x000000000000a8b0        0x0 ./mlx9640/MLX90640_API.o
 .rela.text._read_r
                0x000000000000a8b0        0x0 ./mlx9640/MLX90640_API.o
 .rela.text._close
                0x000000000000a8b0        0x0 ./mlx9640/MLX90640_API.o
 .rela.text._fstat
                0x000000000000a8b0        0x0 ./mlx9640/MLX90640_API.o
 .rela.text._isatty
                0x000000000000a8b0        0x0 ./mlx9640/MLX90640_API.o
 .rela.text._lseek
                0x000000000000a8b0        0x0 ./mlx9640/MLX90640_API.o
 .rela.text._read
                0x000000000000a8b0        0x0 ./mlx9640/MLX90640_API.o

.fini           0x000000000000a8ae        0x2
 *(SORT_NONE(.fini))
                0x000000000000a8b0                . = ALIGN (0x4)
 *fill*         0x000000000000a8ae        0x2 
                [!provide]                        PROVIDE (_etext = .)
                [!provide]                        PROVIDE (_eitcm = .)

.preinit_array  0x000000000000a8b0        0x0
                [!provide]                        PROVIDE (__preinit_array_start = .)
 *(.preinit_array)
                [!provide]                        PROVIDE (__preinit_array_end = .)

.init_array     0x000000000000a8b0        0x0
                [!provide]                        PROVIDE (__init_array_start = .)
 *(SORT_BY_INIT_PRIORITY(.init_array.*) SORT_BY_INIT_PRIORITY(.ctors.*))
 *(.init_array EXCLUDE_FILE(*crtend?.o *crtend.o *crtbegin?.o *crtbegin.o) .ctors)
                [!provide]                        PROVIDE (__init_array_end = .)

.fini_array     0x000000000000a8b0        0x0
                [!provide]                        PROVIDE (__fini_array_start = .)
 *(SORT_BY_INIT_PRIORITY(.fini_array.*) SORT_BY_INIT_PRIORITY(.dtors.*))
 *(.fini_array EXCLUDE_FILE(*crtend?.o *crtend.o *crtbegin?.o *crtbegin.o) .dtors)
                [!provide]                        PROVIDE (__fini_array_end = .)

.ctors
 *crtbegin.o(.ctors)
 *crtbegin?.o(.ctors)
 *(EXCLUDE_FILE(*crtend?.o *crtend.o) .ctors)
 *(SORT_BY_NAME(.ctors.*))
 *(.ctors)

.dtors
 *crtbegin.o(.dtors)
 *crtbegin?.o(.dtors)
 *(EXCLUDE_FILE(*crtend?.o *crtend.o) .dtors)
 *(SORT_BY_NAME(.dtors.*))
 *(.dtors)

.dalign         0x0000000020000000        0x0 load address 0x000000000000a8b0
                0x0000000020000000                . = ALIGN (0x4)
                0x0000000020000000                PROVIDE (_data_vma = .)

.dlalign        0x000000000000a8b0        0x0
                0x000000000000a8b0                . = ALIGN (0x4)
                0x000000000000a8b0                PROVIDE (_data_lma = .)

.data           0x0000000020000000      0x430 load address 0x000000000000a8b0
 *(.gnu.linkonce.r.*)
 *(.data .data.*)
 .data.camColors
                0x0000000020000000      0x200 ./User/Displaytemp.o
                0x0000000020000000                camColors
 .data.AHBPrescTable
                0x0000000020000200       0x10 ./User/system_ch32v30x.o
                0x0000000020000200                AHBPrescTable
 .data.APBAHBPrescTable
                0x0000000020000210       0x10 ./Peripheral/src/ch32v30x_rcc.o
 .data.impure_data
                0x0000000020000220       0x60 e:/mounriver/mounriver_studio/toolchain/risc-v embedded gcc/bin/../lib/gcc/riscv-none-embed/8.2.0/../../../../riscv-none-embed/lib/rv32imacxw/ilp32\libg_nano.a(lib_a-impure.o)
 .data.__global_locale
                0x0000000020000280      0x16c e:/mounriver/mounriver_studio/toolchain/risc-v embedded gcc/bin/../lib/gcc/riscv-none-embed/8.2.0/../../../../riscv-none-embed/lib/rv32imacxw/ilp32\libg_nano.a(lib_a-locale.o)
                0x0000000020000280                __global_locale
 *(.gnu.linkonce.d.*)
                0x00000000200003f0                . = ALIGN (0x8)
 *fill*         0x00000000200003ec        0x4 
                0x0000000020000bf0                PROVIDE (__global_pointer$ = (. + 0x800))
 *(.sdata .sdata.*)
 .sdata.emissivity
                0x00000000200003f0        0x4 ./User/Displaytemp.o
                0x00000000200003f0                emissivity
 .sdata.freqCnt
                0x00000000200003f4        0x4 ./User/iic.o
 .sdata.SystemCoreClock
                0x00000000200003f8        0x4 ./User/system_ch32v30x.o
                0x00000000200003f8                SystemCoreClock
 .sdata.ADCPrescTable
                0x00000000200003fc        0x4 ./Peripheral/src/ch32v30x_rcc.o
 .sdata.curbrk.5264
                0x0000000020000400        0x4 ./Debug/debug.o
 .sdata.__fdlib_version
                0x0000000020000404        0x4 e:/mounriver/mounriver_studio/toolchain/risc-v embedded gcc/bin/../lib/gcc/riscv-none-embed/8.2.0/../../../../riscv-none-embed/lib/rv32imacxw/ilp32\libm.a(lib_a-s_lib_ver.o)
                0x0000000020000404                __fdlib_version
 .sdata._impure_ptr
                0x0000000020000408        0x4 e:/mounriver/mounriver_studio/toolchain/risc-v embedded gcc/bin/../lib/gcc/riscv-none-embed/8.2.0/../../../../riscv-none-embed/lib/rv32imacxw/ilp32\libg_nano.a(lib_a-impure.o)
                0x0000000020000408                _impure_ptr
 *(.sdata2.*)
 .sdata2._global_impure_ptr
                0x000000002000040c        0x4 e:/mounriver/mounriver_studio/toolchain/risc-v embedded gcc/bin/../lib/gcc/riscv-none-embed/8.2.0/../../../../riscv-none-embed/lib/rv32imacxw/ilp32\libg_nano.a(lib_a-impure.o)
                0x000000002000040c                _global_impure_ptr
 *(.gnu.linkonce.s.*)
                0x0000000020000410                . = ALIGN (0x8)
 *(.srodata.cst16)
 *(.srodata.cst8)
 .srodata.cst8  0x0000000020000410       0x18 ./mlx9640/MLX90640_API.o
 *(.srodata.cst4)
 .srodata.cst4  0x0000000020000428        0x8 ./mlx9640/MLX90640_API.o
 *(.srodata.cst2)
 *(.srodata .srodata.*)
                0x0000000020000430                . = ALIGN (0x4)
                0x0000000020000430                PROVIDE (_edata = .)

.bss            0x0000000020000430     0x9490 load address 0x000000000000ace0
                0x0000000020000430                . = ALIGN (0x4)
                0x0000000020000430                PROVIDE (_sbss = .)
 *(.sbss*)
 .sbss.T_a      0x0000000020000430        0x4 ./User/Displaytemp.o
                0x0000000020000430                T_a
 .sbss.dataCheck.5284
                0x0000000020000434        0x2 ./User/iic.o
 *fill*         0x0000000020000436        0x2 
 .sbss.NVIC_Priority_Group
                0x0000000020000438        0x4 ./Peripheral/src/ch32v30x_misc.o
                0x0000000020000438                NVIC_Priority_Group
 .sbss.p_ms     0x000000002000043c        0x2 ./Debug/debug.o
 .sbss.p_us     0x000000002000043e        0x1 ./Debug/debug.o
 *fill*         0x000000002000043f        0x1 
 .sbss.__malloc_free_list
                0x0000000020000440        0x4 e:/mounriver/mounriver_studio/toolchain/risc-v embedded gcc/bin/../lib/gcc/riscv-none-embed/8.2.0/../../../../riscv-none-embed/lib/rv32imacxw/ilp32\libg_nano.a(lib_a-nano-mallocr.o)
                0x0000000020000440                __malloc_free_list
 .sbss.__malloc_sbrk_start
                0x0000000020000444        0x4 e:/mounriver/mounriver_studio/toolchain/risc-v embedded gcc/bin/../lib/gcc/riscv-none-embed/8.2.0/../../../../riscv-none-embed/lib/rv32imacxw/ilp32\libg_nano.a(lib_a-nano-mallocr.o)
                0x0000000020000444                __malloc_sbrk_start
 *(.gnu.linkonce.sb.*)
 *(.bss*)
 .bss.EE        0x0000000020000448      0x680 ./User/Displaytemp.o
                0x0000000020000448                EE
 .bss.To16_mlx90640
                0x0000000020000ac8      0x600 ./User/Displaytemp.o
                0x0000000020000ac8                To16_mlx90640
 .bss.imagebuf  0x00000000200010c8     0x4b00 ./User/Displaytemp.o
                0x00000000200010c8                imagebuf
 .bss.mlx90640_To
                0x0000000020005bc8      0xc00 ./User/Displaytemp.o
                0x0000000020005bc8                mlx90640_To
 .bss.mlx90640_frame
                0x00000000200067c8      0x684 ./User/Displaytemp.o
                0x00000000200067c8                mlx90640_frame
 .bss.mlx_90640
                0x0000000020006e4c     0x2a70 ./User/Displaytemp.o
                0x0000000020006e4c                mlx_90640
 *(.gnu.linkonce.b.*)
 *(COMMON*)
 COMMON         0x00000000200098bc        0x4 e:/mounriver/mounriver_studio/toolchain/risc-v embedded gcc/bin/../lib/gcc/riscv-none-embed/8.2.0/../../../../riscv-none-embed/lib/rv32imacxw/ilp32\libg_nano.a(lib_a-reent.o)
                0x00000000200098bc                errno
                0x00000000200098c0                . = ALIGN (0x4)
                0x00000000200098c0                PROVIDE (_ebss = .)
                0x00000000200098c0                PROVIDE (_end = _ebss)
                [!provide]                        PROVIDE (end = .)

.stack          0x000000002001f800      0x800
                0x000000002001f800                PROVIDE (_heap_end = .)
                0x000000002001f800                . = ALIGN (0x4)
                [!provide]                        PROVIDE (_susrstack = .)
                0x0000000020020000                . = (. + __stack_size)
 *fill*         0x000000002001f800      0x800 
                0x0000000020020000                PROVIDE (_eusrstack = .)
OUTPUT(»»≥…œÒ.elf elf32-littleriscv)

.debug_info     0x0000000000000000    0x13aef
 .debug_info    0x0000000000000000     0x2450 ./mlx9640/MLX90640_API.o
 .debug_info    0x0000000000002450     0x10b9 ./User/Displaytemp.o
 .debug_info    0x0000000000003509      0x9f6 ./User/ch32v30x_it.o
 .debug_info    0x0000000000003eff     0x15fe ./User/iic.o
 .debug_info    0x00000000000054fd     0x2aef ./User/lcd.o
 .debug_info    0x0000000000007fec      0xdcc ./User/main.o
 .debug_info    0x0000000000008db8      0xb99 ./User/system_ch32v30x.o
 .debug_info    0x0000000000009951       0x22 ./Startup/startup_ch32v30x_D8C.o
 .debug_info    0x0000000000009973      0xa94 ./Peripheral/src/ch32v30x_dbgmcu.o
 .debug_info    0x000000000000a407      0xf08 ./Peripheral/src/ch32v30x_fsmc.o
 .debug_info    0x000000000000b30f     0x11b0 ./Peripheral/src/ch32v30x_gpio.o
 .debug_info    0x000000000000c4bf      0xf60 ./Peripheral/src/ch32v30x_misc.o
 .debug_info    0x000000000000d41f     0x156e ./Peripheral/src/ch32v30x_rcc.o
 .debug_info    0x000000000000e98d     0x2a16 ./Peripheral/src/ch32v30x_tim.o
 .debug_info    0x00000000000113a3     0x13b1 ./Peripheral/src/ch32v30x_usart.o
 .debug_info    0x0000000000012754      0xf2e ./Debug/debug.o
 .debug_info    0x0000000000013682      0x46d ./Core/core_riscv.o

.debug_abbrev   0x0000000000000000     0x3169
 .debug_abbrev  0x0000000000000000      0x4b2 ./mlx9640/MLX90640_API.o
 .debug_abbrev  0x00000000000004b2      0x2f7 ./User/Displaytemp.o
 .debug_abbrev  0x00000000000007a9      0x240 ./User/ch32v30x_it.o
 .debug_abbrev  0x00000000000009e9      0x353 ./User/iic.o
 .debug_abbrev  0x0000000000000d3c      0x490 ./User/lcd.o
 .debug_abbrev  0x00000000000011cc      0x291 ./User/main.o
 .debug_abbrev  0x000000000000145d      0x2c0 ./User/system_ch32v30x.o
 .debug_abbrev  0x000000000000171d       0x12 ./Startup/startup_ch32v30x_D8C.o
 .debug_abbrev  0x000000000000172f      0x2f7 ./Peripheral/src/ch32v30x_dbgmcu.o
 .debug_abbrev  0x0000000000001a26      0x2d9 ./Peripheral/src/ch32v30x_fsmc.o
 .debug_abbrev  0x0000000000001cff      0x31a ./Peripheral/src/ch32v30x_gpio.o
 .debug_abbrev  0x0000000000002019      0x2e3 ./Peripheral/src/ch32v30x_misc.o
 .debug_abbrev  0x00000000000022fc      0x351 ./Peripheral/src/ch32v30x_rcc.o
 .debug_abbrev  0x000000000000264d      0x408 ./Peripheral/src/ch32v30x_tim.o
 .debug_abbrev  0x0000000000002a55      0x312 ./Peripheral/src/ch32v30x_usart.o
 .debug_abbrev  0x0000000000002d67      0x2f5 ./Debug/debug.o
 .debug_abbrev  0x000000000000305c      0x10d ./Core/core_riscv.o

.debug_loc      0x0000000000000000     0x7f68
 .debug_loc     0x0000000000000000     0x288a ./mlx9640/MLX90640_API.o
 .debug_loc     0x000000000000288a      0x37b ./User/Displaytemp.o
 .debug_loc     0x0000000000002c05      0x483 ./User/iic.o
 .debug_loc     0x0000000000003088     0x160d ./User/lcd.o
 .debug_loc     0x0000000000004695      0x163 ./User/system_ch32v30x.o
 .debug_loc     0x00000000000047f8       0x7c ./Peripheral/src/ch32v30x_dbgmcu.o
 .debug_loc     0x0000000000004874      0x2ae ./Peripheral/src/ch32v30x_fsmc.o
 .debug_loc     0x0000000000004b22      0x6d6 ./Peripheral/src/ch32v30x_gpio.o
 .debug_loc     0x00000000000051f8       0x47 ./Peripheral/src/ch32v30x_misc.o
 .debug_loc     0x000000000000523f      0xadb ./Peripheral/src/ch32v30x_rcc.o
 .debug_loc     0x0000000000005d1a     0x195e ./Peripheral/src/ch32v30x_tim.o
 .debug_loc     0x0000000000007678      0x779 ./Peripheral/src/ch32v30x_usart.o
 .debug_loc     0x0000000000007df1      0x177 ./Debug/debug.o

.debug_aranges  0x0000000000000000      0xb98
 .debug_aranges
                0x0000000000000000      0x128 ./mlx9640/MLX90640_API.o
 .debug_aranges
                0x0000000000000128       0x30 ./User/Displaytemp.o
 .debug_aranges
                0x0000000000000158       0x28 ./User/ch32v30x_it.o
 .debug_aranges
                0x0000000000000180       0x80 ./User/iic.o
 .debug_aranges
                0x0000000000000200       0xf8 ./User/lcd.o
 .debug_aranges
                0x00000000000002f8       0x20 ./User/main.o
 .debug_aranges
                0x0000000000000318       0x28 ./User/system_ch32v30x.o
 .debug_aranges
                0x0000000000000340       0x30 ./Startup/startup_ch32v30x_D8C.o
 .debug_aranges
                0x0000000000000370       0x48 ./Peripheral/src/ch32v30x_dbgmcu.o
 .debug_aranges
                0x00000000000003b8       0x70 ./Peripheral/src/ch32v30x_fsmc.o
 .debug_aranges
                0x0000000000000428       0xb0 ./Peripheral/src/ch32v30x_gpio.o
 .debug_aranges
                0x00000000000004d8       0x28 ./Peripheral/src/ch32v30x_misc.o
 .debug_aranges
                0x0000000000000500      0x1a8 ./Peripheral/src/ch32v30x_rcc.o
 .debug_aranges
                0x00000000000006a8      0x2d0 ./Peripheral/src/ch32v30x_tim.o
 .debug_aranges
                0x0000000000000978       0xf0 ./Peripheral/src/ch32v30x_usart.o
 .debug_aranges
                0x0000000000000a68       0x50 ./Debug/debug.o
 .debug_aranges
                0x0000000000000ab8       0xe0 ./Core/core_riscv.o

.debug_ranges   0x0000000000000000      0xed0
 .debug_ranges  0x0000000000000000      0x378 ./mlx9640/MLX90640_API.o
 .debug_ranges  0x0000000000000378       0x70 ./User/Displaytemp.o
 .debug_ranges  0x00000000000003e8       0x18 ./User/ch32v30x_it.o
 .debug_ranges  0x0000000000000400      0x100 ./User/iic.o
 .debug_ranges  0x0000000000000500      0x150 ./User/lcd.o
 .debug_ranges  0x0000000000000650       0x10 ./User/main.o
 .debug_ranges  0x0000000000000660       0x38 ./User/system_ch32v30x.o
 .debug_ranges  0x0000000000000698       0x28 ./Startup/startup_ch32v30x_D8C.o
 .debug_ranges  0x00000000000006c0       0x50 ./Peripheral/src/ch32v30x_dbgmcu.o
 .debug_ranges  0x0000000000000710       0x60 ./Peripheral/src/ch32v30x_fsmc.o
 .debug_ranges  0x0000000000000770       0xa0 ./Peripheral/src/ch32v30x_gpio.o
 .debug_ranges  0x0000000000000810       0x48 ./Peripheral/src/ch32v30x_misc.o
 .debug_ranges  0x0000000000000858      0x198 ./Peripheral/src/ch32v30x_rcc.o
 .debug_ranges  0x00000000000009f0      0x2f0 ./Peripheral/src/ch32v30x_tim.o
 .debug_ranges  0x0000000000000ce0       0xe0 ./Peripheral/src/ch32v30x_usart.o
 .debug_ranges  0x0000000000000dc0       0x40 ./Debug/debug.o
 .debug_ranges  0x0000000000000e00       0xd0 ./Core/core_riscv.o

.debug_line     0x0000000000000000    0x111a4
 .debug_line    0x0000000000000000     0x40b7 ./mlx9640/MLX90640_API.o
 .debug_line    0x00000000000040b7      0x825 ./User/Displaytemp.o
 .debug_line    0x00000000000048dc      0x2ca ./User/ch32v30x_it.o
 .debug_line    0x0000000000004ba6      0xc78 ./User/iic.o
 .debug_line    0x000000000000581e     0x22a1 ./User/lcd.o
 .debug_line    0x0000000000007abf      0x406 ./User/main.o
 .debug_line    0x0000000000007ec5      0x8a7 ./User/system_ch32v30x.o
 .debug_line    0x000000000000876c      0x122 ./Startup/startup_ch32v30x_D8C.o
 .debug_line    0x000000000000888e      0x34f ./Peripheral/src/ch32v30x_dbgmcu.o
 .debug_line    0x0000000000008bdd      0xbcf ./Peripheral/src/ch32v30x_fsmc.o
 .debug_line    0x00000000000097ac      0xf97 ./Peripheral/src/ch32v30x_gpio.o
 .debug_line    0x000000000000a743      0x387 ./Peripheral/src/ch32v30x_misc.o
 .debug_line    0x000000000000aaca     0x1942 ./Peripheral/src/ch32v30x_rcc.o
 .debug_line    0x000000000000c40c     0x32af ./Peripheral/src/ch32v30x_tim.o
 .debug_line    0x000000000000f6bb      0xeaf ./Peripheral/src/ch32v30x_usart.o
 .debug_line    0x000000000001056a      0x6f8 ./Debug/debug.o
 .debug_line    0x0000000000010c62      0x542 ./Core/core_riscv.o

.debug_str      0x0000000000000000     0x3a20
 .debug_str     0x0000000000000000      0xc04 ./mlx9640/MLX90640_API.o
                                        0xcbd (size before relaxing)
 .debug_str     0x0000000000000c04       0xda ./User/Displaytemp.o
                                        0x872 (size before relaxing)
 .debug_str     0x0000000000000cde       0x58 ./User/ch32v30x_it.o
                                        0x5c6 (size before relaxing)
 .debug_str     0x0000000000000d36      0x2c6 ./User/iic.o
                                        0x891 (size before relaxing)
 .debug_str     0x0000000000000ffc      0x7f8 ./User/lcd.o
                                        0xf77 (size before relaxing)
 .debug_str     0x00000000000017f4       0x9f ./User/main.o
                                        0x7d1 (size before relaxing)
 .debug_str     0x0000000000001893       0xff ./User/system_ch32v30x.o
                                        0x6bb (size before relaxing)
 .debug_str     0x0000000000001992       0x2e ./Startup/startup_ch32v30x_D8C.o
                                         0x4f (size before relaxing)
 .debug_str     0x00000000000019c0       0x97 ./Peripheral/src/ch32v30x_dbgmcu.o
                                        0x62b (size before relaxing)
 .debug_str     0x0000000000001a57      0x283 ./Peripheral/src/ch32v30x_fsmc.o
                                        0xa45 (size before relaxing)
 .debug_str     0x0000000000001cda      0x224 ./Peripheral/src/ch32v30x_gpio.o
                                        0x995 (size before relaxing)
 .debug_str     0x0000000000001efe      0x693 ./Peripheral/src/ch32v30x_misc.o
                                        0xc9e (size before relaxing)
 .debug_str     0x0000000000002591      0x5ac ./Peripheral/src/ch32v30x_rcc.o
                                        0xcaf (size before relaxing)
 .debug_str     0x0000000000002b3d      0x945 ./Peripheral/src/ch32v30x_tim.o
                                       0x1260 (size before relaxing)
 .debug_str     0x0000000000003482      0x3ef ./Peripheral/src/ch32v30x_usart.o
                                        0xacf (size before relaxing)
 .debug_str     0x0000000000003871       0x88 ./Debug/debug.o
                                        0x8f6 (size before relaxing)
 .debug_str     0x00000000000038f9      0x127 ./Core/core_riscv.o
                                        0x2c5 (size before relaxing)

.comment        0x0000000000000000       0x33
 .comment       0x0000000000000000       0x33 ./mlx9640/MLX90640_API.o
                                         0x34 (size before relaxing)
 .comment       0x0000000000000033       0x34 ./User/Displaytemp.o
 .comment       0x0000000000000033       0x34 ./User/ch32v30x_it.o
 .comment       0x0000000000000033       0x34 ./User/iic.o
 .comment       0x0000000000000033       0x34 ./User/lcd.o
 .comment       0x0000000000000033       0x34 ./User/main.o
 .comment       0x0000000000000033       0x34 ./User/system_ch32v30x.o
 .comment       0x0000000000000033       0x34 ./Peripheral/src/ch32v30x_dbgmcu.o
 .comment       0x0000000000000033       0x34 ./Peripheral/src/ch32v30x_fsmc.o
 .comment       0x0000000000000033       0x34 ./Peripheral/src/ch32v30x_gpio.o
 .comment       0x0000000000000033       0x34 ./Peripheral/src/ch32v30x_misc.o
 .comment       0x0000000000000033       0x34 ./Peripheral/src/ch32v30x_rcc.o
 .comment       0x0000000000000033       0x34 ./Peripheral/src/ch32v30x_tim.o
 .comment       0x0000000000000033       0x34 ./Peripheral/src/ch32v30x_usart.o
 .comment       0x0000000000000033       0x34 ./Debug/debug.o
 .comment       0x0000000000000033       0x34 ./Core/core_riscv.o

.debug_frame    0x0000000000000000     0x341c
 .debug_frame   0x0000000000000000      0x5a0 ./mlx9640/MLX90640_API.o
 .debug_frame   0x00000000000005a0       0xc4 ./User/Displaytemp.o
 .debug_frame   0x0000000000000664       0x30 ./User/ch32v30x_it.o
 .debug_frame   0x0000000000000694      0x204 ./User/iic.o
 .debug_frame   0x0000000000000898      0x3f4 ./User/lcd.o
 .debug_frame   0x0000000000000c8c       0x28 ./User/main.o
 .debug_frame   0x0000000000000cb4       0x3c ./User/system_ch32v30x.o
 .debug_frame   0x0000000000000cf0       0x70 ./Peripheral/src/ch32v30x_dbgmcu.o
 .debug_frame   0x0000000000000d60       0xc0 ./Peripheral/src/ch32v30x_fsmc.o
 .debug_frame   0x0000000000000e20      0x174 ./Peripheral/src/ch32v30x_gpio.o
 .debug_frame   0x0000000000000f94       0x30 ./Peripheral/src/ch32v30x_misc.o
 .debug_frame   0x0000000000000fc4      0x344 ./Peripheral/src/ch32v30x_rcc.o
 .debug_frame   0x0000000000001308      0x614 ./Peripheral/src/ch32v30x_tim.o
 .debug_frame   0x000000000000191c      0x1e4 ./Peripheral/src/ch32v30x_usart.o
 .debug_frame   0x0000000000001b00       0xb8 ./Debug/debug.o
 .debug_frame   0x0000000000001bb8      0x1a0 ./Core/core_riscv.o
 .debug_frame   0x0000000000001d58       0x50 e:/mounriver/mounriver_studio/toolchain/risc-v embedded gcc/bin/../lib/gcc/riscv-none-embed/8.2.0/../../../../riscv-none-embed/lib/rv32imacxw/ilp32\libm.a(lib_a-w_pow.o)
 .debug_frame   0x0000000000001da8       0x44 e:/mounriver/mounriver_studio/toolchain/risc-v embedded gcc/bin/../lib/gcc/riscv-none-embed/8.2.0/../../../../riscv-none-embed/lib/rv32imacxw/ilp32\libm.a(lib_a-w_sqrt.o)
 .debug_frame   0x0000000000001dec       0xa4 e:/mounriver/mounriver_studio/toolchain/risc-v embedded gcc/bin/../lib/gcc/riscv-none-embed/8.2.0/../../../../riscv-none-embed/lib/rv32imacxw/ilp32\libm.a(lib_a-e_pow.o)
 .debug_frame   0x0000000000001e90       0x48 e:/mounriver/mounriver_studio/toolchain/risc-v embedded gcc/bin/../lib/gcc/riscv-none-embed/8.2.0/../../../../riscv-none-embed/lib/rv32imacxw/ilp32\libm.a(lib_a-e_sqrt.o)
 .debug_frame   0x0000000000001ed8       0x20 e:/mounriver/mounriver_studio/toolchain/risc-v embedded gcc/bin/../lib/gcc/riscv-none-embed/8.2.0/../../../../riscv-none-embed/lib/rv32imacxw/ilp32\libm.a(lib_a-s_fabs.o)
 .debug_frame   0x0000000000001ef8       0x20 e:/mounriver/mounriver_studio/toolchain/risc-v embedded gcc/bin/../lib/gcc/riscv-none-embed/8.2.0/../../../../riscv-none-embed/lib/rv32imacxw/ilp32\libm.a(lib_a-s_finite.o)
 .debug_frame   0x0000000000001f18       0x20 e:/mounriver/mounriver_studio/toolchain/risc-v embedded gcc/bin/../lib/gcc/riscv-none-embed/8.2.0/../../../../riscv-none-embed/lib/rv32imacxw/ilp32\libm.a(lib_a-s_matherr.o)
 .debug_frame   0x0000000000001f38       0x20 e:/mounriver/mounriver_studio/toolchain/risc-v embedded gcc/bin/../lib/gcc/riscv-none-embed/8.2.0/../../../../riscv-none-embed/lib/rv32imacxw/ilp32\libm.a(lib_a-s_nan.o)
 .debug_frame   0x0000000000001f58       0x40 e:/mounriver/mounriver_studio/toolchain/risc-v embedded gcc/bin/../lib/gcc/riscv-none-embed/8.2.0/../../../../riscv-none-embed/lib/rv32imacxw/ilp32\libm.a(lib_a-s_rint.o)
 .debug_frame   0x0000000000001f98       0x64 e:/mounriver/mounriver_studio/toolchain/risc-v embedded gcc/bin/../lib/gcc/riscv-none-embed/8.2.0/../../../../riscv-none-embed/lib/rv32imacxw/ilp32\libm.a(lib_a-s_scalbn.o)
 .debug_frame   0x0000000000001ffc       0x20 e:/mounriver/mounriver_studio/toolchain/risc-v embedded gcc/bin/../lib/gcc/riscv-none-embed/8.2.0/../../../../riscv-none-embed/lib/rv32imacxw/ilp32\libm.a(lib_a-s_copysign.o)
 .debug_frame   0x000000000000201c       0x44 e:/mounriver/mounriver_studio/toolchain/risc-v embedded gcc/bin/../lib/gcc/riscv-none-embed/8.2.0/rv32imacxw/ilp32\libgcc.a(adddf3.o)
 .debug_frame   0x0000000000002060       0x50 e:/mounriver/mounriver_studio/toolchain/risc-v embedded gcc/bin/../lib/gcc/riscv-none-embed/8.2.0/rv32imacxw/ilp32\libgcc.a(divdf3.o)
 .debug_frame   0x00000000000020b0       0x20 e:/mounriver/mounriver_studio/toolchain/risc-v embedded gcc/bin/../lib/gcc/riscv-none-embed/8.2.0/rv32imacxw/ilp32\libgcc.a(eqdf2.o)
 .debug_frame   0x00000000000020d0       0x20 e:/mounriver/mounriver_studio/toolchain/risc-v embedded gcc/bin/../lib/gcc/riscv-none-embed/8.2.0/rv32imacxw/ilp32\libgcc.a(gedf2.o)
 .debug_frame   0x00000000000020f0       0x20 e:/mounriver/mounriver_studio/toolchain/risc-v embedded gcc/bin/../lib/gcc/riscv-none-embed/8.2.0/rv32imacxw/ilp32\libgcc.a(ledf2.o)
 .debug_frame   0x0000000000002110       0x54 e:/mounriver/mounriver_studio/toolchain/risc-v embedded gcc/bin/../lib/gcc/riscv-none-embed/8.2.0/rv32imacxw/ilp32\libgcc.a(muldf3.o)
 .debug_frame   0x0000000000002164       0x44 e:/mounriver/mounriver_studio/toolchain/risc-v embedded gcc/bin/../lib/gcc/riscv-none-embed/8.2.0/rv32imacxw/ilp32\libgcc.a(subdf3.o)
 .debug_frame   0x00000000000021a8       0x20 e:/mounriver/mounriver_studio/toolchain/risc-v embedded gcc/bin/../lib/gcc/riscv-none-embed/8.2.0/rv32imacxw/ilp32\libgcc.a(unorddf2.o)
 .debug_frame   0x00000000000021c8       0x38 e:/mounriver/mounriver_studio/toolchain/risc-v embedded gcc/bin/../lib/gcc/riscv-none-embed/8.2.0/rv32imacxw/ilp32\libgcc.a(floatsidf.o)
 .debug_frame   0x0000000000002200       0x38 e:/mounriver/mounriver_studio/toolchain/risc-v embedded gcc/bin/../lib/gcc/riscv-none-embed/8.2.0/rv32imacxw/ilp32\libgcc.a(floatunsidf.o)
 .debug_frame   0x0000000000002238       0x40 e:/mounriver/mounriver_studio/toolchain/risc-v embedded gcc/bin/../lib/gcc/riscv-none-embed/8.2.0/rv32imacxw/ilp32\libgcc.a(addsf3.o)
 .debug_frame   0x0000000000002278       0x50 e:/mounriver/mounriver_studio/toolchain/risc-v embedded gcc/bin/../lib/gcc/riscv-none-embed/8.2.0/rv32imacxw/ilp32\libgcc.a(divsf3.o)
 .debug_frame   0x00000000000022c8       0x20 e:/mounriver/mounriver_studio/toolchain/risc-v embedded gcc/bin/../lib/gcc/riscv-none-embed/8.2.0/rv32imacxw/ilp32\libgcc.a(gesf2.o)
 .debug_frame   0x00000000000022e8       0x20 e:/mounriver/mounriver_studio/toolchain/risc-v embedded gcc/bin/../lib/gcc/riscv-none-embed/8.2.0/rv32imacxw/ilp32\libgcc.a(lesf2.o)
 .debug_frame   0x0000000000002308       0x50 e:/mounriver/mounriver_studio/toolchain/risc-v embedded gcc/bin/../lib/gcc/riscv-none-embed/8.2.0/rv32imacxw/ilp32\libgcc.a(mulsf3.o)
 .debug_frame   0x0000000000002358       0x3c e:/mounriver/mounriver_studio/toolchain/risc-v embedded gcc/bin/../lib/gcc/riscv-none-embed/8.2.0/rv32imacxw/ilp32\libgcc.a(subsf3.o)
 .debug_frame   0x0000000000002394       0x20 e:/mounriver/mounriver_studio/toolchain/risc-v embedded gcc/bin/../lib/gcc/riscv-none-embed/8.2.0/rv32imacxw/ilp32\libgcc.a(fixunssfsi.o)
 .debug_frame   0x00000000000023b4       0x38 e:/mounriver/mounriver_studio/toolchain/risc-v embedded gcc/bin/../lib/gcc/riscv-none-embed/8.2.0/rv32imacxw/ilp32\libgcc.a(floatsisf.o)
 .debug_frame   0x00000000000023ec       0x44 e:/mounriver/mounriver_studio/toolchain/risc-v embedded gcc/bin/../lib/gcc/riscv-none-embed/8.2.0/rv32imacxw/ilp32\libgcc.a(floatunsisf.o)
 .debug_frame   0x0000000000002430       0x38 e:/mounriver/mounriver_studio/toolchain/risc-v embedded gcc/bin/../lib/gcc/riscv-none-embed/8.2.0/rv32imacxw/ilp32\libgcc.a(extendsfdf2.o)
 .debug_frame   0x0000000000002468       0x20 e:/mounriver/mounriver_studio/toolchain/risc-v embedded gcc/bin/../lib/gcc/riscv-none-embed/8.2.0/rv32imacxw/ilp32\libgcc.a(truncdfsf2.o)
 .debug_frame   0x0000000000002488       0x20 e:/mounriver/mounriver_studio/toolchain/risc-v embedded gcc/bin/../lib/gcc/riscv-none-embed/8.2.0/rv32imacxw/ilp32\libgcc.a(_clzsi2.o)
 .debug_frame   0x00000000000024a8       0x20 e:/mounriver/mounriver_studio/toolchain/risc-v embedded gcc/bin/../lib/gcc/riscv-none-embed/8.2.0/../../../../riscv-none-embed/lib/rv32imacxw/ilp32\libg_nano.a(lib_a-errno.o)
 .debug_frame   0x00000000000024c8       0xbc e:/mounriver/mounriver_studio/toolchain/risc-v embedded gcc/bin/../lib/gcc/riscv-none-embed/8.2.0/../../../../riscv-none-embed/lib/rv32imacxw/ilp32\libg_nano.a(lib_a-nano-vfprintf_float.o)
 .debug_frame   0x0000000000002584       0x8c e:/mounriver/mounriver_studio/toolchain/risc-v embedded gcc/bin/../lib/gcc/riscv-none-embed/8.2.0/../../../../riscv-none-embed/lib/rv32imacxw/ilp32\libg_nano.a(lib_a-nano-vfprintf_i.o)
 .debug_frame   0x0000000000002610       0x54 e:/mounriver/mounriver_studio/toolchain/risc-v embedded gcc/bin/../lib/gcc/riscv-none-embed/8.2.0/../../../../riscv-none-embed/lib/rv32imacxw/ilp32\libg_nano.a(lib_a-printf.o)