Archive member included to satisfy reference by file (symbol)

e:/mounriver/mounriver_studio/toolchain/risc-v embedded gcc/bin/../lib/gcc/riscv-none-embed/8.2.0/../../../../riscv-none-embed/lib/rv32imacxw/ilp32\libm.a(lib_a-w_pow.o)
                              ./mlx9640/MLX90640_API.o (pow)
e:/mounriver/mounriver_studio/toolchain/risc-v embedded gcc/bin/../lib/gcc/riscv-none-embed/8.2.0/../../../../riscv-none-embed/lib/rv32imacxw/ilp32\libm.a(lib_a-w_sqrt.o)
                              ./mlx9640/MLX90640_API.o (sqrt)
e:/mounriver/mounriver_studio/toolchain/risc-v embedded gcc/bin/../lib/gcc/riscv-none-embed/8.2.0/../../../../riscv-none-embed/lib/rv32imacxw/ilp32\libm.a(lib_a-e_pow.o)
                              e:/mounriver/mounriver_studio/toolchain/risc-v embedded gcc/bin/../lib/gcc/riscv-none-embed/8.2.0/../../../../riscv-none-embed/lib/rv32imacxw/ilp32\libm.a(lib_a-w_pow.o) (__ieee754_pow)
e:/mounriver/mounriver_studio/toolchain/risc-v embedded gcc/bin/../lib/gcc/riscv-none-embed/8.2.0/../../../../riscv-none-embed/lib/rv32imacxw/ilp32\libm.a(lib_a-e_sqrt.o)
                              e:/mounriver/mounriver_studio/toolchain/risc-v embedded gcc/bin/../lib/gcc/riscv-none-embed/8.2.0/../../../../riscv-none-embed/lib/rv32imacxw/ilp32\libm.a(lib_a-w_sqrt.o) (__ieee754_sqrt)
e:/mounriver/mounriver_studio/toolchain/risc-v embedded gcc/bin/../lib/gcc/riscv-none-embed/8.2.0/../../../../riscv-none-embed/lib/rv32imacxw/ilp32\libm.a(lib_a-s_fabs.o)
                              e:/mounriver/mounriver_studio/toolchain/risc-v embedded gcc/bin/../lib/gcc/riscv-none-embed/8.2.0/../../../../riscv-none-embed/lib/rv32imacxw/ilp32\libm.a(lib_a-e_pow.o) (fabs)
e:/mounriver/mounriver_studio/toolchain/risc-v embedded gcc/bin/../lib/gcc/riscv-none-embed/8.2.0/../../../../riscv-none-embed/lib/rv32imacxw/ilp32\libm.a(lib_a-s_finite.o)
                              e:/mounriver/mounriver_studio/toolchain/risc-v embedded gcc/bin/../lib/gcc/riscv-none-embed/8.2.0/../../../../riscv-none-embed/lib/rv32imacxw/ilp32\libm.a(lib_a-w_pow.o) (finite)
e:/mounriver/mounriver_studio/toolchain/risc-v embedded gcc/bin/../lib/gcc/riscv-none-embed/8.2.0/../../../../riscv-none-embed/lib/rv32imacxw/ilp32\libm.a(lib_a-s_lib_ver.o)
                              e:/mounriver/mounriver_studio/toolchain/risc-v embedded gcc/bin/../lib/gcc/riscv-none-embed/8.2.0/../../../../riscv-none-embed/lib/rv32imacxw/ilp32\libm.a(lib_a-w_pow.o) (__fdlib_version)
e:/mounriver/mounriver_studio/toolchain/risc-v embedded gcc/bin/../lib/gcc/riscv-none-embed/8.2.0/../../../../riscv-none-embed/lib/rv32imacxw/ilp32\libm.a(lib_a-s_matherr.o)
                              e:/mounriver/mounriver_studio/toolchain/risc-v embedded gcc/bin/../lib/gcc/riscv-none-embed/8.2.0/../../../../riscv-none-embed/lib/rv32imacxw/ilp32\libm.a(lib_a-w_pow.o) (matherr)
e:/mounriver/mounriver_studio/toolchain/risc-v embedded gcc/bin/../lib/gcc/riscv-none-embed/8.2.0/../../../../riscv-none-embed/lib/rv32imacxw/ilp32\libm.a(lib_a-s_nan.o)
                              e:/mounriver/mounriver_studio/toolchain/risc-v embedded gcc/bin/../lib/gcc/riscv-none-embed/8.2.0/../../../../riscv-none-embed/lib/rv32imacxw/ilp32\libm.a(lib_a-e_pow.o) (nan)
e:/mounriver/mounriver_studio/toolchain/risc-v embedded gcc/bin/../lib/gcc/riscv-none-embed/8.2.0/../../../../riscv-none-embed/lib/rv32imacxw/ilp32\libm.a(lib_a-s_rint.o)
                              e:/mounriver/mounriver_studio/toolchain/risc-v embedded gcc/bin/../lib/gcc/riscv-none-embed/8.2.0/../../../../riscv-none-embed/lib/rv32imacxw/ilp32\libm.a(lib_a-w_pow.o) (rint)
e:/mounriver/mounriver_studio/toolchain/risc-v embedded gcc/bin/../lib/gcc/riscv-none-embed/8.2.0/../../../../riscv-none-embed/lib/rv32imacxw/ilp32\libm.a(lib_a-s_scalbn.o)
                              e:/mounriver/mounriver_studio/toolchain/risc-v embedded gcc/bin/../lib/gcc/riscv-none-embed/8.2.0/../../../../riscv-none-embed/lib/rv32imacxw/ilp32\libm.a(lib_a-e_pow.o) (scalbn)
e:/mounriver/mounriver_studio/toolchain/risc-v embedded gcc/bin/../lib/gcc/riscv-none-embed/8.2.0/../../../../riscv-none-embed/lib/rv32imacxw/ilp32\libm.a(lib_a-s_copysign.o)
                              e:/mounriver/mounriver_studio/toolchain/risc-v embedded gcc/bin/../lib/gcc/riscv-none-embed/8.2.0/../../../../riscv-none-embed/lib/rv32imacxw/ilp32\libm.a(lib_a-s_scalbn.o) (copysign)
e:/mounriver/mounriver_studio/toolchain/risc-v embedded gcc/bin/../lib/gcc/riscv-none-embed/8.2.0/rv32imacxw/ilp32\libgcc.a(adddf3.o)
                              ./mlx9640/MLX90640_API.o (__adddf3)
e:/mounriver/mounriver_studio/toolchain/risc-v embedded gcc/bin/../lib/gcc/riscv-none-embed/8.2.0/rv32imacxw/ilp32\libgcc.a(divdf3.o)
                              ./mlx9640/MLX90640_API.o (__divdf3)
e:/mounriver/mounriver_studio/toolchain/risc-v embedded gcc/bin/../lib/gcc/riscv-none-embed/8.2.0/rv32imacxw/ilp32\libgcc.a(eqdf2.o)
[...]
Memory Configuration

Name             Origin             Length             Attributes
FLASH            0x0000000000000000 0x0000000000030000 xr
RAM              0x0000000020000000 0x0000000000020000 xrw
*default*        0x0000000000000000 0xffffffffffffffff

Linker script and memory map

LOAD ./mlx9640/MLX90640_API.o
LOAD ./User/Displaytemp.o
LOAD ./User/ch32v30x_it.o
LOAD ./User/iic.o
LOAD ./User/lcd.o
LOAD ./User/main.o
LOAD ./User/system_ch32v30x.o
LOAD ./Startup/startup_ch32v30x_D8C.o
LOAD ./Peripheral/src/ch32v30x_adc.o
LOAD ./Peripheral/src/ch32v30x_bkp.o
LOAD ./Peripheral/src/ch32v30x_can.o
LOAD ./Peripheral/src/ch32v30x_crc.o
LOAD ./Peripheral/src/ch32v30x_dac.o
LOAD ./Peripheral/src/ch32v30x_dbgmcu.o
LOAD ./Peripheral/src/ch32v30x_dma.o
LOAD ./Peripheral/src/ch32v30x_dvp.o
LOAD ./Peripheral/src/ch32v30x_eth.o
LOAD ./Peripheral/src/ch32v30x_exti.o
LOAD ./Peripheral/src/ch32v30x_flash.o
LOAD ./Peripheral/src/ch32v30x_fsmc.o
LOAD ./Peripheral/src/ch32v30x_gpio.o
LOAD ./Peripheral/src/ch32v30x_i2c.o
LOAD ./Peripheral/src/ch32v30x_iwdg.o
LOAD ./Peripheral/src/ch32v30x_misc.o
LOAD ./Peripheral/src/ch32v30x_opa.o
LOAD ./Peripheral/src/ch32v30x_pwr.o
LOAD ./Peripheral/src/ch32v30x_rcc.o
LOAD ./Peripheral/src/ch32v30x_rng.o
LOAD ./Peripheral/src/ch32v30x_rtc.o
LOAD ./Peripheral/src/ch32v30x_sdio.o
LOAD ./Peripheral/src/ch32v30x_spi.o
LOAD ./Peripheral/src/ch32v30x_tim.o
LOAD ./Peripheral/src/ch32v30x_usart.o
LOAD ./Peripheral/src/ch32v30x_wwdg.o
LOAD ./Debug/debug.o
LOAD ./Core/core_riscv.o
LOAD e:/mounriver/mounriver_studio/toolchain/risc-v embedded gcc/bin/../lib/gcc/riscv-none-embed/8.2.0/../../../../riscv-none-embed/lib/rv32imacxw/ilp32\libm.a
LOAD e:/mounriver/mounriver_studio/toolchain/risc-v embedded gcc/bin/../lib/gcc/riscv-none-embed/8.2.0/rv32imacxw/ilp32\libgcc.a
LOAD e:/mounriver/mounriver_studio/toolchain/risc-v embedded gcc/bin/../lib/gcc/riscv-none-embed/8.2.0/../../../../riscv-none-embed/lib/rv32imacxw/ilp32\libg_nano.a
LOAD e:/mounriver/mounriver_studio/toolchain/risc-v embedded gcc/bin/../lib/gcc/riscv-none-embed/8.2.0/../../../../riscv-none-embed/lib/rv32imacxw/ilp32\libc_nano.a
LOAD e:/mounriver/mounriver_studio/toolchain/risc-v embedded gcc/bin/../lib/gcc/riscv-none-embed/8.2.0/rv32imacxw/ilp32\libgcc.a
START GROUP
LOAD e:/mounriver/mounriver_studio/toolchain/risc-v embedded gcc/bin/../lib/gcc/riscv-none-embed/8.2.0/rv32imacxw/ilp32\libgcc.a
LOAD e:/mounriver/mounriver_studio/toolchain/risc-v embedded gcc/bin/../lib/gcc/riscv-none-embed/8.2.0/../../../../riscv-none-embed/lib/rv32imacxw/ilp32\libc_nano.a
LOAD e:/mounriver/mounriver_studio/toolchain/risc-v embedded gcc/bin/../lib/gcc/riscv-none-embed/8.2.0/../../../../riscv-none-embed/lib/rv32imacxw/ilp32\libnosys.a
END GROUP
START GROUP
LOAD e:/mounriver/mounriver_studio/toolchain/risc-v embedded gcc/bin/../lib/gcc/riscv-none-embed/8.2.0/rv32imacxw/ilp32\libgcc.a
LOAD e:/mounriver/mounriver_studio/toolchain/risc-v embedded gcc/bin/../lib/gcc/riscv-none-embed/8.2.0/../../../../riscv-none-embed/lib/rv32imacxw/ilp32\libc_nano.a
LOAD e:/mounriver/mounriver_studio/toolchain/risc-v embedded gcc/bin/../lib/gcc/riscv-none-embed/8.2.0/../../../../riscv-none-embed/lib/rv32imacxw/ilp32\libnosys.a
END GROUP
                0x0000000000000800                __stack_size = 0x800
                [!provide]                        PROVIDE (_stack_size = __stack_size)

.init           0x0000000000000000        0x4
                0x0000000000000000                _sinit = .
                0x0000000000000000                . = ALIGN (0x4)
 *(SORT_NONE(.init))
 .init          0x0000000000000000        0x4 ./Startup/startup_ch32v30x_D8C.o
                0x0000000000000000                _start
                0x0000000000000004                . = ALIGN (0x4)
                0x0000000000000004                _einit = .

.vector         0x0000000000000004      0x1bc
 *(.vector)
 .vector        0x0000000000000004      0x1a0 ./Startup/startup_ch32v30x_D8C.o
                0x00000000000001c0                . = ALIGN (0x40)
 *fill*         0x00000000000001a4       0x1c 

.text           0x00000000000001c0     0xdba4
                0x00000000000001c0                . = ALIGN (0x4)
 *(.text)
 .text          0x00000000000001c0       0x60 e:/mounriver/mounriver_studio/toolchain/risc-v embedded gcc/bin/../lib/gcc/riscv-none-embed/8.2.0/rv32imacxw/ilp32\libgcc.a(save-restore.o)
                0x00000000000001c0                __riscv_save_12
                0x00000000000001c8                __riscv_save_9
                0x00000000000001c8                __riscv_save_11
                0x00000000000001c8                __riscv_save_10
                0x00000000000001c8                __riscv_save_8
                0x00000000000001d6                __riscv_save_4
                0x00000000000001d6                __riscv_save_6
                0x00000000000001d6                __riscv_save_5
                0x00000000000001d6                __riscv_save_7
                0x00000000000001f0                __riscv_save_3
                0x00000000000001f0                __riscv_save_2
                0x00000000000001f0                __riscv_save_1
                0x00000000000001f0                __riscv_save_0
                0x00000000000001fc                __riscv_restore_12
                0x0000000000000200                __riscv_restore_11
                0x0000000000000200                __riscv_restore_9
                0x0000000000000200                __riscv_restore_10
                0x0000000000000200                __riscv_restore_8
                0x000000000000020a                __riscv_restore_5
                0x000000000000020a                __riscv_restore_7
                0x000000000000020a                __riscv_restore_6
                0x000000000000020a                __riscv_restore_4
                0x0000000000000214                __riscv_restore_3
                0x0000000000000214                __riscv_restore_0
                0x0000000000000214                __riscv_restore_2
                0x0000000000000214                __riscv_restore_1
 .text          0x0000000000000220       0xa8 e:/mounriver/mounriver_studio/toolchain/risc-v embedded gcc/bin/../lib/gcc/riscv-none-embed/8.2.0/../../../../riscv-none-embed/lib/rv32imacxw/ilp32\libg_nano.a(lib_a-memset.o)
                0x0000000000000220                memset
 *(.text.*)
 .text.MLX90640_DumpEE
                0x00000000000002c8       0x16 ./mlx9640/MLX90640_API.o
                0x00000000000002c8                MLX90640_DumpEE
 .text.MLX90640_GetFrameData
                0x00000000000002de       0x98 ./mlx9640/MLX90640_API.o
                0x00000000000002de                MLX90640_GetFrameData
 .text.MLX90640_SetRefreshRate
                0x0000000000000376       0x38 ./mlx9640/MLX90640_API.o
                0x0000000000000376                MLX90640_SetRefreshRate
 .text.MLX90640_GetVdd
                0x00000000000003ae       0xce ./mlx9640/MLX90640_API.o
                0x00000000000003ae                MLX90640_GetVdd
 .text.MLX90640_GetTa
                0x000000000000047c       0xbe ./mlx9640/MLX90640_API.o
                0x000000000000047c                MLX90640_GetTa
 .text.ExtractVDDParameters
                0x000000000000053a       0x2e ./mlx9640/MLX90640_API.o
                0x000000000000053a                ExtractVDDParameters
 .text.ExtractPTATParameters
                0x0000000000000568       0xc4 ./mlx9640/MLX90640_API.o
                0x0000000000000568                ExtractPTATParameters
 .text.ExtractTgcParameters
                0x000000000000062c       0x42 ./mlx9640/MLX90640_API.o
                0x000000000000062c                ExtractTgcParameters
 .text.ExtractKsTaParameters
                0x000000000000066e       0x44 ./mlx9640/MLX90640_API.o
                0x000000000000066e                ExtractKsTaParameters
 .text.ExtractKsToParameters
                0x00000000000006b2       0xd2 ./mlx9640/MLX90640_API.o
                0x00000000000006b2                ExtractKsToParameters
 .text.ExtractAlphaParameters
                0x0000000000000784      0x1b4 ./mlx9640/MLX90640_API.o
                0x0000000000000784                ExtractAlphaParameters
 .text.ExtractOffsetParameters
                0x0000000000000938      0x12c ./mlx9640/MLX90640_API.o
                0x0000000000000938                ExtractOffsetParameters
 .text.ExtractKtaPixelParameters
                0x0000000000000a64      0x11e ./mlx9640/MLX90640_API.o
                0x0000000000000a64                ExtractKtaPixelParameters
 .text.ExtractKvPixelParameters
                0x0000000000000b82       0xee ./mlx9640/MLX90640_API.o
                0x0000000000000b82                ExtractKvPixelParameters
 .text.ExtractCPParameters
                0x0000000000000c70      0x1ce ./mlx9640/MLX90640_API.o
                0x0000000000000c70                ExtractCPParameters
 .text.ExtractCILCParameters
                0x0000000000000e3e       0xd8 ./mlx9640/MLX90640_API.o
                0x0000000000000e3e                ExtractCILCParameters
 .text.CheckAdjacentPixels
                0x0000000000000f16       0x26 ./mlx9640/MLX90640_API.o
                0x0000000000000f16                CheckAdjacentPixels
 .text.ExtractDeviatingPixels
                0x0000000000000f3c      0x158 ./mlx9640/MLX90640_API.o
                0x0000000000000f3c                ExtractDeviatingPixels
 .text.GetMedian
                0x0000000000001094       0x6e ./mlx9640/MLX90640_API.o
                0x0000000000001094                GetMedian
 .text.IsPixelBad
                0x0000000000001102       0x28 ./mlx9640/MLX90640_API.o
                0x0000000000001102                IsPixelBad
 .text.MLX90640_BadPixelsCorrection
                0x000000000000112a      0x1b8 ./mlx9640/MLX90640_API.o
                0x000000000000112a                MLX90640_BadPixelsCorrection
 .text.CheckEEPROMValid
                0x00000000000012e2       0x10 ./mlx9640/MLX90640_API.o
                0x00000000000012e2                CheckEEPROMValid
 .text.MLX90640_ExtractParameters
                0x00000000000012f2       0x80 ./mlx9640/MLX90640_API.o
                0x00000000000012f2                MLX90640_ExtractParameters
 .text.mlx_90640_init
                0x0000000000001372       0x90 ./User/Displaytemp.o
                0x0000000000001372                mlx_90640_init
 .text.mlx90640_Getvalue
                0x0000000000001402       0x88 ./User/Displaytemp.o
                0x0000000000001402                mlx90640_Getvalue
 .text.temp_data_sort
                0x000000000000148a       0x3a ./User/Displaytemp.o
                0x000000000000148a                temp_data_sort
 .text.Disp_TempPic
                0x00000000000014c4      0x2ca ./User/Displaytemp.o
                0x00000000000014c4                Disp_TempPic
 .text.showx    0x000000000000178e       0xc4 ./User/Displaytemp.o
                0x000000000000178e                showx
 .text.NMI_Handler
                0x0000000000001852        0x2 ./User/ch32v30x_it.o
                0x0000000000001852                NMI_Handler
 .text.HardFault_Handler
                0x0000000000001854       0x38 ./User/ch32v30x_it.o
                0x0000000000001854                HardFault_Handler
 .text.Wait     0x000000000000188c       0x2a ./User/iic.o
                0x000000000000188c                Wait
 .text.I2CStart
                0x00000000000018b6       0x58 ./User/iic.o
                0x00000000000018b6                I2CStart
 .text.I2CStop  0x000000000000190e       0x50 ./User/iic.o
                0x000000000000190e                I2CStop
 .text.MLX90640_I2CInit
                0x000000000000195e       0x48 ./User/iic.o
                0x000000000000195e                MLX90640_I2CInit
 .text.I2CRepeatedStart
                0x00000000000019a6       0x60 ./User/iic.o
                0x00000000000019a6                I2CRepeatedStart
 .text.I2CSendACK
                0x0000000000001a06       0x58 ./User/iic.o
                0x0000000000001a06                I2CSendACK
 .text.I2CSendNack
                0x0000000000001a5e       0x58 ./User/iic.o
                0x0000000000001a5e                I2CSendNack
 .text.I2CReadBytes
                0x0000000000001ab6       0xa0 ./User/iic.o
                0x0000000000001ab6                I2CReadBytes
 .text.I2CReceiveAck
                0x0000000000001b56       0x66 ./User/iic.o
                0x0000000000001b56                I2CReceiveAck
 .text.I2CSendByte
                0x0000000000001bbc       0x76 ./User/iic.o
                0x0000000000001bbc                I2CSendByte
 .text.MLX90640_I2CRead
                0x0000000000001c32       0xaa ./User/iic.o
                0x0000000000001c32                MLX90640_I2CRead
 .text.MLX90640_I2CWrite
                0x0000000000001cdc       0x86 ./User/iic.o
                0x0000000000001cdc                MLX90640_I2CWrite
 .text.lcd_write_half_word
                0x0000000000001d62       0x12 ./User/lcd.o
                0x0000000000001d62                lcd_write_half_word
 .text.lcd_read_data
                0x0000000000001d74       0x14 ./User/lcd.o
                0x0000000000001d74                lcd_read_data
 .text.lcd_fsmc_init
                0x0000000000001d88      0x108 ./User/lcd.o
                0x0000000000001d88                lcd_fsmc_init
 .text.TIM1_PWMOut_Init
                0x0000000000001e90       0x70 ./User/lcd.o
                0x0000000000001e90                TIM1_PWMOut_Init
 .text.lcd_gpio_init
                0x0000000000001f00       0x48 ./User/lcd.o
                0x0000000000001f00                lcd_gpio_init
 .text.lcd_address_set
                0x0000000000001f48       0x4e ./User/lcd.o
                0x0000000000001f48                lcd_address_set
 .text.lcd_clear
                0x0000000000001f96       0x3e ./User/lcd.o
                0x0000000000001f96                lcd_clear
 .text.lcd_init
                0x0000000000001fd4      0x19a ./User/lcd.o
                0x0000000000001fd4                lcd_init
 .text.lcd_draw_point
                0x000000000000216e       0x18 ./User/lcd.o
                0x000000000000216e                lcd_draw_point
 .text.lcd_draw_point_color
                0x0000000000002186       0x18 ./User/lcd.o
                0x0000000000002186                lcd_draw_point_color
 .text.lcd_fill
                0x000000000000219e       0x36 ./User/lcd.o
                0x000000000000219e                lcd_fill
 .text.lcd_draw_line
                0x00000000000021d4       0xd0 ./User/lcd.o
                0x00000000000021d4                lcd_draw_line
 .text.lcd_show_char
                0x00000000000022a4      0x172 ./User/lcd.o
                0x00000000000022a4                lcd_show_char
 .text.lcd_show_string
                0x0000000000002416       0xcc ./User/lcd.o
                0x0000000000002416                lcd_show_string
 .text.startup.main
                0x00000000000024e2       0x5a ./User/main.o
                0x00000000000024e2                main
 .text.SystemInit
                0x000000000000253c       0xf8 ./User/system_ch32v30x.o
                0x000000000000253c                SystemInit
 .text.SystemCoreClockUpdate
                0x0000000000002634      0x12a ./User/system_ch32v30x.o
                0x0000000000002634                SystemCoreClockUpdate
 .text.vector_handler
                0x000000000000275e        0x2 ./Startup/startup_ch32v30x_D8C.o
                0x000000000000275e                EXTI2_IRQHandler
                0x000000000000275e                TIM8_TRG_COM_IRQHandler
                0x000000000000275e                TIM8_CC_IRQHandler
                0x000000000000275e                UART8_IRQHandler
                0x000000000000275e                TIM1_CC_IRQHandler
                0x000000000000275e                TIM6_IRQHandler
                0x000000000000275e                SysTick_Handler
                0x000000000000275e                PVD_IRQHandler
                0x000000000000275e                SDIO_IRQHandler
                0x000000000000275e                TIM9_BRK_IRQHandler
                0x000000000000275e                DMA2_Channel8_IRQHandler
                0x000000000000275e                CAN2_RX1_IRQHandler
                0x000000000000275e                EXTI3_IRQHandler
                0x000000000000275e                USBHS_IRQHandler
                0x000000000000275e                DMA2_Channel9_IRQHandler
                0x000000000000275e                TIM10_CC_IRQHandler
                0x000000000000275e                USBFS_IRQHandler
                0x000000000000275e                EXTI0_IRQHandler
                0x000000000000275e                I2C2_EV_IRQHandler
                0x000000000000275e                TIM10_TRG_COM_IRQHandler
                0x000000000000275e                CAN2_SCE_IRQHandler
                0x000000000000275e                ADC1_2_IRQHandler
                0x000000000000275e                Break_Point_Handler
                0x000000000000275e                SPI1_IRQHandler
                0x000000000000275e                TAMPER_IRQHandler
                0x000000000000275e                CAN2_RX0_IRQHandler
                0x000000000000275e                TIM8_UP_IRQHandler
                0x000000000000275e                Ecall_M_Mode_Handler
                0x000000000000275e                DMA2_Channel2_IRQHandler
                0x000000000000275e                DMA1_Channel4_IRQHandler
                0x000000000000275e                TIM9_UP_IRQHandler
                0x000000000000275e                USART3_IRQHandler
                0x000000000000275e                RTC_IRQHandler
                0x000000000000275e                DMA1_Channel7_IRQHandler
                0x000000000000275e                CAN1_RX1_IRQHandler
                0x000000000000275e                DVP_IRQHandler
                0x000000000000275e                UART5_IRQHandler
                0x000000000000275e                TIM4_IRQHandler
                0x000000000000275e                DMA2_Channel1_IRQHandler
                0x000000000000275e                I2C1_EV_IRQHandler
                0x000000000000275e                DMA1_Channel6_IRQHandler
                0x000000000000275e                UART4_IRQHandler
                0x000000000000275e                DMA2_Channel4_IRQHandler
                0x000000000000275e                TIM3_IRQHandler
                0x000000000000275e                RCC_IRQHandler
                0x000000000000275e                TIM1_TRG_COM_IRQHandler
                0x000000000000275e                DMA1_Channel1_IRQHandler
                0x000000000000275e                DMA2_Channel7_IRQHandler
                0x000000000000275e                EXTI15_10_IRQHandler
                0x000000000000275e                TIM7_IRQHandler
                0x000000000000275e                CAN2_TX_IRQHandler
                0x000000000000275e                TIM5_IRQHandler
                0x000000000000275e                EXTI9_5_IRQHandler
                0x000000000000275e                ETH_WKUP_IRQHandler
                0x000000000000275e                SPI2_IRQHandler
                0x000000000000275e                TIM10_BRK_IRQHandler
                0x000000000000275e                TIM9_CC_IRQHandler
                0x000000000000275e                DMA2_Channel5_IRQHandler
                0x000000000000275e                DMA1_Channel5_IRQHandler
                0x000000000000275e                EXTI4_IRQHandler
                0x000000000000275e                USB_LP_CAN1_RX0_IRQHandler
                0x000000000000275e                RNG_IRQHandler
                0x000000000000275e                USB_HP_CAN1_TX_IRQHandler
                0x000000000000275e                DMA1_Channel3_IRQHandler
                0x000000000000275e                ETH_IRQHandler
                0x000000000000275e                TIM1_UP_IRQHandler
                0x000000000000275e                WWDG_IRQHandler
                0x000000000000275e                USBHSWakeup_IRQHandler
                0x000000000000275e                DMA2_Channel11_IRQHandler
                0x000000000000275e                Ecall_U_Mode_Handler
                0x000000000000275e                DMA2_Channel6_IRQHandler
                0x000000000000275e                TIM2_IRQHandler
                0x000000000000275e                SW_Handler
                0x000000000000275e                TIM1_BRK_IRQHandler
                0x000000000000275e                DMA2_Channel10_IRQHandler
                0x000000000000275e                EXTI1_IRQHandler
                0x000000000000275e                RTCAlarm_IRQHandler
                0x000000000000275e                TIM10_UP_IRQHandler
                0x000000000000275e                TIM9_TRG_COM_IRQHandler
                0x000000000000275e                UART7_IRQHandler
                0x000000000000275e                USART2_IRQHandler
                0x000000000000275e                UART6_IRQHandler
                0x000000000000275e                I2C2_ER_IRQHandler
                0x000000000000275e                DMA1_Channel2_IRQHandler
                0x000000000000275e                TIM8_BRK_IRQHandler
                0x000000000000275e                CAN1_SCE_IRQHandler
                0x000000000000275e                FLASH_IRQHandler
                0x000000000000275e                USART1_IRQHandler
                0x000000000000275e                SPI3_IRQHandler
                0x000000000000275e                I2C1_ER_IRQHandler
                0x000000000000275e                USBWakeUp_IRQHandler
                0x000000000000275e                DMA2_Channel3_IRQHandler
 .text.handle_reset
                0x0000000000002760       0x8e ./Startup/startup_ch32v30x_D8C.o
                0x0000000000002760                handle_reset
 .text.DBGMCU_GetCHIPID
                0x00000000000027ee        0xa ./Peripheral/src/ch32v30x_dbgmcu.o
                0x00000000000027ee                DBGMCU_GetCHIPID
 .text.FSMC_NORSRAMInit
                0x00000000000027f8       0xae ./Peripheral/src/ch32v30x_fsmc.o
                0x00000000000027f8                FSMC_NORSRAMInit
 .text.FSMC_NORSRAMCmd
                0x00000000000028a6       0x1e ./Peripheral/src/ch32v30x_fsmc.o
                0x00000000000028a6                FSMC_NORSRAMCmd
 .text.GPIO_Init
                0x00000000000028c4       0xc0 ./Peripheral/src/ch32v30x_gpio.o
                0x00000000000028c4                GPIO_Init
 .text.GPIO_ReadInputDataBit
                0x0000000000002984        0xa ./Peripheral/src/ch32v30x_gpio.o
                0x0000000000002984                GPIO_ReadInputDataBit
 .text.GPIO_SetBits
                0x000000000000298e        0x4 ./Peripheral/src/ch32v30x_gpio.o
                0x000000000000298e                GPIO_SetBits
 .text.GPIO_ResetBits
                0x0000000000002992        0x4 ./Peripheral/src/ch32v30x_gpio.o
                0x0000000000002992                GPIO_ResetBits
 .text.GPIO_WriteBit
                0x0000000000002996        0xa ./Peripheral/src/ch32v30x_gpio.o
                0x0000000000002996                GPIO_WriteBit
 .text.NVIC_PriorityGroupConfig
                0x00000000000029a0        0x6 ./Peripheral/src/ch32v30x_misc.o
                0x00000000000029a0                NVIC_PriorityGroupConfig
 .text.RCC_GetClocksFreq
                0x00000000000029a6      0x176 ./Peripheral/src/ch32v30x_rcc.o
                0x00000000000029a6                RCC_GetClocksFreq
 .text.RCC_AHBPeriphClockCmd
                0x0000000000002b1c       0x1e ./Peripheral/src/ch32v30x_rcc.o
                0x0000000000002b1c                RCC_AHBPeriphClockCmd
 .text.RCC_APB2PeriphClockCmd
                0x0000000000002b3a       0x1e ./Peripheral/src/ch32v30x_rcc.o
                0x0000000000002b3a                RCC_APB2PeriphClockCmd
 .text.TIM_TimeBaseInit
                0x0000000000002b58       0xaa ./Peripheral/src/ch32v30x_tim.o
                0x0000000000002b58                TIM_TimeBaseInit
 .text.TIM_OC2Init
                0x0000000000002c02       0xae ./Peripheral/src/ch32v30x_tim.o
                0x0000000000002c02                TIM_OC2Init
 .text.TIM_Cmd  0x0000000000002cb0       0x18 ./Peripheral/src/ch32v30x_tim.o
                0x0000000000002cb0                TIM_Cmd
 .text.TIM_CtrlPWMOutputs
                0x0000000000002cc8       0x16 ./Peripheral/src/ch32v30x_tim.o
                0x0000000000002cc8                TIM_CtrlPWMOutputs
 .text.TIM_ARRPreloadConfig
                0x0000000000002cde       0x1a ./Peripheral/src/ch32v30x_tim.o
                0x0000000000002cde                TIM_ARRPreloadConfig
 .text.TIM_OC2PreloadConfig
                0x0000000000002cf8       0x16 ./Peripheral/src/ch32v30x_tim.o
                0x0000000000002cf8                TIM_OC2PreloadConfig
 .text.USART_Init
                0x0000000000002d0e       0x90 ./Peripheral/src/ch32v30x_usart.o
                0x0000000000002d0e                USART_Init
 .text.USART_Cmd
                0x0000000000002d9e       0x16 ./Peripheral/src/ch32v30x_usart.o
                0x0000000000002d9e                USART_Cmd
 .text.USART_SendData
                0x0000000000002db4        0x8 ./Peripheral/src/ch32v30x_usart.o
                0x0000000000002db4                USART_SendData
 .text.USART_GetFlagStatus
                0x0000000000002dbc        0xa ./Peripheral/src/ch32v30x_usart.o
                0x0000000000002dbc                USART_GetFlagStatus
 .text.Delay_Init
                0x0000000000002dc6       0x26 ./Debug/debug.o
                0x0000000000002dc6                Delay_Init
 .text.Delay_Ms
                0x0000000000002dec       0x36 ./Debug/debug.o
                0x0000000000002dec                Delay_Ms
 .text.USART_Printf_Init
                0x0000000000002e22       0x5a ./Debug/debug.o
                0x0000000000002e22                USART_Printf_Init
 .text._write   0x0000000000002e7c       0x3e ./Debug/debug.o
                0x0000000000002e7c                _write
 .text._sbrk    0x0000000000002eba       0x2a ./Debug/debug.o
                0x0000000000002eba                _sbrk
 .text.__get_MEPC
                0x0000000000002ee4        0x6 ./Core/core_riscv.o
                0x0000000000002ee4                __get_MEPC
 .text.__get_MCAUSE
                0x0000000000002eea        0x6 ./Core/core_riscv.o
                0x0000000000002eea                __get_MCAUSE
 .text.__get_MTVAL
                0x0000000000002ef0        0x6 ./Core/core_riscv.o
                0x0000000000002ef0                __get_MTVAL
 .text.pow      0x0000000000002ef6      0x324 e:/mounriver/mounriver_studio/toolchain/risc-v embedded gcc/bin/../lib/gcc/riscv-none-embed/8.2.0/../../../../riscv-none-embed/lib/rv32imacxw/ilp32\libm.a(lib_a-w_pow.o)
                0x0000000000002ef6                pow
 .text.sqrt     0x000000000000321a       0xba e:/mounriver/mounriver_studio/toolchain/risc-v embedded gcc/bin/../lib/gcc/riscv-none-embed/8.2.0/../../../../riscv-none-embed/lib/rv32imacxw/ilp32\libm.a(lib_a-w_sqrt.o)
                0x000000000000321a                sqrt
 .text.__ieee754_pow
                0x00000000000032d4      0xad4 e:/mounriver/mounriver_studio/toolchain/risc-v embedded gcc/bin/../lib/gcc/riscv-none-embed/8.2.0/../../../../riscv-none-embed/lib/rv32imacxw/ilp32\libm.a(lib_a-e_pow.o)
                0x00000000000032d4                __ieee754_pow
 .text.__ieee754_sqrt
                0x0000000000003da8      0x1d4 e:/mounriver/mounriver_studio/toolchain/risc-v embedded gcc/bin/../lib/gcc/riscv-none-embed/8.2.0/../../../../riscv-none-embed/lib/rv32imacxw/ilp32\libm.a(lib_a-e_sqrt.o)
                0x0000000000003da8                __ieee754_sqrt
 .text.fabs     0x0000000000003f7c        0x6 e:/mounriver/mounriver_studio/toolchain/risc-v embedded gcc/bin/../lib/gcc/riscv-none-embed/8.2.0/../../../../riscv-none-embed/lib/rv32imacxw/ilp32\libm.a(lib_a-s_fabs.o)
                0x0000000000003f7c                fabs
 .text.finite   0x0000000000003f82        0xe e:/mounriver/mounriver_studio/toolchain/risc-v embedded gcc/bin/../lib/gcc/riscv-none-embed/8.2.0/../../../../riscv-none-embed/lib/rv32imacxw/ilp32\libm.a(lib_a-s_finite.o)
                0x0000000000003f82                finite
 .text.matherr  0x0000000000003f90        0x4 e:/mounriver/mounriver_studio/toolchain/risc-v embedded gcc/bin/../lib/gcc/riscv-none-embed/8.2.0/../../../../riscv-none-embed/lib/rv32imacxw/ilp32\libm.a(lib_a-s_matherr.o)
                0x0000000000003f90                matherr
 .text.nan      0x0000000000003f94        0xe e:/mounriver/mounriver_studio/toolchain/risc-v embedded gcc/bin/../lib/gcc/riscv-none-embed/8.2.0/../../../../riscv-none-embed/lib/rv32imacxw/ilp32\libm.a(lib_a-s_nan.o)
                0x0000000000003f94                nan
 .text.rint     0x0000000000003fa2      0x186 e:/mounriver/mounriver_studio/toolchain/risc-v embedded gcc/bin/../lib/gcc/riscv-none-embed/8.2.0/../../../../riscv-none-embed/lib/rv32imacxw/ilp32\libm.a(lib_a-s_rint.o)
                0x0000000000003fa2                rint
 .text.scalbn   0x0000000000004128      0x13e e:/mounriver/mounriver_studio/toolchain/risc-v embedded gcc/bin/../lib/gcc/riscv-none-embed/8.2.0/../../../../riscv-none-embed/lib/rv32imacxw/ilp32\libm.a(lib_a-s_scalbn.o)
                0x0000000000004128                scalbn
 .text.copysign
                0x0000000000004266       0x16 e:/mounriver/mounriver_studio/toolchain/risc-v embedded gcc/bin/../lib/gcc/riscv-none-embed/8.2.0/../../../../riscv-none-embed/lib/rv32imacxw/ilp32\libm.a(lib_a-s_copysign.o)
                0x0000000000004266                copysign
 .text.__adddf3
                0x000000000000427c      0x730 e:/mounriver/mounriver_studio/toolchain/risc-v embedded gcc/bin/../lib/gcc/riscv-none-embed/8.2.0/rv32imacxw/ilp32\libgcc.a(adddf3.o)
                0x000000000000427c                __adddf3
 .text.__divdf3
                0x00000000000049ac      0x5b4 e:/mounriver/mounriver_studio/toolchain/risc-v embedded gcc/bin/../lib/gcc/riscv-none-embed/8.2.0/rv32imacxw/ilp32\libgcc.a(divdf3.o)
                0x00000000000049ac                __divdf3
 .text.__eqdf2  0x0000000000004f60       0x6a e:/mounriver/mounriver_studio/toolchain/risc-v embedded gcc/bin/../lib/gcc/riscv-none-embed/8.2.0/rv32imacxw/ilp32\libgcc.a(eqdf2.o)
                0x0000000000004f60                __nedf2
                0x0000000000004f60                __eqdf2
 .text.__gedf2  0x0000000000004fca       0xae e:/mounriver/mounriver_studio/toolchain/risc-v embedded gcc/bin/../lib/gcc/riscv-none-embed/8.2.0/rv32imacxw/ilp32\libgcc.a(gedf2.o)
                0x0000000000004fca                __gedf2
                0x0000000000004fca                __gtdf2
 .text.__ledf2  0x0000000000005078       0xb6 e:/mounriver/mounriver_studio/toolchain/risc-v embedded gcc/bin/../lib/gcc/riscv-none-embed/8.2.0/rv32imacxw/ilp32\libgcc.a(ledf2.o)
                0x0000000000005078                __ledf2
                0x0000000000005078                __ltdf2
 .text.__muldf3
                0x000000000000512e      0x4b8 e:/mounriver/mounriver_studio/toolchain/risc-v embedded gcc/bin/../lib/gcc/riscv-none-embed/8.2.0/rv32imacxw/ilp32\libgcc.a(muldf3.o)
                0x000000000000512e                __muldf3
 .text.__subdf3
                0x00000000000055e6      0x73e e:/mounriver/mounriver_studio/toolchain/risc-v embedded gcc/bin/../lib/gcc/riscv-none-embed/8.2.0/rv32imacxw/ilp32\libgcc.a(subdf3.o)
                0x00000000000055e6                __subdf3
 .text.__unorddf2
                0x0000000000005d24       0x3c e:/mounriver/mounriver_studio/toolchain/risc-v embedded gcc/bin/../lib/gcc/riscv-none-embed/8.2.0/rv32imacxw/ilp32\libgcc.a(unorddf2.o)
                0x0000000000005d24                __unorddf2
 .text.__fixunsdfsi
                0x0000000000005d60       0x5c e:/mounriver/mounriver_studio/toolchain/risc-v embedded gcc/bin/../lib/gcc/riscv-none-embed/8.2.0/rv32imacxw/ilp32\libgcc.a(fixunsdfsi.o)
                0x0000000000005d60                __fixunsdfsi
 .text.__floatsidf
                0x0000000000005dbc       0x72 e:/mounriver/mounriver_studio/toolchain/risc-v embedded gcc/bin/../lib/gcc/riscv-none-embed/8.2.0/rv32imacxw/ilp32\libgcc.a(floatsidf.o)
                0x0000000000005dbc                __floatsidf
 .text.__floatunsidf
                0x0000000000005e2e       0x68 e:/mounriver/mounriver_studio/toolchain/risc-v embedded gcc/bin/../lib/gcc/riscv-none-embed/8.2.0/rv32imacxw/ilp32\libgcc.a(floatunsidf.o)
                0x0000000000005e2e                __floatunsidf
 .text.__addsf3
                0x0000000000005e96      0x36a e:/mounriver/mounriver_studio/toolchain/risc-v embedded gcc/bin/../lib/gcc/riscv-none-embed/8.2.0/rv32imacxw/ilp32\libgcc.a(addsf3.o)
                0x0000000000005e96                __addsf3
 .text.__divsf3
                0x0000000000006200      0x2b2 e:/mounriver/mounriver_studio/toolchain/risc-v embedded gcc/bin/../lib/gcc/riscv-none-embed/8.2.0/rv32imacxw/ilp32\libgcc.a(divsf3.o)
                0x0000000000006200                __divsf3
 .text.__gesf2  0x00000000000064b2       0x86 e:/mounriver/mounriver_studio/toolchain/risc-v embedded gcc/bin/../lib/gcc/riscv-none-embed/8.2.0/rv32imacxw/ilp32\libgcc.a(gesf2.o)
                0x00000000000064b2                __gesf2
                0x00000000000064b2                __gtsf2
 .text.__lesf2  0x0000000000006538       0x8c e:/mounriver/mounriver_studio/toolchain/risc-v embedded gcc/bin/../lib/gcc/riscv-none-embed/8.2.0/rv32imacxw/ilp32\libgcc.a(lesf2.o)
                0x0000000000006538                __ltsf2
                0x0000000000006538                __lesf2
 .text.__mulsf3
                0x00000000000065c4      0x294 e:/mounriver/mounriver_studio/toolchain/risc-v embedded gcc/bin/../lib/gcc/riscv-none-embed/8.2.0/rv32imacxw/ilp32\libgcc.a(mulsf3.o)
                0x00000000000065c4                __mulsf3
 .text.__subsf3
                0x0000000000006858      0x388 e:/mounriver/mounriver_studio/toolchain/risc-v embedded gcc/bin/../lib/gcc/riscv-none-embed/8.2.0/rv32imacxw/ilp32\libgcc.a(subsf3.o)
                0x0000000000006858                __subsf3
 .text.__fixunssfsi
                0x0000000000006be0       0x56 e:/mounriver/mounriver_studio/toolchain/risc-v embedded gcc/bin/../lib/gcc/riscv-none-embed/8.2.0/rv32imacxw/ilp32\libgcc.a(fixunssfsi.o)
                0x0000000000006be0                __fixunssfsi
 .text.__floatsisf
                0x0000000000006c36       0xc6 e:/mounriver/mounriver_studio/toolchain/risc-v embedded gcc/bin/../lib/gcc/riscv-none-embed/8.2.0/rv32imacxw/ilp32\libgcc.a(floatsisf.o)
                0x0000000000006c36                __floatsisf
 .text.__floatunsisf
                0x0000000000006cfc       0xce e:/mounriver/mounriver_studio/toolchain/risc-v embedded gcc/bin/../lib/gcc/riscv-none-embed/8.2.0/rv32imacxw/ilp32\libgcc.a(floatunsisf.o)
                0x0000000000006cfc                __floatunsisf
 .text.__extendsfdf2
                0x0000000000006dca       0xac e:/mounriver/mounriver_studio/toolchain/risc-v embedded gcc/bin/../lib/gcc/riscv-none-embed/8.2.0/rv32imacxw/ilp32\libgcc.a(extendsfdf2.o)
                0x0000000000006dca                __extendsfdf2
 .text.__truncdfsf2
                0x0000000000006e76      0x16a e:/mounriver/mounriver_studio/toolchain/risc-v embedded gcc/bin/../lib/gcc/riscv-none-embed/8.2.0/rv32imacxw/ilp32\libgcc.a(truncdfsf2.o)
                0x0000000000006e76                __truncdfsf2
 .text.__clzsi2
                0x0000000000006fe0       0x6e e:/mounriver/mounriver_studio/toolchain/risc-v embedded gcc/bin/../lib/gcc/riscv-none-embed/8.2.0/rv32imacxw/ilp32\libgcc.a(_clzsi2.o)
                0x0000000000006fe0                __clzsi2
 .text.__errno  0x000000000000704e        0x8 e:/mounriver/mounriver_studio/toolchain/risc-v embedded gcc/bin/../lib/gcc/riscv-none-embed/8.2.0/../../../../riscv-none-embed/lib/rv32imacxw/ilp32\libg_nano.a(lib_a-errno.o)
                0x000000000000704e                __errno
 .text.__cvt    0x0000000000007056       0xea e:/mounriver/mounriver_studio/toolchain/risc-v embedded gcc/bin/../lib/gcc/riscv-none-embed/8.2.0/../../../../riscv-none-embed/lib/rv32imacxw/ilp32\libg_nano.a(lib_a-nano-vfprintf_float.o)
                0x0000000000007056                __cvt
 .text.__exponent
                0x0000000000007140       0x84 e:/mounriver/mounriver_studio/toolchain/risc-v embedded gcc/bin/../lib/gcc/riscv-none-embed/8.2.0/../../../../riscv-none-embed/lib/rv32imacxw/ilp32\libg_nano.a(lib_a-nano-vfprintf_float.o)
                0x0000000000007140                __exponent
 .text._printf_float
                0x00000000000071c4      0x4c4 e:/mounriver/mounriver_studio/toolchain/risc-v embedded gcc/bin/../lib/gcc/riscv-none-embed/8.2.0/../../../../riscv-none-embed/lib/rv32imacxw/ilp32\libg_nano.a(lib_a-nano-vfprintf_float.o)
                0x00000000000071c4                _printf_float
 .text._printf_common
                0x0000000000007688      0x10c e:/mounriver/mounriver_studio/toolchain/risc-v embedded gcc/bin/../lib/gcc/riscv-none-embed/8.2.0/../../../../riscv-none-embed/lib/rv32imacxw/ilp32\libg_nano.a(lib_a-nano-vfprintf_i.o)
                0x0000000000007688                _printf_common
 .text._printf_i
                0x0000000000007794      0x2a4 e:/mounriver/mounriver_studio/toolchain/risc-v embedded gcc/bin/../lib/gcc/riscv-none-embed/8.2.0/../../../../riscv-none-embed/lib/rv32imacxw/ilp32\libg_nano.a(lib_a-nano-vfprintf_i.o)
                0x0000000000007794                _printf_i
 .text.printf   0x0000000000007a38       0x42 e:/mounriver/mounriver_studio/toolchain/risc-v embedded gcc/bin/../lib/gcc/riscv-none-embed/8.2.0/../../../../riscv-none-embed/lib/rv32imacxw/ilp32\libg_nano.a(lib_a-printf.o)
                0x0000000000007a38                iprintf
                0x0000000000007a38                printf
 .text._puts_r  0x0000000000007a7a       0xd8 e:/mounriver/mounriver_studio/toolchain/risc-v embedded gcc/bin/../lib/gcc/riscv-none-embed/8.2.0/../../../../riscv-none-embed/lib/rv32imacxw/ilp32\libg_nano.a(lib_a-puts.o)
                0x0000000000007a7a                _puts_r
 .text.puts     0x0000000000007b52        0xc e:/mounriver/mounriver_studio/toolchain/risc-v embedded gcc/bin/../lib/gcc/riscv-none-embed/8.2.0/../../../../riscv-none-embed/lib/rv32imacxw/ilp32\libg_nano.a(lib_a-puts.o)
                0x0000000000007b52                puts
 .text.sprintf  0x0000000000007b5e       0x46 e:/mounriver/mounriver_studio/toolchain/risc-v embedded gcc/bin/../lib/gcc/riscv-none-embed/8.2.0/../../../../riscv-none-embed/lib/rv32imacxw/ilp32\libg_nano.a(lib_a-sprintf.o)
                0x0000000000007b5e                siprintf
                0x0000000000007b5e                sprintf
 .text.strlen   0x0000000000007ba4       0x12 e:/mounriver/mounriver_studio/toolchain/risc-v embedded gcc/bin/../lib/gcc/riscv-none-embed/8.2.0/../../../../riscv-none-embed/lib/rv32imacxw/ilp32\libg_nano.a(lib_a-strlen.o)
                0x0000000000007ba4                strlen
 .text._vsnprintf_r
                0x0000000000007bb6       0x5c e:/mounriver/mounriver_studio/toolchain/risc-v embedded gcc/bin/../lib/gcc/riscv-none-embed/8.2.0/../../../../riscv-none-embed/lib/rv32imacxw/ilp32\libg_nano.a(lib_a-vsnprintf.o)
                0x0000000000007bb6                _vsniprintf_r
                0x0000000000007bb6                _vsnprintf_r
 .text.vsnprintf
                0x0000000000007c12       0x12 e:/mounriver/mounriver_studio/toolchain/risc-v embedded gcc/bin/../lib/gcc/riscv-none-embed/8.2.0/../../../../riscv-none-embed/lib/rv32imacxw/ilp32\libg_nano.a(lib_a-vsnprintf.o)
                0x0000000000007c12                vsniprintf
                0x0000000000007c12                vsnprintf
 .text.__swbuf_r
                0x0000000000007c24       0xc2 e:/mounriver/mounriver_studio/toolchain/risc-v embedded gcc/bin/../lib/gcc/riscv-none-embed/8.2.0/../../../../riscv-none-embed/lib/rv32imacxw/ilp32\libg_nano.a(lib_a-wbuf.o)
                0x0000000000007c24                __swbuf_r
 .text.__swsetup_r
                0x0000000000007ce6      0x102 e:/mounriver/mounriver_studio/toolchain/risc-v embedded gcc/bin/../lib/gcc/riscv-none-embed/8.2.0/../../../../riscv-none-embed/lib/rv32imacxw/ilp32\libg_nano.a(lib_a-wsetup.o)
                0x0000000000007ce6                __swsetup_r
 .text.quorem   0x0000000000007de8      0x13a e:/mounriver/mounriver_studio/toolchain/risc-v embedded gcc/bin/../lib/gcc/riscv-none-embed/8.2.0/../../../../riscv-none-embed/lib/rv32imacxw/ilp32\libg_nano.a(lib_a-dtoa.o)
 .text._dtoa_r  0x0000000000007f22      0xc16 e:/mounriver/mounriver_studio/toolchain/risc-v embedded gcc/bin/../lib/gcc/riscv-none-embed/8.2.0/../../../../riscv-none-embed/lib/rv32imacxw/ilp32\libg_nano.a(lib_a-dtoa.o)
                0x0000000000007f22                _dtoa_r
 .text.__sflush_r
                0x0000000000008b38      0x132 e:/mounriver/mounriver_studio/toolchain/risc-v embedded gcc/bin/../lib/gcc/riscv-none-embed/8.2.0/../../../../riscv-none-embed/lib/rv32imacxw/ilp32\libg_nano.a(lib_a-fflush.o)
                0x0000000000008b38                __sflush_r
 .text._fflush_r
                0x0000000000008c6a       0x66 e:/mounriver/mounriver_studio/toolchain/risc-v embedded gcc/bin/../lib/gcc/riscv-none-embed/8.2.0/../../../../riscv-none-embed/lib/rv32imacxw/ilp32\libg_nano.a(lib_a-fflush.o)
                0x0000000000008c6a                _fflush_r
 .text.std      0x0000000000008cd0       0x66 e:/mounriver/mounriver_studio/toolchain/risc-v embedded gcc/bin/../lib/gcc/riscv-none-embed/8.2.0/../../../../riscv-none-embed/lib/rv32imacxw/ilp32\libg_nano.a(lib_a-findfp.o)
 .text._cleanup_r
                0x0000000000008d36        0xa e:/mounriver/mounriver_studio/toolchain/risc-v embedded gcc/bin/../lib/gcc/riscv-none-embed/8.2.0/../../../../riscv-none-embed/lib/rv32imacxw/ilp32\libg_nano.a(lib_a-findfp.o)
                0x0000000000008d36                _cleanup_r
 .text.__sfmoreglue
                0x0000000000008d40       0x48 e:/mounriver/mounriver_studio/toolchain/risc-v embedded gcc/bin/../lib/gcc/riscv-none-embed/8.2.0/../../../../riscv-none-embed/lib/rv32imacxw/ilp32\libg_nano.a(lib_a-findfp.o)
                0x0000000000008d40                __sfmoreglue
 .text.__sinit  0x0000000000008d88       0x6c e:/mounriver/mounriver_studio/toolchain/risc-v embedded gcc/bin/../lib/gcc/riscv-none-embed/8.2.0/../../../../riscv-none-embed/lib/rv32imacxw/ilp32\libg_nano.a(lib_a-findfp.o)
                0x0000000000008d88                __sinit
 .text.__sfp    0x0000000000008df4       0xa0 e:/mounriver/mounriver_studio/toolchain/risc-v embedded gcc/bin/../lib/gcc/riscv-none-embed/8.2.0/../../../../riscv-none-embed/lib/rv32imacxw/ilp32\libg_nano.a(lib_a-findfp.o)
                0x0000000000008df4                __sfp
 .text._fwalk_reent
                0x0000000000008e94       0x6a e:/mounriver/mounriver_studio/toolchain/risc-v embedded gcc/bin/../lib/gcc/riscv-none-embed/8.2.0/../../../../riscv-none-embed/lib/rv32imacxw/ilp32\libg_nano.a(lib_a-fwalk.o)
                0x0000000000008e94                _fwalk_reent
 .text._localeconv_r
                0x0000000000008efe       0x18 e:/mounriver/mounriver_studio/toolchain/risc-v embedded gcc/bin/../lib/gcc/riscv-none-embed/8.2.0/../../../../riscv-none-embed/lib/rv32imacxw/ilp32\libg_nano.a(lib_a-localeconv.o)
                0x0000000000008efe                _localeconv_r
 .text.__swhatbuf_r
                0x0000000000008f16       0x58 e:/mounriver/mounriver_studio/toolchain/risc-v embedded gcc/bin/../lib/gcc/riscv-none-embed/8.2.0/../../../../riscv-none-embed/lib/rv32imacxw/ilp32\libg_nano.a(lib_a-makebuf.o)
                0x0000000000008f16                __swhatbuf_r
 .text.__smakebuf_r
                0x0000000000008f6e       0x94 e:/mounriver/mounriver_studio/toolchain/risc-v embedded gcc/bin/../lib/gcc/riscv-none-embed/8.2.0/../../../../riscv-none-embed/lib/rv32imacxw/ilp32\libg_nano.a(lib_a-makebuf.o)
                0x0000000000008f6e                __smakebuf_r
 .text.malloc   0x0000000000009002        0xc e:/mounriver/mounriver_studio/toolchain/risc-v embedded gcc/bin/../lib/gcc/riscv-none-embed/8.2.0/../../../../riscv-none-embed/lib/rv32imacxw/ilp32\libg_nano.a(lib_a-malloc.o)
                0x0000000000009002                malloc
 .text.memchr   0x000000000000900e       0x18 e:/mounriver/mounriver_studio/toolchain/risc-v embedded gcc/bin/../lib/gcc/riscv-none-embed/8.2.0/../../../../riscv-none-embed/lib/rv32imacxw/ilp32\libg_nano.a(lib_a-memchr.o)
                0x000000000000900e                memchr
 .text.memcpy   0x0000000000009026       0xb2 e:/mounriver/mounriver_studio/toolchain/risc-v embedded gcc/bin/../lib/gcc/riscv-none-embed/8.2.0/../../../../riscv-none-embed/lib/rv32imacxw/ilp32\libg_nano.a(lib_a-memcpy.o)
                0x0000000000009026                memcpy
 .text._Balloc  0x00000000000090d8       0x88 e:/mounriver/mounriver_studio/toolchain/risc-v embedded gcc/bin/../lib/gcc/riscv-none-embed/8.2.0/../../../../riscv-none-embed/lib/rv32imacxw/ilp32\libg_nano.a(lib_a-mprec.o)
                0x00000000000090d8                _Balloc
 .text._Bfree   0x0000000000009160       0x44 e:/mounriver/mounriver_studio/toolchain/risc-v embedded gcc/bin/../lib/gcc/riscv-none-embed/8.2.0/../../../../riscv-none-embed/lib/rv32imacxw/ilp32\libg_nano.a(lib_a-mprec.o)
                0x0000000000009160                _Bfree
 .text.__multadd
                0x00000000000091a4       0x98 e:/mounriver/mounriver_studio/toolchain/risc-v embedded gcc/bin/../lib/gcc/riscv-none-embed/8.2.0/../../../../riscv-none-embed/lib/rv32imacxw/ilp32\libg_nano.a(lib_a-mprec.o)
                0x00000000000091a4                __multadd
 .text.__hi0bits
                0x000000000000923c       0x46 e:/mounriver/mounriver_studio/toolchain/risc-v embedded gcc/bin/../lib/gcc/riscv-none-embed/8.2.0/../../../../riscv-none-embed/lib/rv32imacxw/ilp32\libg_nano.a(lib_a-mprec.o)
                0x000000000000923c                __hi0bits
 .text.__lo0bits
                0x0000000000009282       0x6a e:/mounriver/mounriver_studio/toolchain/risc-v embedded gcc/bin/../lib/gcc/riscv-none-embed/8.2.0/../../../../riscv-none-embed/lib/rv32imacxw/ilp32\libg_nano.a(lib_a-mprec.o)
                0x0000000000009282                __lo0bits
 .text.__i2b    0x00000000000092ec       0x1c e:/mounriver/mounriver_studio/toolchain/risc-v embedded gcc/bin/../lib/gcc/riscv-none-embed/8.2.0/../../../../riscv-none-embed/lib/rv32imacxw/ilp32\libg_nano.a(lib_a-mprec.o)
                0x00000000000092ec                __i2b
 .text.__multiply
                0x0000000000009308      0x144 e:/mounriver/mounriver_studio/toolchain/risc-v embedded gcc/bin/../lib/gcc/riscv-none-embed/8.2.0/../../../../riscv-none-embed/lib/rv32imacxw/ilp32\libg_nano.a(lib_a-mprec.o)
                0x0000000000009308                __multiply
 .text.__pow5mult
                0x000000000000944c       0xbe e:/mounriver/mounriver_studio/toolchain/risc-v embedded gcc/bin/../lib/gcc/riscv-none-embed/8.2.0/../../../../riscv-none-embed/lib/rv32imacxw/ilp32\libg_nano.a(lib_a-mprec.o)
                0x000000000000944c                __pow5mult
 .text.__lshift
                0x000000000000950a       0xce e:/mounriver/mounriver_studio/toolchain/risc-v embedded gcc/bin/../lib/gcc/riscv-none-embed/8.2.0/../../../../riscv-none-embed/lib/rv32imacxw/ilp32\libg_nano.a(lib_a-mprec.o)
                0x000000000000950a                __lshift
 .text.__mcmp   0x00000000000095d8       0x32 e:/mounriver/mounriver_studio/toolchain/risc-v embedded gcc/bin/../lib/gcc/riscv-none-embed/8.2.0/../../../../riscv-none-embed/lib/rv32imacxw/ilp32\libg_nano.a(lib_a-mprec.o)
                0x00000000000095d8                __mcmp
 .text.__mdiff  0x000000000000960a       0xf2 e:/mounriver/mounriver_studio/toolchain/risc-v embedded gcc/bin/../lib/gcc/riscv-none-embed/8.2.0/../../../../riscv-none-embed/lib/rv32imacxw/ilp32\libg_nano.a(lib_a-mprec.o)
                0x000000000000960a                __mdiff
 .text.__d2b    0x00000000000096fc       0xd4 e:/mounriver/mounriver_studio/toolchain/risc-v embedded gcc/bin/../lib/gcc/riscv-none-embed/8.2.0/../../../../riscv-none-embed/lib/rv32imacxw/ilp32\libg_nano.a(lib_a-mprec.o)
                0x00000000000096fc                __d2b
 .text._calloc_r
                0x00000000000097d0       0x26 e:/mounriver/mounriver_studio/toolchain/risc-v embedded gcc/bin/../lib/gcc/riscv-none-embed/8.2.0/../../../../riscv-none-embed/lib/rv32imacxw/ilp32\libg_nano.a(lib_a-nano-callocr.o)
                0x00000000000097d0                _calloc_r
 .text._free_r  0x00000000000097f6       0xa8 e:/mounriver/mounriver_studio/toolchain/risc-v embedded gcc/bin/../lib/gcc/riscv-none-embed/8.2.0/../../../../riscv-none-embed/lib/rv32imacxw/ilp32\libg_nano.a(lib_a-nano-freer.o)
                0x00000000000097f6                _free_r
 .text._malloc_r
                0x000000000000989e       0xd4 e:/mounriver/mounriver_studio/toolchain/risc-v embedded gcc/bin/../lib/gcc/riscv-none-embed/8.2.0/../../../../riscv-none-embed/lib/rv32imacxw/ilp32\libg_nano.a(lib_a-nano-mallocr.o)
                0x000000000000989e                _malloc_r
 .text.__ssputs_r
                0x0000000000009972       0xe4 e:/mounriver/mounriver_studio/toolchain/risc-v embedded gcc/bin/../lib/gcc/riscv-none-embed/8.2.0/../../../../riscv-none-embed/lib/rv32imacxw/ilp32\libg_nano.a(lib_a-nano-svfprintf.o)
                0x0000000000009972                __ssputs_r
 .text._svfprintf_r
                0x0000000000009a56      0x268 e:/mounriver/mounriver_studio/toolchain/risc-v embedded gcc/bin/../lib/gcc/riscv-none-embed/8.2.0/../../../../riscv-none-embed/lib/rv32imacxw/ilp32\libg_nano.a(lib_a-nano-svfprintf.o)
                0x0000000000009a56                _svfiprintf_r
                0x0000000000009a56                _svfprintf_r
 .text.__sfputc_r
                0x0000000000009cbe       0x28 e:/mounriver/mounriver_studio/toolchain/risc-v embedded gcc/bin/../lib/gcc/riscv-none-embed/8.2.0/../../../../riscv-none-embed/lib/rv32imacxw/ilp32\libg_nano.a(lib_a-nano-vfprintf.o)
 .text.__sfputs_r
                0x0000000000009ce6       0x42 e:/mounriver/mounriver_studio/toolchain/risc-v embedded gcc/bin/../lib/gcc/riscv-none-embed/8.2.0/../../../../riscv-none-embed/lib/rv32imacxw/ilp32\libg_nano.a(lib_a-nano-vfprintf.o)
                0x0000000000009ce6                __sfputs_r
 .text._vfprintf_r
                0x0000000000009d28      0x28c e:/mounriver/mounriver_studio/toolchain/risc-v embedded gcc/bin/../lib/gcc/riscv-none-embed/8.2.0/../../../../riscv-none-embed/lib/rv32imacxw/ilp32\libg_nano.a(lib_a-nano-vfprintf.o)
                0x0000000000009d28                _vfprintf_r
                0x0000000000009d28                _vfiprintf_r
 .text._sbrk_r  0x0000000000009fb4       0x32 e:/mounriver/mounriver_studio/toolchain/risc-v embedded gcc/bin/../lib/gcc/riscv-none-embed/8.2.0/../../../../riscv-none-embed/lib/rv32imacxw/ilp32\libg_nano.a(lib_a-sbrkr.o)
                0x0000000000009fb4                _sbrk_r
 .text.__sread  0x0000000000009fe6       0x2c e:/mounriver/mounriver_studio/toolchain/risc-v embedded gcc/bin/../lib/gcc/riscv-none-embed/8.2.0/../../../../riscv-none-embed/lib/rv32imacxw/ilp32\libg_nano.a(lib_a-stdio.o)
                0x0000000000009fe6                __sread
 .text.__swrite
                0x000000000000a012       0x48 e:/mounriver/mounriver_studio/toolchain/risc-v embedded gcc/bin/../lib/gcc/riscv-none-embed/8.2.0/../../../../riscv-none-embed/lib/rv32imacxw/ilp32\libg_nano.a(lib_a-stdio.o)
                0x000000000000a012                __swrite
 .text.__sseek  0x000000000000a05a       0x30 e:/mounriver/mounriver_studio/toolchain/risc-v embedded gcc/bin/../lib/gcc/riscv-none-embed/8.2.0/../../../../riscv-none-embed/lib/rv32imacxw/ilp32\libg_nano.a(lib_a-stdio.o)
                0x000000000000a05a                __sseek
 .text.__sclose
                0x000000000000a08a        0x6 e:/mounriver/mounriver_studio/toolchain/risc-v embedded gcc/bin/../lib/gcc/riscv-none-embed/8.2.0/../../../../riscv-none-embed/lib/rv32imacxw/ilp32\libg_nano.a(lib_a-stdio.o)
                0x000000000000a08a                __sclose
 .text._write_r
                0x000000000000a090       0x36 e:/mounriver/mounriver_studio/toolchain/risc-v embedded gcc/bin/../lib/gcc/riscv-none-embed/8.2.0/../../../../riscv-none-embed/lib/rv32imacxw/ilp32\libg_nano.a(lib_a-writer.o)
                0x000000000000a090                _write_r
 .text._close_r
                0x000000000000a0c6       0x30 e:/mounriver/mounriver_studio/toolchain/risc-v embedded gcc/bin/../lib/gcc/riscv-none-embed/8.2.0/../../../../riscv-none-embed/lib/rv32imacxw/ilp32\libg_nano.a(lib_a-closer.o)
                0x000000000000a0c6                _close_r
 .text._fstat_r
                0x000000000000a0f6       0x32 e:/mounriver/mounriver_studio/toolchain/risc-v embedded gcc/bin/../lib/gcc/riscv-none-embed/8.2.0/../../../../riscv-none-embed/lib/rv32imacxw/ilp32\libg_nano.a(lib_a-fstatr.o)
                0x000000000000a0f6                _fstat_r
 .text._isatty_r
                0x000000000000a128       0x30 e:/mounriver/mounriver_studio/toolchain/risc-v embedded gcc/bin/../lib/gcc/riscv-none-embed/8.2.0/../../../../riscv-none-embed/lib/rv32imacxw/ilp32\libg_nano.a(lib_a-isattyr.o)
                0x000000000000a128                _isatty_r
 .text._lseek_r
                0x000000000000a158       0x34 e:/mounriver/mounriver_studio/toolchain/risc-v embedded gcc/bin/../lib/gcc/riscv-none-embed/8.2.0/../../../../riscv-none-embed/lib/rv32imacxw/ilp32\libg_nano.a(lib_a-lseekr.o)
                0x000000000000a158                _lseek_r
 .text.__ascii_mbtowc
                0x000000000000a18c       0x32 e:/mounriver/mounriver_studio/toolchain/risc-v embedded gcc/bin/../lib/gcc/riscv-none-embed/8.2.0/../../../../riscv-none-embed/lib/rv32imacxw/ilp32\libg_nano.a(lib_a-mbtowc_r.o)
                0x000000000000a18c                __ascii_mbtowc
 .text.memmove  0x000000000000a1be       0x46 e:/mounriver/mounriver_studio/toolchain/risc-v embedded gcc/bin/../lib/gcc/riscv-none-embed/8.2.0/../../../../riscv-none-embed/lib/rv32imacxw/ilp32\libg_nano.a(lib_a-memmove.o)
                0x000000000000a1be                memmove
 .text.__malloc_lock
                0x000000000000a204        0x2 e:/mounriver/mounriver_studio/toolchain/risc-v embedded gcc/bin/../lib/gcc/riscv-none-embed/8.2.0/../../../../riscv-none-embed/lib/rv32imacxw/ilp32\libg_nano.a(lib_a-mlock.o)
                0x000000000000a204                __malloc_lock
 .text.__malloc_unlock
                0x000000000000a206        0x2 e:/mounriver/mounriver_studio/toolchain/risc-v embedded gcc/bin/../lib/gcc/riscv-none-embed/8.2.0/../../../../riscv-none-embed/lib/rv32imacxw/ilp32\libg_nano.a(lib_a-mlock.o)
                0x000000000000a206                __malloc_unlock
 .text._realloc_r
                0x000000000000a208       0x58 e:/mounriver/mounriver_studio/toolchain/risc-v embedded gcc/bin/../lib/gcc/riscv-none-embed/8.2.0/../../../../riscv-none-embed/lib/rv32imacxw/ilp32\libg_nano.a(lib_a-nano-reallocr.o)
                0x000000000000a208                _realloc_r
 .text._read_r  0x000000000000a260       0x34 e:/mounriver/mounriver_studio/toolchain/risc-v embedded gcc/bin/../lib/gcc/riscv-none-embed/8.2.0/../../../../riscv-none-embed/lib/rv32imacxw/ilp32\libg_nano.a(lib_a-readr.o)
                0x000000000000a260                _read_r
 .text.__ascii_wctomb
                0x000000000000a294       0x1e e:/mounriver/mounriver_studio/toolchain/risc-v embedded gcc/bin/../lib/gcc/riscv-none-embed/8.2.0/../../../../riscv-none-embed/lib/rv32imacxw/ilp32\libg_nano.a(lib_a-wctomb_r.o)
                0x000000000000a294                __ascii_wctomb
 .text._malloc_usable_size_r
                0x000000000000a2b2       0x14 e:/mounriver/mounriver_studio/toolchain/risc-v embedded gcc/bin/../lib/gcc/riscv-none-embed/8.2.0/../../../../riscv-none-embed/lib/rv32imacxw/ilp32\libg_nano.a(lib_a-nano-msizer.o)
                0x000000000000a2b2                _malloc_usable_size_r
 .text.__fixdfsi
                0x000000000000a2c6       0x68 e:/mounriver/mounriver_studio/toolchain/risc-v embedded gcc/bin/../lib/gcc/riscv-none-embed/8.2.0/rv32imacxw/ilp32\libgcc.a(fixdfsi.o)
                0x000000000000a2c6                __fixdfsi
 .text.__trunctfdf2
                0x000000000000a32e      0x21e e:/mounriver/mounriver_studio/toolchain/risc-v embedded gcc/bin/../lib/gcc/riscv-none-embed/8.2.0/rv32imacxw/ilp32\libgcc.a(trunctfdf2.o)
                0x000000000000a32e                __trunctfdf2
 .text._close   0x000000000000a54c       0x10 e:/mounriver/mounriver_studio/toolchain/risc-v embedded gcc/bin/../lib/gcc/riscv-none-embed/8.2.0/../../../../riscv-none-embed/lib/rv32imacxw/ilp32\libnosys.a(close.o)
                0x000000000000a54c                _close
 .text._fstat   0x000000000000a55c       0x10 e:/mounriver/mounriver_studio/toolchain/risc-v embedded gcc/bin/../lib/gcc/riscv-none-embed/8.2.0/../../../../riscv-none-embed/lib/rv32imacxw/ilp32\libnosys.a(fstat.o)
                0x000000000000a55c                _fstat
 .text._isatty  0x000000000000a56c       0x10 e:/mounriver/mounriver_studio/toolchain/risc-v embedded gcc/bin/../lib/gcc/riscv-none-embed/8.2.0/../../../../riscv-none-embed/lib/rv32imacxw/ilp32\libnosys.a(isatty.o)
                0x000000000000a56c                _isatty
 .text._lseek   0x000000000000a57c       0x10 e:/mounriver/mounriver_studio/toolchain/risc-v embedded gcc/bin/../lib/gcc/riscv-none-embed/8.2.0/../../../../riscv-none-embed/lib/rv32imacxw/ilp32\libnosys.a(lseek.o)
                0x000000000000a57c                _lseek
 .text._read    0x000000000000a58c       0x10 e:/mounriver/mounriver_studio/toolchain/risc-v embedded gcc/bin/../lib/gcc/riscv-none-embed/8.2.0/../../../../riscv-none-embed/lib/rv32imacxw/ilp32\libnosys.a(read.o)
                0x000000000000a58c                _read
 *(.rodata)
 *(.rodata*)
 *fill*         0x000000000000a59c        0x0 
 .rodata.ExtractCILCParameters.cst4
                0x000000000000a59c       0x10 ./mlx9640/MLX90640_API.o
 .rodata.ExtractCPParameters.cst4
                0x000000000000a5ac        0x4 ./mlx9640/MLX90640_API.o
 .rodata.ExtractKsTaParameters.cst4
                0x000000000000a5b0        0x4 ./mlx9640/MLX90640_API.o
 .rodata.ExtractKtaPixelParameters.cst4
                0x000000000000a5b4        0x8 ./mlx9640/MLX90640_API.o
 .rodata.ExtractPTATParameters.cst4
                0x000000000000a5bc       0x18 ./mlx9640/MLX90640_API.o
 *fill*         0x000000000000a5d4        0x4 
 .rodata.ExtractPTATParameters.cst8
                0x000000000000a5d8       0x10 ./mlx9640/MLX90640_API.o
 .rodata.ExtractTgcParameters.cst4
                0x000000000000a5e8        0xc ./mlx9640/MLX90640_API.o
 .rodata.MLX90640_GetTa.cst4
                0x000000000000a5f4        0xc ./mlx9640/MLX90640_API.o
 .rodata.MLX90640_GetVdd.cst4
                0x000000000000a600        0x8 ./mlx9640/MLX90640_API.o
 .rodata.MLX90640_GetVdd.cst8
                0x000000000000a608        0x8 ./mlx9640/MLX90640_API.o
 .rodata.Disp_TempPic.cst4
                0x000000000000a610        0x4 ./User/Displaytemp.o
 *fill*         0x000000000000a614        0x4 
 .rodata.Disp_TempPic.cst8
                0x000000000000a618        0x8 ./User/Displaytemp.o
 .rodata.Disp_TempPic.str1.4
                0x000000000000a620       0x35 ./User/Displaytemp.o
 .rodata.mlx90640_Getvalue.cst4
                0x000000000000a655        0x4 ./User/Displaytemp.o
 *fill*         0x000000000000a655        0x3 
 .rodata.mlx_90640_init.str1.4
                0x000000000000a658       0x7b ./User/Displaytemp.o
 *fill*         0x000000000000a6d3        0x1 
 .rodata.showx.str1.4
                0x000000000000a6d4        0x3 ./User/Displaytemp.o
 *fill*         0x000000000000a6d7        0x1 
 .rodata.HardFault_Handler.str1.4
                0x000000000000a6d8       0x2e ./User/ch32v30x_it.o
 *fill*         0x000000000000a706        0x2 
 .rodata.asc2_1608
                0x000000000000a708      0x5e0 ./User/lcd.o
                0x000000000000a708                asc2_1608
 .rodata.asc2_2412
                0x000000000000ace8     0x11a0 ./User/lcd.o
                0x000000000000ace8                asc2_2412
 .rodata.asc2_3216
                0x000000000000be88     0x1780 ./User/lcd.o
                0x000000000000be88                asc2_3216
 .rodata.lcd_init.str1.4
                0x000000000000d608        0xa ./User/lcd.o
 *fill*         0x000000000000d612        0x2 
 .rodata.lcd_show_char.str1.4
                0x000000000000d614       0x4a ./User/lcd.o
 *fill*         0x000000000000d65e        0x2 
 .rodata.lcd_show_string.str1.4
                0x000000000000d660       0x1e ./User/lcd.o
 *fill*         0x000000000000d67e        0x2 
 .rodata.main.str1.4
                0x000000000000d680       0x38 ./User/main.o
 .rodata.pow.cst8
                0x000000000000d6b8       0x30 e:/mounriver/mounriver_studio/toolchain/risc-v embedded gcc/bin/../lib/gcc/riscv-none-embed/8.2.0/../../../../riscv-none-embed/lib/rv32imacxw/ilp32\libm.a(lib_a-w_pow.o)
 .rodata.pow.str1.4
                0x000000000000d6e8        0x4 e:/mounriver/mounriver_studio/toolchain/risc-v embedded gcc/bin/../lib/gcc/riscv-none-embed/8.2.0/../../../../riscv-none-embed/lib/rv32imacxw/ilp32\libm.a(lib_a-w_pow.o)
 .rodata.sqrt.str1.4
                0x000000000000d6ec        0x5 e:/mounriver/mounriver_studio/toolchain/risc-v embedded gcc/bin/../lib/gcc/riscv-none-embed/8.2.0/../../../../riscv-none-embed/lib/rv32imacxw/ilp32\libm.a(lib_a-w_sqrt.o)
 *fill*         0x000000000000d6f1        0x7 
 .rodata.__ieee754_pow.cst8
                0x000000000000d6f8       0xf8 e:/mounriver/mounriver_studio/toolchain/risc-v embedded gcc/bin/../lib/gcc/riscv-none-embed/8.2.0/../../../../riscv-none-embed/lib/rv32imacxw/ilp32\libm.a(lib_a-e_pow.o)
                                        0x110 (size before relaxing)
 .rodata.__ieee754_pow.str1.4
                0x000000000000d7f0        0x5 e:/mounriver/mounriver_studio/toolchain/risc-v embedded gcc/bin/../lib/gcc/riscv-none-embed/8.2.0/../../../../riscv-none-embed/lib/rv32imacxw/ilp32\libm.a(lib_a-e_pow.o)
                                          0x1 (size before relaxing)
 .rodata.nan.cst8
                0x000000000000d7f0        0x8 e:/mounriver/mounriver_studio/toolchain/risc-v embedded gcc/bin/../lib/gcc/riscv-none-embed/8.2.0/../../../../riscv-none-embed/lib/rv32imacxw/ilp32\libm.a(lib_a-s_nan.o)
 .rodata.TWO52  0x000000000000d7f8       0x10 e:/mounriver/mounriver_studio/toolchain/risc-v embedded gcc/bin/../lib/gcc/riscv-none-embed/8.2.0/../../../../riscv-none-embed/lib/rv32imacxw/ilp32\libm.a(lib_a-s_rint.o)
 .rodata.scalbn.cst8
                0x000000000000d808       0x10 e:/mounriver/mounriver_studio/toolchain/risc-v embedded gcc/bin/../lib/gcc/riscv-none-embed/8.2.0/../../../../riscv-none-embed/lib/rv32imacxw/ilp32\libm.a(lib_a-s_scalbn.o)
                                         0x20 (size before relaxing)
 .rodata.__divdf3
                0x000000000000d818       0x40 e:/mounriver/mounriver_studio/toolchain/risc-v embedded gcc/bin/../lib/gcc/riscv-none-embed/8.2.0/rv32imacxw/ilp32\libgcc.a(divdf3.o)
 .rodata.__muldf3
                0x000000000000d858       0x40 e:/mounriver/mounriver_studio/toolchain/risc-v embedded gcc/bin/../lib/gcc/riscv-none-embed/8.2.0/rv32imacxw/ilp32\libgcc.a(muldf3.o)
 .rodata.__divsf3
                0x000000000000d898       0x80 e:/mounriver/mounriver_studio/toolchain/risc-v embedded gcc/bin/../lib/gcc/riscv-none-embed/8.2.0/rv32imacxw/ilp32\libgcc.a(divsf3.o)
 .rodata.__mulsf3
                0x000000000000d918       0x40 e:/mounriver/mounriver_studio/toolchain/risc-v embedded gcc/bin/../lib/gcc/riscv-none-embed/8.2.0/rv32imacxw/ilp32\libgcc.a(mulsf3.o)
 .rodata.__clz_tab
                0x000000000000d958      0x100 e:/mounriver/mounriver_studio/toolchain/risc-v embedded gcc/bin/../lib/gcc/riscv-none-embed/8.2.0/rv32imacxw/ilp32\libgcc.a(_clz.o)
                0x000000000000d958                __clz_tab
 .rodata._printf_float.cst8
                0x000000000000da58        0x8 e:/mounriver/mounriver_studio/toolchain/risc-v embedded gcc/bin/../lib/gcc/riscv-none-embed/8.2.0/../../../../riscv-none-embed/lib/rv32imacxw/ilp32\libg_nano.a(lib_a-nano-vfprintf_float.o)
 .rodata._printf_float.str1.4
                0x000000000000da60       0x12 e:/mounriver/mounriver_studio/toolchain/risc-v embedded gcc/bin/../lib/gcc/riscv-none-embed/8.2.0/../../../../riscv-none-embed/lib/rv32imacxw/ilp32\libg_nano.a(lib_a-nano-vfprintf_float.o)
 *fill*         0x000000000000da72        0x2 
 .rodata._printf_i.str1.4
                0x000000000000da74       0x25 e:/mounriver/mounriver_studio/toolchain/risc-v embedded gcc/bin/../lib/gcc/riscv-none-embed/8.2.0/../../../../riscv-none-embed/lib/rv32imacxw/ilp32\libg_nano.a(lib_a-nano-vfprintf_i.o)
 *fill*         0x000000000000da99        0x7 
 .rodata._dtoa_r.cst8
                0x000000000000daa0       0x30 e:/mounriver/mounriver_studio/toolchain/risc-v embedded gcc/bin/../lib/gcc/riscv-none-embed/8.2.0/../../../../riscv-none-embed/lib/rv32imacxw/ilp32\libg_nano.a(lib_a-dtoa.o)
                                         0x48 (size before relaxing)
 .rodata._dtoa_r.str1.4
                0x000000000000dad0       0x10 e:/mounriver/mounriver_studio/toolchain/risc-v embedded gcc/bin/../lib/gcc/riscv-none-embed/8.2.0/../../../../riscv-none-embed/lib/rv32imacxw/ilp32\libg_nano.a(lib_a-dtoa.o)
                                         0x12 (size before relaxing)
 .rodata.__sf_fake_stderr
                0x000000000000dae0       0x20 e:/mounriver/mounriver_studio/toolchain/risc-v embedded gcc/bin/../lib/gcc/riscv-none-embed/8.2.0/../../../../riscv-none-embed/lib/rv32imacxw/ilp32\libg_nano.a(lib_a-findfp.o)
                0x000000000000dae0                __sf_fake_stderr
 .rodata.__sf_fake_stdin
                0x000000000000db00       0x20 e:/mounriver/mounriver_studio/toolchain/risc-v embedded gcc/bin/../lib/gcc/riscv-none-embed/8.2.0/../../../../riscv-none-embed/lib/rv32imacxw/ilp32\libg_nano.a(lib_a-findfp.o)
                0x000000000000db00                __sf_fake_stdin
 .rodata.__sf_fake_stdout
                0x000000000000db20       0x20 e:/mounriver/mounriver_studio/toolchain/risc-v embedded gcc/bin/../lib/gcc/riscv-none-embed/8.2.0/../../../../riscv-none-embed/lib/rv32imacxw/ilp32\libg_nano.a(lib_a-findfp.o)
                0x000000000000db20                __sf_fake_stdout
 .rodata.__mprec_bigtens
                0x000000000000db40       0x28 e:/mounriver/mounriver_studio/toolchain/risc-v embedded gcc/bin/../lib/gcc/riscv-none-embed/8.2.0/../../../../riscv-none-embed/lib/rv32imacxw/ilp32\libg_nano.a(lib_a-mprec.o)
                0x000000000000db40                __mprec_bigtens
 .rodata.__mprec_tens
                0x000000000000db68       0xc8 e:/mounriver/mounriver_studio/toolchain/risc-v embedded gcc/bin/../lib/gcc/riscv-none-embed/8.2.0/../../../../riscv-none-embed/lib/rv32imacxw/ilp32\libg_nano.a(lib_a-mprec.o)
                0x000000000000db68                __mprec_tens
 .rodata.p05.3319
                0x000000000000dc30        0xc e:/mounriver/mounriver_studio/toolchain/risc-v embedded gcc/bin/../lib/gcc/riscv-none-embed/8.2.0/../../../../riscv-none-embed/lib/rv32imacxw/ilp32\libg_nano.a(lib_a-mprec.o)
 .rodata._svfprintf_r.str1.4
                0x000000000000dc3c       0x13 e:/mounriver/mounriver_studio/toolchain/risc-v embedded gcc/bin/../lib/gcc/riscv-none-embed/8.2.0/../../../../riscv-none-embed/lib/rv32imacxw/ilp32\libg_nano.a(lib_a-nano-svfprintf.o)
 .rodata._vfprintf_r.str1.4
                0x000000000000dc4f       0x13 e:/mounriver/mounriver_studio/toolchain/risc-v embedded gcc/bin/../lib/gcc/riscv-none-embed/8.2.0/../../../../riscv-none-embed/lib/rv32imacxw/ilp32\libg_nano.a(lib_a-nano-vfprintf.o)
 *fill*         0x000000000000dc4f        0x1 
 .rodata._setlocale_r.str1.4
                0x000000000000dc50        0xa e:/mounriver/mounriver_studio/toolchain/risc-v embedded gcc/bin/../lib/gcc/riscv-none-embed/8.2.0/../../../../riscv-none-embed/lib/rv32imacxw/ilp32\libg_nano.a(lib_a-locale.o)
                                          0xd (size before relaxing)
 *fill*         0x000000000000dc5a        0x2 
 .rodata.str1.4
                0x000000000000dc5c        0x4 e:/mounriver/mounriver_studio/toolchain/risc-v embedded gcc/bin/../lib/gcc/riscv-none-embed/8.2.0/../../../../riscv-none-embed/lib/rv32imacxw/ilp32\libg_nano.a(lib_a-locale.o)
                                          0x2 (size before relaxing)
 .rodata._ctype_
                0x000000000000dc60      0x101 e:/mounriver/mounriver_studio/toolchain/risc-v embedded gcc/bin/../lib/gcc/riscv-none-embed/8.2.0/../../../../riscv-none-embed/lib/rv32imacxw/ilp32\libg_nano.a(lib_a-ctype_.o)
                0x000000000000dc60                _ctype_
 *(.gnu.linkonce.t.*)
                0x000000000000dd64                . = ALIGN (0x4)
 *fill*         0x000000000000dd61        0x3 

RAMCODE         0x000000000000dd64      0x54a
 RAMCODE        0x000000000000dd64      0x54a ./mlx9640/MLX90640_API.o
                0x000000000000dd64                MLX90640_CalculateTo

.rela.dyn       0x000000000000e2b0        0x0
 .rela.init     0x000000000000e2b0        0x0 ./mlx9640/MLX90640_API.o
 .rela.vector   0x000000000000e2b0        0x0 ./mlx9640/MLX90640_API.o
 .rela.text.handle_reset
                0x000000000000e2b0        0x0 ./mlx9640/MLX90640_API.o
 .rela.text._sbrk
                0x000000000000e2b0        0x0 ./mlx9640/MLX90640_API.o
 .rela.sdata.curbrk.5264
                0x000000000000e2b0        0x0 ./mlx9640/MLX90640_API.o
 .rela.text._svfprintf_r
                0x000000000000e2b0        0x0 ./mlx9640/MLX90640_API.o
 .rela.text._vfprintf_r
                0x000000000000e2b0        0x0 ./mlx9640/MLX90640_API.o
 .rela.text._sbrk_r
                0x000000000000e2b0        0x0 ./mlx9640/MLX90640_API.o
 .rela.text._write_r
                0x000000000000e2b0        0x0 ./mlx9640/MLX90640_API.o
 .rela.text._close_r
                0x000000000000e2b0        0x0 ./mlx9640/MLX90640_API.o
 .rela.text._fstat_r
                0x000000000000e2b0        0x0 ./mlx9640/MLX90640_API.o
 .rela.text._isatty_r
                0x000000000000e2b0        0x0 ./mlx9640/MLX90640_API.o
 .rela.text._lseek_r
                0x000000000000e2b0        0x0 ./mlx9640/MLX90640_API.o
 .rela.text._read_r
                0x000000000000e2b0        0x0 ./mlx9640/MLX90640_API.o
 .rela.text._close
                0x000000000000e2b0        0x0 ./mlx9640/MLX90640_API.o
 .rela.text._fstat
                0x000000000000e2b0        0x0 ./mlx9640/MLX90640_API.o
 .rela.text._isatty
                0x000000000000e2b0        0x0 ./mlx9640/MLX90640_API.o
 .rela.text._lseek
                0x000000000000e2b0        0x0 ./mlx9640/MLX90640_API.o
 .rela.text._read
                0x000000000000e2b0        0x0 ./mlx9640/MLX90640_API.o

.fini           0x000000000000e2ae        0x2
 *(SORT_NONE(.fini))
                0x000000000000e2b0                . = ALIGN (0x4)
 *fill*         0x000000000000e2ae        0x2 
                [!provide]                        PROVIDE (_etext = .)
                [!provide]                        PROVIDE (_eitcm = .)

.preinit_array  0x000000000000e2b0        0x0
                [!provide]                        PROVIDE (__preinit_array_start = .)
 *(.preinit_array)
                [!provide]                        PROVIDE (__preinit_array_end = .)

.init_array     0x000000000000e2b0        0x0
                [!provide]                        PROVIDE (__init_array_start = .)
 *(SORT_BY_INIT_PRIORITY(.init_array.*) SORT_BY_INIT_PRIORITY(.ctors.*))
 *(.init_array EXCLUDE_FILE(*crtend?.o *crtend.o *crtbegin?.o *crtbegin.o) .ctors)
                [!provide]                        PROVIDE (__init_array_end = .)

.fini_array     0x000000000000e2b0        0x0
                [!provide]                        PROVIDE (__fini_array_start = .)
 *(SORT_BY_INIT_PRIORITY(.fini_array.*) SORT_BY_INIT_PRIORITY(.dtors.*))
 *(.fini_array EXCLUDE_FILE(*crtend?.o *crtend.o *crtbegin?.o *crtbegin.o) .dtors)
                [!provide]                        PROVIDE (__fini_array_end = .)

.ctors
 *crtbegin.o(.ctors)
 *crtbegin?.o(.ctors)
 *(EXCLUDE_FILE(*crtend?.o *crtend.o) .ctors)
 *(SORT_BY_NAME(.ctors.*))
 *(.ctors)

.dtors
 *crtbegin.o(.dtors)
 *crtbegin?.o(.dtors)
 *(EXCLUDE_FILE(*crtend?.o *crtend.o) .dtors)
 *(SORT_BY_NAME(.dtors.*))
 *(.dtors)

.dalign         0x0000000020000000        0x0 load address 0x000000000000e2b0
                0x0000000020000000                . = ALIGN (0x4)
                0x0000000020000000                PROVIDE (_data_vma = .)

.dlalign        0x000000000000e2b0        0x0
                0x000000000000e2b0                . = ALIGN (0x4)
                0x000000000000e2b0                PROVIDE (_data_lma = .)

.data           0x0000000020000000      0x438 load address 0x000000000000e2b0
 *(.gnu.linkonce.r.*)
 *(.data .data.*)
 .data.camColors
                0x0000000020000000      0x200 ./User/Displaytemp.o
                0x0000000020000000                camColors
 .data.AHBPrescTable
                0x0000000020000200       0x10 ./User/system_ch32v30x.o
                0x0000000020000200                AHBPrescTable
 .data.APBAHBPrescTable
                0x0000000020000210       0x10 ./Peripheral/src/ch32v30x_rcc.o
 .data.impure_data
                0x0000000020000220       0x60 e:/mounriver/mounriver_studio/toolchain/risc-v embedded gcc/bin/../lib/gcc/riscv-none-embed/8.2.0/../../../../riscv-none-embed/lib/rv32imacxw/ilp32\libg_nano.a(lib_a-impure.o)
 .data.__global_locale
                0x0000000020000280      0x16c e:/mounriver/mounriver_studio/toolchain/risc-v embedded gcc/bin/../lib/gcc/riscv-none-embed/8.2.0/../../../../riscv-none-embed/lib/rv32imacxw/ilp32\libg_nano.a(lib_a-locale.o)
                0x0000000020000280                __global_locale
 *(.gnu.linkonce.d.*)
                0x00000000200003f0                . = ALIGN (0x8)
 *fill*         0x00000000200003ec        0x4 
                0x0000000020000bf0                PROVIDE (__global_pointer$ = (. + 0x800))
 *(.sdata .sdata.*)
 .sdata.emissivity
                0x00000000200003f0        0x4 ./User/Displaytemp.o
                0x00000000200003f0                emissivity
 .sdata.freqCnt
                0x00000000200003f4        0x4 ./User/iic.o
 .sdata.FORE_COLOR
                0x00000000200003f8        0x2 ./User/lcd.o
                0x00000000200003f8                FORE_COLOR
 *fill*         0x00000000200003fa        0x2 
 .sdata.SystemCoreClock
                0x00000000200003fc        0x4 ./User/system_ch32v30x.o
                0x00000000200003fc                SystemCoreClock
 .sdata.ADCPrescTable
                0x0000000020000400        0x4 ./Peripheral/src/ch32v30x_rcc.o
 .sdata.curbrk.5264
                0x0000000020000404        0x4 ./Debug/debug.o
 .sdata.__fdlib_version
                0x0000000020000408        0x4 e:/mounriver/mounriver_studio/toolchain/risc-v embedded gcc/bin/../lib/gcc/riscv-none-embed/8.2.0/../../../../riscv-none-embed/lib/rv32imacxw/ilp32\libm.a(lib_a-s_lib_ver.o)
                0x0000000020000408                __fdlib_version
 .sdata._impure_ptr
                0x000000002000040c        0x4 e:/mounriver/mounriver_studio/toolchain/risc-v embedded gcc/bin/../lib/gcc/riscv-none-embed/8.2.0/../../../../riscv-none-embed/lib/rv32imacxw/ilp32\libg_nano.a(lib_a-impure.o)
                0x000000002000040c                _impure_ptr
 *(.sdata2.*)
 .sdata2._global_impure_ptr
                0x0000000020000410        0x4 e:/mounriver/mounriver_studio/toolchain/risc-v embedded gcc/bin/../lib/gcc/riscv-none-embed/8.2.0/../../../../riscv-none-embed/lib/rv32imacxw/ilp32\libg_nano.a(lib_a-impure.o)
                0x0000000020000410                _global_impure_ptr
 *(.gnu.linkonce.s.*)
                0x0000000020000418                . = ALIGN (0x8)
 *fill*         0x0000000020000414        0x4 
 *(.srodata.cst16)
 *(.srodata.cst8)
 .srodata.cst8  0x0000000020000418       0x18 ./mlx9640/MLX90640_API.o
 *(.srodata.cst4)
 .srodata.cst4  0x0000000020000430        0x8 ./mlx9640/MLX90640_API.o
 *(.srodata.cst2)
 *(.srodata .srodata.*)
                0x0000000020000438                . = ALIGN (0x4)
                0x0000000020000438                PROVIDE (_edata = .)

.bss            0x0000000020000438     0xa164 load address 0x000000000000e6e8
                0x0000000020000438                . = ALIGN (0x4)
                0x0000000020000438                PROVIDE (_sbss = .)
 *(.sbss*)
 .sbss.Max      0x0000000020000438        0x2 ./User/Displaytemp.o
                0x0000000020000438                Max
 .sbss.Min      0x000000002000043a        0x2 ./User/Displaytemp.o
                0x000000002000043a                Min
 .sbss.T_a      0x000000002000043c        0x4 ./User/Displaytemp.o
                0x000000002000043c                T_a
 .sbss.max_pox  0x0000000020000440        0x2 ./User/Displaytemp.o
                0x0000000020000440                max_pox
 .sbss.min_pox  0x0000000020000442        0x2 ./User/Displaytemp.o
                0x0000000020000442                min_pox
 .sbss.vdd      0x0000000020000444        0x4 ./User/Displaytemp.o
                0x0000000020000444                vdd
 .sbss.dataCheck.5284
                0x0000000020000448        0x2 ./User/iic.o
 .sbss.BACK_COLOR
                0x000000002000044a        0x2 ./User/lcd.o
                0x000000002000044a                BACK_COLOR
 .sbss.NVIC_Priority_Group
                0x000000002000044c        0x4 ./Peripheral/src/ch32v30x_misc.o
                0x000000002000044c                NVIC_Priority_Group
 .sbss.p_ms     0x0000000020000450        0x2 ./Debug/debug.o
 .sbss.p_us     0x0000000020000452        0x1 ./Debug/debug.o
 *fill*         0x0000000020000453        0x1 
 .sbss.__malloc_free_list
                0x0000000020000454        0x4 e:/mounriver/mounriver_studio/toolchain/risc-v embedded gcc/bin/../lib/gcc/riscv-none-embed/8.2.0/../../../../riscv-none-embed/lib/rv32imacxw/ilp32\libg_nano.a(lib_a-nano-mallocr.o)
                0x0000000020000454                __malloc_free_list
 .sbss.__malloc_sbrk_start
                0x0000000020000458        0x4 e:/mounriver/mounriver_studio/toolchain/risc-v embedded gcc/bin/../lib/gcc/riscv-none-embed/8.2.0/../../../../riscv-none-embed/lib/rv32imacxw/ilp32\libg_nano.a(lib_a-nano-mallocr.o)
                0x0000000020000458                __malloc_sbrk_start
 *(.gnu.linkonce.sb.*)
 *(.bss*)
 .bss.EE        0x000000002000045c      0x680 ./User/Displaytemp.o
                0x000000002000045c                EE
 .bss.Temp_dis  0x0000000020000adc      0xc00 ./User/Displaytemp.o
                0x0000000020000adc                Temp_dis
 .bss.To16_mlx90640
                0x00000000200016dc      0x600 ./User/Displaytemp.o
                0x00000000200016dc                To16_mlx90640
 .bss.imagebuf  0x0000000020001cdc     0x4b00 ./User/Displaytemp.o
                0x0000000020001cdc                imagebuf
 .bss.lcdbuf    0x00000000200067dc       0xc8 ./User/Displaytemp.o
                0x00000000200067dc                lcdbuf
 .bss.mlx90640_To
                0x00000000200068a4      0xc00 ./User/Displaytemp.o
                0x00000000200068a4                mlx90640_To
 .bss.mlx90640_frame
                0x00000000200074a4      0x684 ./User/Displaytemp.o
                0x00000000200074a4                mlx90640_frame
 .bss.mlx_90640
                0x0000000020007b28     0x2a70 ./User/Displaytemp.o
                0x0000000020007b28                mlx_90640
 *(.gnu.linkonce.b.*)
 *(COMMON*)
 COMMON         0x000000002000a598        0x4 e:/mounriver/mounriver_studio/toolchain/risc-v embedded gcc/bin/../lib/gcc/riscv-none-embed/8.2.0/../../../../riscv-none-embed/lib/rv32imacxw/ilp32\libg_nano.a(lib_a-reent.o)
                0x000000002000a598                errno
                0x000000002000a59c                . = ALIGN (0x4)
                0x000000002000a59c                PROVIDE (_ebss = .)
                0x000000002000a59c                PROVIDE (_end = _ebss)
                [!provide]                        PROVIDE (end = .)

.stack          0x000000002001f800      0x800
                0x000000002001f800                PROVIDE (_heap_end = .)
                0x000000002001f800                . = ALIGN (0x4)
                [!provide]                        PROVIDE (_susrstack = .)
                0x0000000020020000                . = (. + __stack_size)
 *fill*         0x000000002001f800      0x800 
                0x0000000020020000                PROVIDE (_eusrstack = .)
OUTPUT(»»≥…œÒ.elf elf32-littleriscv)

.debug_info     0x0000000000000000    0x13da3
 .debug_info    0x0000000000000000     0x2450 ./mlx9640/MLX90640_API.o
 .debug_info    0x0000000000002450     0x1340 ./User/Displaytemp.o
 .debug_info    0x0000000000003790      0x9f6 ./User/ch32v30x_it.o
 .debug_info    0x0000000000004186     0x15fe ./User/iic.o
 .debug_info    0x0000000000005784     0x2aef ./User/lcd.o
 .debug_info    0x0000000000008273      0xdf9 ./User/main.o
 .debug_info    0x000000000000906c      0xb99 ./User/system_ch32v30x.o
 .debug_info    0x0000000000009c05       0x22 ./Startup/startup_ch32v30x_D8C.o
 .debug_info    0x0000000000009c27      0xa94 ./Peripheral/src/ch32v30x_dbgmcu.o
 .debug_info    0x000000000000a6bb      0xf08 ./Peripheral/src/ch32v30x_fsmc.o
 .debug_info    0x000000000000b5c3     0x11b0 ./Peripheral/src/ch32v30x_gpio.o
 .debug_info    0x000000000000c773      0xf60 ./Peripheral/src/ch32v30x_misc.o
 .debug_info    0x000000000000d6d3     0x156e ./Peripheral/src/ch32v30x_rcc.o
 .debug_info    0x000000000000ec41     0x2a16 ./Peripheral/src/ch32v30x_tim.o
 .debug_info    0x0000000000011657     0x13b1 ./Peripheral/src/ch32v30x_usart.o
 .debug_info    0x0000000000012a08      0xf2e ./Debug/debug.o
 .debug_info    0x0000000000013936      0x46d ./Core/core_riscv.o

.debug_abbrev   0x0000000000000000     0x31ab
 .debug_abbrev  0x0000000000000000      0x4b2 ./mlx9640/MLX90640_API.o
 .debug_abbrev  0x00000000000004b2      0x339 ./User/Displaytemp.o
 .debug_abbrev  0x00000000000007eb      0x240 ./User/ch32v30x_it.o
 .debug_abbrev  0x0000000000000a2b      0x353 ./User/iic.o
 .debug_abbrev  0x0000000000000d7e      0x490 ./User/lcd.o
 .debug_abbrev  0x000000000000120e      0x291 ./User/main.o
 .debug_abbrev  0x000000000000149f      0x2c0 ./User/system_ch32v30x.o
 .debug_abbrev  0x000000000000175f       0x12 ./Startup/startup_ch32v30x_D8C.o
 .debug_abbrev  0x0000000000001771      0x2f7 ./Peripheral/src/ch32v30x_dbgmcu.o
 .debug_abbrev  0x0000000000001a68      0x2d9 ./Peripheral/src/ch32v30x_fsmc.o
 .debug_abbrev  0x0000000000001d41      0x31a ./Peripheral/src/ch32v30x_gpio.o
 .debug_abbrev  0x000000000000205b      0x2e3 ./Peripheral/src/ch32v30x_misc.o
 .debug_abbrev  0x000000000000233e      0x351 ./Peripheral/src/ch32v30x_rcc.o
 .debug_abbrev  0x000000000000268f      0x408 ./Peripheral/src/ch32v30x_tim.o
 .debug_abbrev  0x0000000000002a97      0x312 ./Peripheral/src/ch32v30x_usart.o
 .debug_abbrev  0x0000000000002da9      0x2f5 ./Debug/debug.o
 .debug_abbrev  0x000000000000309e      0x10d ./Core/core_riscv.o

.debug_loc      0x0000000000000000     0x7fb5
 .debug_loc     0x0000000000000000     0x288a ./mlx9640/MLX90640_API.o
 .debug_loc     0x000000000000288a      0x3c8 ./User/Displaytemp.o
 .debug_loc     0x0000000000002c52      0x483 ./User/iic.o
 .debug_loc     0x00000000000030d5     0x160d ./User/lcd.o
 .debug_loc     0x00000000000046e2      0x163 ./User/system_ch32v30x.o
 .debug_loc     0x0000000000004845       0x7c ./Peripheral/src/ch32v30x_dbgmcu.o
 .debug_loc     0x00000000000048c1      0x2ae ./Peripheral/src/ch32v30x_fsmc.o
 .debug_loc     0x0000000000004b6f      0x6d6 ./Peripheral/src/ch32v30x_gpio.o
 .debug_loc     0x0000000000005245       0x47 ./Peripheral/src/ch32v30x_misc.o
 .debug_loc     0x000000000000528c      0xadb ./Peripheral/src/ch32v30x_rcc.o
 .debug_loc     0x0000000000005d67     0x195e ./Peripheral/src/ch32v30x_tim.o
 .debug_loc     0x00000000000076c5      0x779 ./Peripheral/src/ch32v30x_usart.o
 .debug_loc     0x0000000000007e3e      0x177 ./Debug/debug.o

.debug_aranges  0x0000000000000000      0xba8
 .debug_aranges
                0x0000000000000000      0x128 ./mlx9640/MLX90640_API.o
 .debug_aranges
                0x0000000000000128       0x40 ./User/Displaytemp.o
 .debug_aranges
                0x0000000000000168       0x28 ./User/ch32v30x_it.o
 .debug_aranges
                0x0000000000000190       0x80 ./User/iic.o
 .debug_aranges
                0x0000000000000210       0xf8 ./User/lcd.o
 .debug_aranges
                0x0000000000000308       0x20 ./User/main.o
 .debug_aranges
                0x0000000000000328       0x28 ./User/system_ch32v30x.o
 .debug_aranges
                0x0000000000000350       0x30 ./Startup/startup_ch32v30x_D8C.o
 .debug_aranges
                0x0000000000000380       0x48 ./Peripheral/src/ch32v30x_dbgmcu.o
 .debug_aranges
                0x00000000000003c8       0x70 ./Peripheral/src/ch32v30x_fsmc.o
 .debug_aranges
                0x0000000000000438       0xb0 ./Peripheral/src/ch32v30x_gpio.o
 .debug_aranges
                0x00000000000004e8       0x28 ./Peripheral/src/ch32v30x_misc.o
 .debug_aranges
                0x0000000000000510      0x1a8 ./Peripheral/src/ch32v30x_rcc.o
 .debug_aranges
                0x00000000000006b8      0x2d0 ./Peripheral/src/ch32v30x_tim.o
 .debug_aranges
                0x0000000000000988       0xf0 ./Peripheral/src/ch32v30x_usart.o
 .debug_aranges
                0x0000000000000a78       0x50 ./Debug/debug.o
 .debug_aranges
                0x0000000000000ac8       0xe0 ./Core/core_riscv.o

.debug_ranges   0x0000000000000000      0xee8
 .debug_ranges  0x0000000000000000      0x378 ./mlx9640/MLX90640_API.o
 .debug_ranges  0x0000000000000378       0x88 ./User/Displaytemp.o
 .debug_ranges  0x0000000000000400       0x18 ./User/ch32v30x_it.o
 .debug_ranges  0x0000000000000418      0x100 ./User/iic.o
 .debug_ranges  0x0000000000000518      0x150 ./User/lcd.o
 .debug_ranges  0x0000000000000668       0x10 ./User/main.o
 .debug_ranges  0x0000000000000678       0x38 ./User/system_ch32v30x.o
 .debug_ranges  0x00000000000006b0       0x28 ./Startup/startup_ch32v30x_D8C.o
 .debug_ranges  0x00000000000006d8       0x50 ./Peripheral/src/ch32v30x_dbgmcu.o
 .debug_ranges  0x0000000000000728       0x60 ./Peripheral/src/ch32v30x_fsmc.o
 .debug_ranges  0x0000000000000788       0xa0 ./Peripheral/src/ch32v30x_gpio.o
 .debug_ranges  0x0000000000000828       0x48 ./Peripheral/src/ch32v30x_misc.o
 .debug_ranges  0x0000000000000870      0x198 ./Peripheral/src/ch32v30x_rcc.o
 .debug_ranges  0x0000000000000a08      0x2f0 ./Peripheral/src/ch32v30x_tim.o
 .debug_ranges  0x0000000000000cf8       0xe0 ./Peripheral/src/ch32v30x_usart.o
 .debug_ranges  0x0000000000000dd8       0x40 ./Debug/debug.o
 .debug_ranges  0x0000000000000e18       0xd0 ./Core/core_riscv.o

.debug_line     0x0000000000000000    0x11511
 .debug_line    0x0000000000000000     0x40b7 ./mlx9640/MLX90640_API.o
 .debug_line    0x00000000000040b7      0xb88 ./User/Displaytemp.o
 .debug_line    0x0000000000004c3f      0x2ca ./User/ch32v30x_it.o
 .debug_line    0x0000000000004f09      0xc78 ./User/iic.o
 .debug_line    0x0000000000005b81     0x22a1 ./User/lcd.o
 .debug_line    0x0000000000007e22      0x410 ./User/main.o
 .debug_line    0x0000000000008232      0x8a7 ./User/system_ch32v30x.o
 .debug_line    0x0000000000008ad9      0x122 ./Startup/startup_ch32v30x_D8C.o
 .debug_line    0x0000000000008bfb      0x34f ./Peripheral/src/ch32v30x_dbgmcu.o
 .debug_line    0x0000000000008f4a      0xbcf ./Peripheral/src/ch32v30x_fsmc.o
 .debug_line    0x0000000000009b19      0xf97 ./Peripheral/src/ch32v30x_gpio.o
 .debug_line    0x000000000000aab0      0x387 ./Peripheral/src/ch32v30x_misc.o
 .debug_line    0x000000000000ae37     0x1942 ./Peripheral/src/ch32v30x_rcc.o
 .debug_line    0x000000000000c779     0x32af ./Peripheral/src/ch32v30x_tim.o
 .debug_line    0x000000000000fa28      0xeaf ./Peripheral/src/ch32v30x_usart.o
 .debug_line    0x00000000000108d7      0x6f8 ./Debug/debug.o
 .debug_line    0x0000000000010fcf      0x542 ./Core/core_riscv.o

.debug_str      0x0000000000000000     0x3a5d
 .debug_str     0x0000000000000000      0xc04 ./mlx9640/MLX90640_API.o
                                        0xcbd (size before relaxing)
 .debug_str     0x0000000000000c04      0x17b ./User/Displaytemp.o
                                        0x903 (size before relaxing)
 .debug_str     0x0000000000000d7f       0x58 ./User/ch32v30x_it.o
                                        0x5c6 (size before relaxing)
 .debug_str     0x0000000000000dd7      0x289 ./User/iic.o
                                        0x891 (size before relaxing)
 .debug_str     0x0000000000001060      0x7d1 ./User/lcd.o
                                        0xf77 (size before relaxing)
 .debug_str     0x0000000000001831       0x9f ./User/main.o
                                        0x7e7 (size before relaxing)
 .debug_str     0x00000000000018d0       0xff ./User/system_ch32v30x.o
                                        0x6bb (size before relaxing)
 .debug_str     0x00000000000019cf       0x2e ./Startup/startup_ch32v30x_D8C.o
                                         0x4f (size before relaxing)
 .debug_str     0x00000000000019fd       0x97 ./Peripheral/src/ch32v30x_dbgmcu.o
                                        0x62b (size before relaxing)
 .debug_str     0x0000000000001a94      0x283 ./Peripheral/src/ch32v30x_fsmc.o
                                        0xa45 (size before relaxing)
 .debug_str     0x0000000000001d17      0x224 ./Peripheral/src/ch32v30x_gpio.o
                                        0x995 (size before relaxing)
 .debug_str     0x0000000000001f3b      0x693 ./Peripheral/src/ch32v30x_misc.o
                                        0xc9e (size before relaxing)
 .debug_str     0x00000000000025ce      0x5ac ./Peripheral/src/ch32v30x_rcc.o
                                        0xcaf (size before relaxing)
 .debug_str     0x0000000000002b7a      0x945 ./Peripheral/src/ch32v30x_tim.o
                                       0x1260 (size before relaxing)
 .debug_str     0x00000000000034bf      0x3ef ./Peripheral/src/ch32v30x_usart.o
                                        0xacf (size before relaxing)
 .debug_str     0x00000000000038ae       0x88 ./Debug/debug.o
                                        0x8f6 (size before relaxing)
 .debug_str     0x0000000000003936      0x127 ./Core/core_riscv.o
                                        0x2c5 (size before relaxing)

.comment        0x0000000000000000       0x33
 .comment       0x0000000000000000       0x33 ./mlx9640/MLX90640_API.o
                                         0x34 (size before relaxing)
 .comment       0x0000000000000033       0x34 ./User/Displaytemp.o
 .comment       0x0000000000000033       0x34 ./User/ch32v30x_it.o
 .comment       0x0000000000000033       0x34 ./User/iic.o
 .comment       0x0000000000000033       0x34 ./User/lcd.o
 .comment       0x0000000000000033       0x34 ./User/main.o
 .comment       0x0000000000000033       0x34 ./User/system_ch32v30x.o
 .comment       0x0000000000000033       0x34 ./Peripheral/src/ch32v30x_dbgmcu.o
 .comment       0x0000000000000033       0x34 ./Peripheral/src/ch32v30x_fsmc.o
 .comment       0x0000000000000033       0x34 ./Peripheral/src/ch32v30x_gpio.o
 .comment       0x0000000000000033       0x34 ./Peripheral/src/ch32v30x_misc.o
 .comment       0x0000000000000033       0x34 ./Peripheral/src/ch32v30x_rcc.o
 .comment       0x0000000000000033       0x34 ./Peripheral/src/ch32v30x_tim.o
 .comment       0x0000000000000033       0x34 ./Peripheral/src/ch32v30x_usart.o
 .comment       0x0000000000000033       0x34 ./Debug/debug.o
 .comment       0x0000000000000033       0x34 ./Core/core_riscv.o

.debug_frame    0x0000000000000000     0x365c
 .debug_frame   0x0000000000000000      0x5a0 ./mlx9640/MLX90640_API.o
 .debug_frame   0x00000000000005a0       0xf4 ./User/Displaytemp.o
 .debug_frame   0x0000000000000694       0x30 ./User/ch32v30x_it.o
 .debug_frame   0x00000000000006c4      0x204 ./User/iic.o
 .debug_frame   0x00000000000008c8      0x3f4 ./User/lcd.o
 .debug_frame   0x0000000000000cbc       0x28 ./User/main.o
 .debug_frame   0x0000000000000ce4       0x3c ./User/system_ch32v30x.o
 .debug_frame   0x0000000000000d20       0x70 ./Peripheral/src/ch32v30x_dbgmcu.o
 .debug_frame   0x0000000000000d90       0xc0 ./Peripheral/src/ch32v30x_fsmc.o
 .debug_frame   0x0000000000000e50      0x174 ./Peripheral/src/ch32v30x_gpio.o
 .debug_frame   0x0000000000000fc4       0x30 ./Peripheral/src/ch32v30x_misc.o
 .debug_frame   0x0000000000000ff4      0x344 ./Peripheral/src/ch32v30x_rcc.o
 .debug_frame   0x0000000000001338      0x614 ./Peripheral/src/ch32v30x_tim.o
 .debug_frame   0x000000000000194c      0x1e4 ./Peripheral/src/ch32v30x_usart.o
 .debug_frame   0x0000000000001b30       0xb8 ./Debug/debug.o
 .debug_frame   0x0000000000001be8      0x1a0 ./Core/core_riscv.o
 .debug_frame   0x0000000000001d88       0x50 e:/mounriver/mounriver_studio/toolchain/risc-v embedded gcc/bin/../lib/gcc/riscv-none-embed/8.2.0/../../../../riscv-none-embed/lib/rv32imacxw/ilp32\libm.a(lib_a-w_pow.o)
 .debug_frame   0x0000000000001dd8       0x44 e:/mounriver/mounriver_studio/toolchain/risc-v embedded gcc/bin/../lib/gcc/riscv-none-embed/8.2.0/../../../../riscv-none-embed/lib/rv32imacxw/ilp32\libm.a(lib_a-w_sqrt.o)
 .debug_frame   0x0000000000001e1c       0xa4 e:/mounriver/mounriver_studio/toolchain/risc-v embedded gcc/bin/../lib/gcc/riscv-none-embed/8.2.0/../../../../riscv-none-embed/lib/rv32imacxw/ilp32\libm.a(lib_a-e_pow.o)
 .debug_frame   0x0000000000001ec0       0x48 e:/mounriver/mounriver_studio/toolchain/risc-v embedded gcc/bin/../lib/gcc/riscv-none-embed/8.2.0/../../../../riscv-none-embed/lib/rv32imacxw/ilp32\libm.a(lib_a-e_sqrt.o)