Archive member included to satisfy reference by file (symbol)

e:/mounriver/mounriver_studio/toolchain/risc-v embedded gcc/bin/../lib/gcc/riscv-none-embed/8.2.0/rv32imacxw/ilp32\libgcc.a(muldf3.o)
                              ./User/main.o (__muldf3)
e:/mounriver/mounriver_studio/toolchain/risc-v embedded gcc/bin/../lib/gcc/riscv-none-embed/8.2.0/rv32imacxw/ilp32\libgcc.a(floatsidf.o)
                              ./User/main.o (__floatsidf)
e:/mounriver/mounriver_studio/toolchain/risc-v embedded gcc/bin/../lib/gcc/riscv-none-embed/8.2.0/rv32imacxw/ilp32\libgcc.a(mulsf3.o)
                              ./User/Displaytemp.o (__mulsf3)
e:/mounriver/mounriver_studio/toolchain/risc-v embedded gcc/bin/../lib/gcc/riscv-none-embed/8.2.0/rv32imacxw/ilp32\libgcc.a(fixunssfsi.o)
                              ./User/Displaytemp.o (__fixunssfsi)
e:/mounriver/mounriver_studio/toolchain/risc-v embedded gcc/bin/../lib/gcc/riscv-none-embed/8.2.0/rv32imacxw/ilp32\libgcc.a(truncdfsf2.o)
                              ./User/main.o (__truncdfsf2)
e:/mounriver/mounriver_studio/toolchain/risc-v embedded gcc/bin/../lib/gcc/riscv-none-embed/8.2.0/rv32imacxw/ilp32\libgcc.a(save-restore.o)
                              ./User/Displaytemp.o (__riscv_save_12)
e:/mounriver/mounriver_studio/toolchain/risc-v embedded gcc/bin/../lib/gcc/riscv-none-embed/8.2.0/rv32imacxw/ilp32\libgcc.a(_clzsi2.o)
                              e:/mounriver/mounriver_studio/toolchain/risc-v embedded gcc/bin/../lib/gcc/riscv-none-embed/8.2.0/rv32imacxw/ilp32\libgcc.a(muldf3.o) (__clzsi2)
e:/mounriver/mounriver_studio/toolchain/risc-v embedded gcc/bin/../lib/gcc/riscv-none-embed/8.2.0/rv32imacxw/ilp32\libgcc.a(_clz.o)
                              e:/mounriver/mounriver_studio/toolchain/risc-v embedded gcc/bin/../lib/gcc/riscv-none-embed/8.2.0/rv32imacxw/ilp32\libgcc.a(_clzsi2.o) (__clz_tab)
e:/mounriver/mounriver_studio/toolchain/risc-v embedded gcc/bin/../lib/gcc/riscv-none-embed/8.2.0/../../../../riscv-none-embed/lib/rv32imacxw/ilp32\libg_nano.a(lib_a-memcpy.o)
                              ./User/main.o (memcpy)
e:/mounriver/mounriver_studio/toolchain/risc-v embedded gcc/bin/../lib/gcc/riscv-none-embed/8.2.0/../../../../riscv-none-embed/lib/rv32imacxw/ilp32\libg_nano.a(lib_a-memset.o)
                              ./User/lcd.o (memset)
e:/mounriver/mounriver_studio/toolchain/risc-v embedded gcc/bin/../lib/gcc/riscv-none-embed/8.2.0/../../../../riscv-none-embed/lib/rv32imacxw/ilp32\libg_nano.a(lib_a-nano-vfprintf_float.o)
                              (_printf_float)
e:/mounriver/mounriver_studio/toolchain/risc-v embedded gcc/bin/../lib/gcc/riscv-none-embed/8.2.0/../../../../riscv-none-embed/lib/rv32imacxw/ilp32\libg_nano.a(lib_a-nano-vfprintf_i.o)
                              e:/mounriver/mounriver_studio/toolchain/risc-v embedded gcc/bin/../lib/gcc/riscv-none-embed/8.2.0/../../../../riscv-none-embed/lib/rv32imacxw/ilp32\libg_nano.a(lib_a-nano-vfprintf_float.o) (_printf_common)
e:/mounriver/mounriver_studio/toolchain/risc-v embedded gcc/bin/../lib/gcc/riscv-none-embed/8.2.0/../../../../riscv-none-embed/lib/rv32imacxw/ilp32\libg_nano.a(lib_a-printf.o)
                              ./User/ch32v30x_it.o (printf)
e:/mounriver/mounriver_studio/toolchain/risc-v embedded gcc/bin/../lib/gcc/riscv-none-embed/8.2.0/../../../../riscv-none-embed/lib/rv32imacxw/ilp32\libg_nano.a(lib_a-puts.o)
                              ./User/main.o (puts)
e:/mounriver/mounriver_studio/toolchain/risc-v embedded gcc/bin/../lib/gcc/riscv-none-embed/8.2.0/../../../../riscv-none-embed/lib/rv32imacxw/ilp32\libg_nano.a(lib_a-strlen.o)
                              e:/mounriver/mounriver_studio/toolchain/risc-v embedded gcc/bin/../lib/gcc/riscv-none-embed/8.2.0/../../../../riscv-none-embed/lib/rv32imacxw/ilp32\libg_nano.a(lib_a-nano-vfprintf_float.o) (strlen)
e:/mounriver/mounriver_studio/toolchain/risc-v embedded gcc/bin/../lib/gcc/riscv-none-embed/8.2.0/../../../../riscv-none-embed/lib/rv32imacxw/ilp32\libg_nano.a(lib_a-vsnprintf.o)
                              ./User/lcd.o (vsnprintf)
e:/mounriver/mounriver_studio/toolchain/risc-v embedded gcc/bin/../lib/gcc/riscv-none-embed/8.2.0/../../../../riscv-none-embed/lib/rv32imacxw/ilp32\libg_nano.a(lib_a-wbuf.o)
                              e:/mounriver/mounriver_studio/toolchain/risc-v embedded gcc/bin/../lib/gcc/riscv-none-embed/8.2.0/../../../../riscv-none-embed/lib/rv32imacxw/ilp32\libg_nano.a(lib_a-puts.o) (__swbuf_r)
e:/mounriver/mounriver_studio/toolchain/risc-v embedded gcc/bin/../lib/gcc/riscv-none-embed/8.2.0/../../../../riscv-none-embed/lib/rv32imacxw/ilp32\libg_nano.a(lib_a-wsetup.o)
                              e:/mounriver/mounriver_studio/toolchain/risc-v embedded gcc/bin/../lib/gcc/riscv-none-embed/8.2.0/../../../../riscv-none-embed/lib/rv32imacxw/ilp32\libg_nano.a(lib_a-puts.o) (__swsetup_r)
[...]
Memory Configuration

Name             Origin             Length             Attributes
FLASH            0x0000000000000000 0x0000000000030000 xr
RAM              0x0000000020000000 0x0000000000020000 xrw
*default*        0x0000000000000000 0xffffffffffffffff

Linker script and memory map

LOAD ./User/Displaytemp.o
LOAD ./User/ch32v30x_it.o
LOAD ./User/lcd.o
LOAD ./User/main.o
LOAD ./User/system_ch32v30x.o
LOAD ./Startup/startup_ch32v30x_D8C.o
LOAD ./Peripheral/src/ch32v30x_adc.o
LOAD ./Peripheral/src/ch32v30x_bkp.o
LOAD ./Peripheral/src/ch32v30x_can.o
LOAD ./Peripheral/src/ch32v30x_crc.o
LOAD ./Peripheral/src/ch32v30x_dac.o
LOAD ./Peripheral/src/ch32v30x_dbgmcu.o
LOAD ./Peripheral/src/ch32v30x_dma.o
LOAD ./Peripheral/src/ch32v30x_dvp.o
LOAD ./Peripheral/src/ch32v30x_eth.o
LOAD ./Peripheral/src/ch32v30x_exti.o
LOAD ./Peripheral/src/ch32v30x_flash.o
LOAD ./Peripheral/src/ch32v30x_fsmc.o
LOAD ./Peripheral/src/ch32v30x_gpio.o
LOAD ./Peripheral/src/ch32v30x_i2c.o
LOAD ./Peripheral/src/ch32v30x_iwdg.o
LOAD ./Peripheral/src/ch32v30x_misc.o
LOAD ./Peripheral/src/ch32v30x_opa.o
LOAD ./Peripheral/src/ch32v30x_pwr.o
LOAD ./Peripheral/src/ch32v30x_rcc.o
LOAD ./Peripheral/src/ch32v30x_rng.o
LOAD ./Peripheral/src/ch32v30x_rtc.o
LOAD ./Peripheral/src/ch32v30x_sdio.o
LOAD ./Peripheral/src/ch32v30x_spi.o
LOAD ./Peripheral/src/ch32v30x_tim.o
LOAD ./Peripheral/src/ch32v30x_usart.o
LOAD ./Peripheral/src/ch32v30x_wwdg.o
LOAD ./Debug/debug.o
LOAD ./Core/core_riscv.o
LOAD e:/mounriver/mounriver_studio/toolchain/risc-v embedded gcc/bin/../lib/gcc/riscv-none-embed/8.2.0/../../../../riscv-none-embed/lib/rv32imacxw/ilp32\libm.a
LOAD e:/mounriver/mounriver_studio/toolchain/risc-v embedded gcc/bin/../lib/gcc/riscv-none-embed/8.2.0/rv32imacxw/ilp32\libgcc.a
LOAD e:/mounriver/mounriver_studio/toolchain/risc-v embedded gcc/bin/../lib/gcc/riscv-none-embed/8.2.0/../../../../riscv-none-embed/lib/rv32imacxw/ilp32\libg_nano.a
LOAD e:/mounriver/mounriver_studio/toolchain/risc-v embedded gcc/bin/../lib/gcc/riscv-none-embed/8.2.0/../../../../riscv-none-embed/lib/rv32imacxw/ilp32\libc_nano.a
LOAD e:/mounriver/mounriver_studio/toolchain/risc-v embedded gcc/bin/../lib/gcc/riscv-none-embed/8.2.0/rv32imacxw/ilp32\libgcc.a
START GROUP
LOAD e:/mounriver/mounriver_studio/toolchain/risc-v embedded gcc/bin/../lib/gcc/riscv-none-embed/8.2.0/rv32imacxw/ilp32\libgcc.a
LOAD e:/mounriver/mounriver_studio/toolchain/risc-v embedded gcc/bin/../lib/gcc/riscv-none-embed/8.2.0/../../../../riscv-none-embed/lib/rv32imacxw/ilp32\libc_nano.a
LOAD e:/mounriver/mounriver_studio/toolchain/risc-v embedded gcc/bin/../lib/gcc/riscv-none-embed/8.2.0/../../../../riscv-none-embed/lib/rv32imacxw/ilp32\libnosys.a
END GROUP
START GROUP
LOAD e:/mounriver/mounriver_studio/toolchain/risc-v embedded gcc/bin/../lib/gcc/riscv-none-embed/8.2.0/rv32imacxw/ilp32\libgcc.a
LOAD e:/mounriver/mounriver_studio/toolchain/risc-v embedded gcc/bin/../lib/gcc/riscv-none-embed/8.2.0/../../../../riscv-none-embed/lib/rv32imacxw/ilp32\libc_nano.a
LOAD e:/mounriver/mounriver_studio/toolchain/risc-v embedded gcc/bin/../lib/gcc/riscv-none-embed/8.2.0/../../../../riscv-none-embed/lib/rv32imacxw/ilp32\libnosys.a
END GROUP
                0x0000000000000800                __stack_size = 0x800
                [!provide]                        PROVIDE (_stack_size = __stack_size)

.init           0x0000000000000000        0x4
                0x0000000000000000                _sinit = .
                0x0000000000000000                . = ALIGN (0x4)
 *(SORT_NONE(.init))
 .init          0x0000000000000000        0x4 ./Startup/startup_ch32v30x_D8C.o
                0x0000000000000000                _start
                0x0000000000000004                . = ALIGN (0x4)
                0x0000000000000004                _einit = .

.vector         0x0000000000000004      0x1bc
 *(.vector)
 .vector        0x0000000000000004      0x1a0 ./Startup/startup_ch32v30x_D8C.o
                0x00000000000001c0                . = ALIGN (0x40)
 *fill*         0x00000000000001a4       0x1c 

.text           0x00000000000001c0     0x6ec4
                0x00000000000001c0                . = ALIGN (0x4)
 *(.text)
 .text          0x00000000000001c0       0x60 e:/mounriver/mounriver_studio/toolchain/risc-v embedded gcc/bin/../lib/gcc/riscv-none-embed/8.2.0/rv32imacxw/ilp32\libgcc.a(save-restore.o)
                0x00000000000001c0                __riscv_save_12
                0x00000000000001c8                __riscv_save_9
                0x00000000000001c8                __riscv_save_11
                0x00000000000001c8                __riscv_save_10
                0x00000000000001c8                __riscv_save_8
                0x00000000000001d6                __riscv_save_4
                0x00000000000001d6                __riscv_save_6
                0x00000000000001d6                __riscv_save_5
                0x00000000000001d6                __riscv_save_7
                0x00000000000001f0                __riscv_save_3
                0x00000000000001f0                __riscv_save_2
                0x00000000000001f0                __riscv_save_1
                0x00000000000001f0                __riscv_save_0
                0x00000000000001fc                __riscv_restore_12
                0x0000000000000200                __riscv_restore_11
                0x0000000000000200                __riscv_restore_9
                0x0000000000000200                __riscv_restore_10
                0x0000000000000200                __riscv_restore_8
                0x000000000000020a                __riscv_restore_5
                0x000000000000020a                __riscv_restore_7
                0x000000000000020a                __riscv_restore_6
                0x000000000000020a                __riscv_restore_4
                0x0000000000000214                __riscv_restore_3
                0x0000000000000214                __riscv_restore_0
                0x0000000000000214                __riscv_restore_2
                0x0000000000000214                __riscv_restore_1
 .text          0x0000000000000220       0xa8 e:/mounriver/mounriver_studio/toolchain/risc-v embedded gcc/bin/../lib/gcc/riscv-none-embed/8.2.0/../../../../riscv-none-embed/lib/rv32imacxw/ilp32\libg_nano.a(lib_a-memset.o)
                0x0000000000000220                memset
 *(.text.*)
 .text.Disp_TempPic
                0x00000000000002c8      0x1aa ./User/Displaytemp.o
                0x00000000000002c8                Disp_TempPic
 .text.NMI_Handler
                0x0000000000000472        0x2 ./User/ch32v30x_it.o
                0x0000000000000472                NMI_Handler
 .text.HardFault_Handler
                0x0000000000000474       0x38 ./User/ch32v30x_it.o
                0x0000000000000474                HardFault_Handler
 .text.lcd_write_half_word
                0x00000000000004ac       0x12 ./User/lcd.o
                0x00000000000004ac                lcd_write_half_word
 .text.lcd_read_data
                0x00000000000004be       0x14 ./User/lcd.o
                0x00000000000004be                lcd_read_data
 .text.lcd_fsmc_init
                0x00000000000004d2      0x100 ./User/lcd.o
                0x00000000000004d2                lcd_fsmc_init
 .text.TIM1_PWMOut_Init
                0x00000000000005d2       0x6e ./User/lcd.o
                0x00000000000005d2                TIM1_PWMOut_Init
 .text.lcd_gpio_init
                0x0000000000000640       0x46 ./User/lcd.o
                0x0000000000000640                lcd_gpio_init
 .text.lcd_address_set
                0x0000000000000686       0x4e ./User/lcd.o
                0x0000000000000686                lcd_address_set
 .text.lcd_clear
                0x00000000000006d4       0x3c ./User/lcd.o
                0x00000000000006d4                lcd_clear
 .text.lcd_init
                0x0000000000000710      0x18c ./User/lcd.o
                0x0000000000000710                lcd_init
 .text.lcd_draw_point_color
                0x000000000000089c       0x12 ./User/lcd.o
                0x000000000000089c                lcd_draw_point_color
 .text.USART3_CFG
                0x00000000000008ae       0xc0 ./User/main.o
                0x00000000000008ae                USART3_CFG
 .text.DMA_INIT
                0x000000000000096e       0x56 ./User/main.o
                0x000000000000096e                DMA_INIT
 .text.USART8_CFG
                0x00000000000009c4       0xbc ./User/main.o
                0x00000000000009c4                USART8_CFG
 .text.startup.main
                0x0000000000000a80       0xc6 ./User/main.o
                0x0000000000000a80                main
 .text.UART8_IRQHandler
                0x0000000000000b46       0xae ./User/main.o
                0x0000000000000b46                UART8_IRQHandler
 .text.USART3_IRQHandler
                0x0000000000000bf4      0x11a ./User/main.o
                0x0000000000000bf4                USART3_IRQHandler
 .text.SystemInit
                0x0000000000000d0e       0xf8 ./User/system_ch32v30x.o
                0x0000000000000d0e                SystemInit
 .text.SystemCoreClockUpdate
                0x0000000000000e06      0x12e ./User/system_ch32v30x.o
                0x0000000000000e06                SystemCoreClockUpdate
 .text.vector_handler
                0x0000000000000f34        0x2 ./Startup/startup_ch32v30x_D8C.o
                0x0000000000000f34                EXTI2_IRQHandler
                0x0000000000000f34                TIM8_TRG_COM_IRQHandler
                0x0000000000000f34                TIM8_CC_IRQHandler
                0x0000000000000f34                TIM1_CC_IRQHandler
                0x0000000000000f34                TIM6_IRQHandler
                0x0000000000000f34                SysTick_Handler
                0x0000000000000f34                PVD_IRQHandler
                0x0000000000000f34                SDIO_IRQHandler
                0x0000000000000f34                TIM9_BRK_IRQHandler
                0x0000000000000f34                DMA2_Channel8_IRQHandler
                0x0000000000000f34                CAN2_RX1_IRQHandler
                0x0000000000000f34                EXTI3_IRQHandler
                0x0000000000000f34                USBHS_IRQHandler
                0x0000000000000f34                DMA2_Channel9_IRQHandler
                0x0000000000000f34                TIM10_CC_IRQHandler
                0x0000000000000f34                USBFS_IRQHandler
                0x0000000000000f34                EXTI0_IRQHandler
                0x0000000000000f34                I2C2_EV_IRQHandler
                0x0000000000000f34                TIM10_TRG_COM_IRQHandler
                0x0000000000000f34                CAN2_SCE_IRQHandler
                0x0000000000000f34                ADC1_2_IRQHandler
                0x0000000000000f34                Break_Point_Handler
                0x0000000000000f34                SPI1_IRQHandler
                0x0000000000000f34                TAMPER_IRQHandler
                0x0000000000000f34                CAN2_RX0_IRQHandler
                0x0000000000000f34                TIM8_UP_IRQHandler
                0x0000000000000f34                Ecall_M_Mode_Handler
                0x0000000000000f34                DMA2_Channel2_IRQHandler
                0x0000000000000f34                DMA1_Channel4_IRQHandler
                0x0000000000000f34                TIM9_UP_IRQHandler
                0x0000000000000f34                RTC_IRQHandler
                0x0000000000000f34                DMA1_Channel7_IRQHandler
                0x0000000000000f34                CAN1_RX1_IRQHandler
                0x0000000000000f34                DVP_IRQHandler
                0x0000000000000f34                UART5_IRQHandler
                0x0000000000000f34                TIM4_IRQHandler
                0x0000000000000f34                DMA2_Channel1_IRQHandler
                0x0000000000000f34                I2C1_EV_IRQHandler
                0x0000000000000f34                DMA1_Channel6_IRQHandler
                0x0000000000000f34                UART4_IRQHandler
                0x0000000000000f34                DMA2_Channel4_IRQHandler
                0x0000000000000f34                TIM3_IRQHandler
                0x0000000000000f34                RCC_IRQHandler
                0x0000000000000f34                TIM1_TRG_COM_IRQHandler
                0x0000000000000f34                DMA1_Channel1_IRQHandler
                0x0000000000000f34                DMA2_Channel7_IRQHandler
                0x0000000000000f34                EXTI15_10_IRQHandler
                0x0000000000000f34                TIM7_IRQHandler
                0x0000000000000f34                CAN2_TX_IRQHandler
                0x0000000000000f34                TIM5_IRQHandler
                0x0000000000000f34                EXTI9_5_IRQHandler
                0x0000000000000f34                ETH_WKUP_IRQHandler
                0x0000000000000f34                SPI2_IRQHandler
                0x0000000000000f34                TIM10_BRK_IRQHandler
                0x0000000000000f34                TIM9_CC_IRQHandler
                0x0000000000000f34                DMA2_Channel5_IRQHandler
                0x0000000000000f34                DMA1_Channel5_IRQHandler
                0x0000000000000f34                EXTI4_IRQHandler
                0x0000000000000f34                USB_LP_CAN1_RX0_IRQHandler
                0x0000000000000f34                RNG_IRQHandler
                0x0000000000000f34                USB_HP_CAN1_TX_IRQHandler
                0x0000000000000f34                DMA1_Channel3_IRQHandler
                0x0000000000000f34                ETH_IRQHandler
                0x0000000000000f34                TIM1_UP_IRQHandler
                0x0000000000000f34                WWDG_IRQHandler
                0x0000000000000f34                USBHSWakeup_IRQHandler
                0x0000000000000f34                DMA2_Channel11_IRQHandler
                0x0000000000000f34                Ecall_U_Mode_Handler
                0x0000000000000f34                DMA2_Channel6_IRQHandler
                0x0000000000000f34                TIM2_IRQHandler
                0x0000000000000f34                SW_Handler
                0x0000000000000f34                TIM1_BRK_IRQHandler
                0x0000000000000f34                DMA2_Channel10_IRQHandler
                0x0000000000000f34                EXTI1_IRQHandler
                0x0000000000000f34                RTCAlarm_IRQHandler
                0x0000000000000f34                TIM10_UP_IRQHandler
                0x0000000000000f34                TIM9_TRG_COM_IRQHandler
                0x0000000000000f34                UART7_IRQHandler
                0x0000000000000f34                USART2_IRQHandler
                0x0000000000000f34                UART6_IRQHandler
                0x0000000000000f34                I2C2_ER_IRQHandler
                0x0000000000000f34                DMA1_Channel2_IRQHandler
                0x0000000000000f34                TIM8_BRK_IRQHandler
                0x0000000000000f34                CAN1_SCE_IRQHandler
                0x0000000000000f34                FLASH_IRQHandler
                0x0000000000000f34                USART1_IRQHandler
                0x0000000000000f34                SPI3_IRQHandler
                0x0000000000000f34                I2C1_ER_IRQHandler
                0x0000000000000f34                USBWakeUp_IRQHandler
                0x0000000000000f34                DMA2_Channel3_IRQHandler
 .text.handle_reset
                0x0000000000000f36       0x8e ./Startup/startup_ch32v30x_D8C.o
                0x0000000000000f36                handle_reset
 .text.DMA_DeInit
                0x0000000000000fc4      0x16c ./Peripheral/src/ch32v30x_dma.o
                0x0000000000000fc4                DMA_DeInit
 .text.DMA_Init
                0x0000000000001130       0x38 ./Peripheral/src/ch32v30x_dma.o
                0x0000000000001130                DMA_Init
 .text.DMA_Cmd  0x0000000000001168       0x14 ./Peripheral/src/ch32v30x_dma.o
                0x0000000000001168                DMA_Cmd
 .text.DMA_GetCurrDataCounter
                0x000000000000117c        0x8 ./Peripheral/src/ch32v30x_dma.o
                0x000000000000117c                DMA_GetCurrDataCounter
 .text.FSMC_NORSRAMInit
                0x0000000000001184       0xae ./Peripheral/src/ch32v30x_fsmc.o
                0x0000000000001184                FSMC_NORSRAMInit
 .text.FSMC_NORSRAMCmd
                0x0000000000001232       0x1e ./Peripheral/src/ch32v30x_fsmc.o
                0x0000000000001232                FSMC_NORSRAMCmd
 .text.GPIO_Init
                0x0000000000001250       0xc0 ./Peripheral/src/ch32v30x_gpio.o
                0x0000000000001250                GPIO_Init
 .text.GPIO_SetBits
                0x0000000000001310        0x4 ./Peripheral/src/ch32v30x_gpio.o
                0x0000000000001310                GPIO_SetBits
 .text.GPIO_ResetBits
                0x0000000000001314        0x4 ./Peripheral/src/ch32v30x_gpio.o
                0x0000000000001314                GPIO_ResetBits
 .text.GPIO_PinRemapConfig
                0x0000000000001318       0xd6 ./Peripheral/src/ch32v30x_gpio.o
                0x0000000000001318                GPIO_PinRemapConfig
 .text.NVIC_PriorityGroupConfig
                0x00000000000013ee        0x6 ./Peripheral/src/ch32v30x_misc.o
                0x00000000000013ee                NVIC_PriorityGroupConfig
 .text.NVIC_Init
                0x00000000000013f4       0x4e ./Peripheral/src/ch32v30x_misc.o
                0x00000000000013f4                NVIC_Init
 .text.RCC_GetClocksFreq
                0x0000000000001442      0x176 ./Peripheral/src/ch32v30x_rcc.o
                0x0000000000001442                RCC_GetClocksFreq
 .text.RCC_AHBPeriphClockCmd
                0x00000000000015b8       0x1e ./Peripheral/src/ch32v30x_rcc.o
                0x00000000000015b8                RCC_AHBPeriphClockCmd
 .text.RCC_APB2PeriphClockCmd
                0x00000000000015d6       0x1e ./Peripheral/src/ch32v30x_rcc.o
                0x00000000000015d6                RCC_APB2PeriphClockCmd
 .text.RCC_APB1PeriphClockCmd
                0x00000000000015f4       0x1e ./Peripheral/src/ch32v30x_rcc.o
                0x00000000000015f4                RCC_APB1PeriphClockCmd
 .text.TIM_TimeBaseInit
                0x0000000000001612       0xaa ./Peripheral/src/ch32v30x_tim.o
                0x0000000000001612                TIM_TimeBaseInit
 .text.TIM_OC2Init
                0x00000000000016bc       0xae ./Peripheral/src/ch32v30x_tim.o
                0x00000000000016bc                TIM_OC2Init
 .text.TIM_Cmd  0x000000000000176a       0x18 ./Peripheral/src/ch32v30x_tim.o
                0x000000000000176a                TIM_Cmd
 .text.TIM_CtrlPWMOutputs
                0x0000000000001782       0x16 ./Peripheral/src/ch32v30x_tim.o
                0x0000000000001782                TIM_CtrlPWMOutputs
 .text.TIM_ARRPreloadConfig
                0x0000000000001798       0x1a ./Peripheral/src/ch32v30x_tim.o
                0x0000000000001798                TIM_ARRPreloadConfig
 .text.TIM_OC2PreloadConfig
                0x00000000000017b2       0x16 ./Peripheral/src/ch32v30x_tim.o
                0x00000000000017b2                TIM_OC2PreloadConfig
 .text.USART_Init
                0x00000000000017c8       0x8e ./Peripheral/src/ch32v30x_usart.o
                0x00000000000017c8                USART_Init
 .text.USART_Cmd
                0x0000000000001856       0x16 ./Peripheral/src/ch32v30x_usart.o
                0x0000000000001856                USART_Cmd
 .text.USART_ITConfig
                0x000000000000186c       0x36 ./Peripheral/src/ch32v30x_usart.o
                0x000000000000186c                USART_ITConfig
 .text.USART_DMACmd
                0x00000000000018a2       0x12 ./Peripheral/src/ch32v30x_usart.o
                0x00000000000018a2                USART_DMACmd
 .text.USART_SendData
                0x00000000000018b4        0x8 ./Peripheral/src/ch32v30x_usart.o
                0x00000000000018b4                USART_SendData
 .text.USART_ReceiveData
                0x00000000000018bc        0x8 ./Peripheral/src/ch32v30x_usart.o
                0x00000000000018bc                USART_ReceiveData
 .text.USART_GetFlagStatus
                0x00000000000018c4        0xa ./Peripheral/src/ch32v30x_usart.o
                0x00000000000018c4                USART_GetFlagStatus
 .text.USART_GetITStatus
                0x00000000000018ce       0x3c ./Peripheral/src/ch32v30x_usart.o
                0x00000000000018ce                USART_GetITStatus
 .text.USART_ClearITPendingBit
                0x000000000000190a       0x14 ./Peripheral/src/ch32v30x_usart.o
                0x000000000000190a                USART_ClearITPendingBit
 .text.Delay_Init
                0x000000000000191e       0x2a ./Debug/debug.o
                0x000000000000191e                Delay_Init
 .text.Delay_Ms
                0x0000000000001948       0x36 ./Debug/debug.o
                0x0000000000001948                Delay_Ms
 .text.USART_Printf_Init
                0x000000000000197e       0x54 ./Debug/debug.o
                0x000000000000197e                USART_Printf_Init
 .text._write   0x00000000000019d2       0x3a ./Debug/debug.o
                0x00000000000019d2                _write
 .text._sbrk    0x0000000000001a0c       0x2a ./Debug/debug.o
                0x0000000000001a0c                _sbrk
 .text.__get_MEPC
                0x0000000000001a36        0x6 ./Core/core_riscv.o
                0x0000000000001a36                __get_MEPC
 .text.__get_MCAUSE
                0x0000000000001a3c        0x6 ./Core/core_riscv.o
                0x0000000000001a3c                __get_MCAUSE
 .text.__get_MTVAL
                0x0000000000001a42        0x6 ./Core/core_riscv.o
                0x0000000000001a42                __get_MTVAL
 .text.__muldf3
                0x0000000000001a48      0x4b4 e:/mounriver/mounriver_studio/toolchain/risc-v embedded gcc/bin/../lib/gcc/riscv-none-embed/8.2.0/rv32imacxw/ilp32\libgcc.a(muldf3.o)
                0x0000000000001a48                __muldf3
 .text.__floatsidf
                0x0000000000001efc       0x70 e:/mounriver/mounriver_studio/toolchain/risc-v embedded gcc/bin/../lib/gcc/riscv-none-embed/8.2.0/rv32imacxw/ilp32\libgcc.a(floatsidf.o)
                0x0000000000001efc                __floatsidf
 .text.__mulsf3
                0x0000000000001f6c      0x290 e:/mounriver/mounriver_studio/toolchain/risc-v embedded gcc/bin/../lib/gcc/riscv-none-embed/8.2.0/rv32imacxw/ilp32\libgcc.a(mulsf3.o)
                0x0000000000001f6c                __mulsf3
 .text.__fixunssfsi
                0x00000000000021fc       0x56 e:/mounriver/mounriver_studio/toolchain/risc-v embedded gcc/bin/../lib/gcc/riscv-none-embed/8.2.0/rv32imacxw/ilp32\libgcc.a(fixunssfsi.o)
                0x00000000000021fc                __fixunssfsi
 .text.__truncdfsf2
                0x0000000000002252      0x16a e:/mounriver/mounriver_studio/toolchain/risc-v embedded gcc/bin/../lib/gcc/riscv-none-embed/8.2.0/rv32imacxw/ilp32\libgcc.a(truncdfsf2.o)
                0x0000000000002252                __truncdfsf2
 .text.__clzsi2
                0x00000000000023bc       0x6e e:/mounriver/mounriver_studio/toolchain/risc-v embedded gcc/bin/../lib/gcc/riscv-none-embed/8.2.0/rv32imacxw/ilp32\libgcc.a(_clzsi2.o)
                0x00000000000023bc                __clzsi2
 .text.memcpy   0x000000000000242a       0xb2 e:/mounriver/mounriver_studio/toolchain/risc-v embedded gcc/bin/../lib/gcc/riscv-none-embed/8.2.0/../../../../riscv-none-embed/lib/rv32imacxw/ilp32\libg_nano.a(lib_a-memcpy.o)
                0x000000000000242a                memcpy
 .text.__cvt    0x00000000000024dc       0xea e:/mounriver/mounriver_studio/toolchain/risc-v embedded gcc/bin/../lib/gcc/riscv-none-embed/8.2.0/../../../../riscv-none-embed/lib/rv32imacxw/ilp32\libg_nano.a(lib_a-nano-vfprintf_float.o)
                0x00000000000024dc                __cvt
 .text.__exponent
                0x00000000000025c6       0x84 e:/mounriver/mounriver_studio/toolchain/risc-v embedded gcc/bin/../lib/gcc/riscv-none-embed/8.2.0/../../../../riscv-none-embed/lib/rv32imacxw/ilp32\libg_nano.a(lib_a-nano-vfprintf_float.o)
                0x00000000000025c6                __exponent
 .text._printf_float
                0x000000000000264a      0x4c0 e:/mounriver/mounriver_studio/toolchain/risc-v embedded gcc/bin/../lib/gcc/riscv-none-embed/8.2.0/../../../../riscv-none-embed/lib/rv32imacxw/ilp32\libg_nano.a(lib_a-nano-vfprintf_float.o)
                0x000000000000264a                _printf_float
 .text._printf_common
                0x0000000000002b0a      0x10c e:/mounriver/mounriver_studio/toolchain/risc-v embedded gcc/bin/../lib/gcc/riscv-none-embed/8.2.0/../../../../riscv-none-embed/lib/rv32imacxw/ilp32\libg_nano.a(lib_a-nano-vfprintf_i.o)
                0x0000000000002b0a                _printf_common
 .text._printf_i
                0x0000000000002c16      0x2a2 e:/mounriver/mounriver_studio/toolchain/risc-v embedded gcc/bin/../lib/gcc/riscv-none-embed/8.2.0/../../../../riscv-none-embed/lib/rv32imacxw/ilp32\libg_nano.a(lib_a-nano-vfprintf_i.o)
                0x0000000000002c16                _printf_i
 .text.printf   0x0000000000002eb8       0x42 e:/mounriver/mounriver_studio/toolchain/risc-v embedded gcc/bin/../lib/gcc/riscv-none-embed/8.2.0/../../../../riscv-none-embed/lib/rv32imacxw/ilp32\libg_nano.a(lib_a-printf.o)
                0x0000000000002eb8                iprintf
                0x0000000000002eb8                printf
 .text._puts_r  0x0000000000002efa       0xd8 e:/mounriver/mounriver_studio/toolchain/risc-v embedded gcc/bin/../lib/gcc/riscv-none-embed/8.2.0/../../../../riscv-none-embed/lib/rv32imacxw/ilp32\libg_nano.a(lib_a-puts.o)
                0x0000000000002efa                _puts_r
 .text.puts     0x0000000000002fd2        0xa e:/mounriver/mounriver_studio/toolchain/risc-v embedded gcc/bin/../lib/gcc/riscv-none-embed/8.2.0/../../../../riscv-none-embed/lib/rv32imacxw/ilp32\libg_nano.a(lib_a-puts.o)
                0x0000000000002fd2                puts
 .text.strlen   0x0000000000002fdc       0x12 e:/mounriver/mounriver_studio/toolchain/risc-v embedded gcc/bin/../lib/gcc/riscv-none-embed/8.2.0/../../../../riscv-none-embed/lib/rv32imacxw/ilp32\libg_nano.a(lib_a-strlen.o)
                0x0000000000002fdc                strlen
 .text.__swbuf_r
                0x0000000000002fee       0xc2 e:/mounriver/mounriver_studio/toolchain/risc-v embedded gcc/bin/../lib/gcc/riscv-none-embed/8.2.0/../../../../riscv-none-embed/lib/rv32imacxw/ilp32\libg_nano.a(lib_a-wbuf.o)
                0x0000000000002fee                __swbuf_r
 .text.__swsetup_r
                0x00000000000030b0      0x102 e:/mounriver/mounriver_studio/toolchain/risc-v embedded gcc/bin/../lib/gcc/riscv-none-embed/8.2.0/../../../../riscv-none-embed/lib/rv32imacxw/ilp32\libg_nano.a(lib_a-wsetup.o)
                0x00000000000030b0                __swsetup_r
 .text.quorem   0x00000000000031b2      0x13a e:/mounriver/mounriver_studio/toolchain/risc-v embedded gcc/bin/../lib/gcc/riscv-none-embed/8.2.0/../../../../riscv-none-embed/lib/rv32imacxw/ilp32\libg_nano.a(lib_a-dtoa.o)
 .text._dtoa_r  0x00000000000032ec      0xc14 e:/mounriver/mounriver_studio/toolchain/risc-v embedded gcc/bin/../lib/gcc/riscv-none-embed/8.2.0/../../../../riscv-none-embed/lib/rv32imacxw/ilp32\libg_nano.a(lib_a-dtoa.o)
                0x00000000000032ec                _dtoa_r
 .text.__sflush_r
                0x0000000000003f00      0x132 e:/mounriver/mounriver_studio/toolchain/risc-v embedded gcc/bin/../lib/gcc/riscv-none-embed/8.2.0/../../../../riscv-none-embed/lib/rv32imacxw/ilp32\libg_nano.a(lib_a-fflush.o)
                0x0000000000003f00                __sflush_r
 .text._fflush_r
                0x0000000000004032       0x64 e:/mounriver/mounriver_studio/toolchain/risc-v embedded gcc/bin/../lib/gcc/riscv-none-embed/8.2.0/../../../../riscv-none-embed/lib/rv32imacxw/ilp32\libg_nano.a(lib_a-fflush.o)
                0x0000000000004032                _fflush_r
 .text.std      0x0000000000004096       0x66 e:/mounriver/mounriver_studio/toolchain/risc-v embedded gcc/bin/../lib/gcc/riscv-none-embed/8.2.0/../../../../riscv-none-embed/lib/rv32imacxw/ilp32\libg_nano.a(lib_a-findfp.o)
 .text._cleanup_r
                0x00000000000040fc        0xa e:/mounriver/mounriver_studio/toolchain/risc-v embedded gcc/bin/../lib/gcc/riscv-none-embed/8.2.0/../../../../riscv-none-embed/lib/rv32imacxw/ilp32\libg_nano.a(lib_a-findfp.o)
                0x00000000000040fc                _cleanup_r
 .text.__sfmoreglue
                0x0000000000004106       0x48 e:/mounriver/mounriver_studio/toolchain/risc-v embedded gcc/bin/../lib/gcc/riscv-none-embed/8.2.0/../../../../riscv-none-embed/lib/rv32imacxw/ilp32\libg_nano.a(lib_a-findfp.o)
                0x0000000000004106                __sfmoreglue
 .text.__sinit  0x000000000000414e       0x66 e:/mounriver/mounriver_studio/toolchain/risc-v embedded gcc/bin/../lib/gcc/riscv-none-embed/8.2.0/../../../../riscv-none-embed/lib/rv32imacxw/ilp32\libg_nano.a(lib_a-findfp.o)
                0x000000000000414e                __sinit
 .text.__sfp    0x00000000000041b4       0x9c e:/mounriver/mounriver_studio/toolchain/risc-v embedded gcc/bin/../lib/gcc/riscv-none-embed/8.2.0/../../../../riscv-none-embed/lib/rv32imacxw/ilp32\libg_nano.a(lib_a-findfp.o)
                0x00000000000041b4                __sfp
 .text._fwalk_reent
                0x0000000000004250       0x6a e:/mounriver/mounriver_studio/toolchain/risc-v embedded gcc/bin/../lib/gcc/riscv-none-embed/8.2.0/../../../../riscv-none-embed/lib/rv32imacxw/ilp32\libg_nano.a(lib_a-fwalk.o)
                0x0000000000004250                _fwalk_reent
 .text._localeconv_r
                0x00000000000042ba       0x18 e:/mounriver/mounriver_studio/toolchain/risc-v embedded gcc/bin/../lib/gcc/riscv-none-embed/8.2.0/../../../../riscv-none-embed/lib/rv32imacxw/ilp32\libg_nano.a(lib_a-localeconv.o)
                0x00000000000042ba                _localeconv_r
 .text.__swhatbuf_r
                0x00000000000042d2       0x58 e:/mounriver/mounriver_studio/toolchain/risc-v embedded gcc/bin/../lib/gcc/riscv-none-embed/8.2.0/../../../../riscv-none-embed/lib/rv32imacxw/ilp32\libg_nano.a(lib_a-makebuf.o)
                0x00000000000042d2                __swhatbuf_r
 .text.__smakebuf_r
                0x000000000000432a       0x92 e:/mounriver/mounriver_studio/toolchain/risc-v embedded gcc/bin/../lib/gcc/riscv-none-embed/8.2.0/../../../../riscv-none-embed/lib/rv32imacxw/ilp32\libg_nano.a(lib_a-makebuf.o)
                0x000000000000432a                __smakebuf_r
 .text.malloc   0x00000000000043bc        0xc e:/mounriver/mounriver_studio/toolchain/risc-v embedded gcc/bin/../lib/gcc/riscv-none-embed/8.2.0/../../../../riscv-none-embed/lib/rv32imacxw/ilp32\libg_nano.a(lib_a-malloc.o)
                0x00000000000043bc                malloc
 .text.memchr   0x00000000000043c8       0x18 e:/mounriver/mounriver_studio/toolchain/risc-v embedded gcc/bin/../lib/gcc/riscv-none-embed/8.2.0/../../../../riscv-none-embed/lib/rv32imacxw/ilp32\libg_nano.a(lib_a-memchr.o)
                0x00000000000043c8                memchr
 .text._Balloc  0x00000000000043e0       0x86 e:/mounriver/mounriver_studio/toolchain/risc-v embedded gcc/bin/../lib/gcc/riscv-none-embed/8.2.0/../../../../riscv-none-embed/lib/rv32imacxw/ilp32\libg_nano.a(lib_a-mprec.o)
                0x00000000000043e0                _Balloc
 .text._Bfree   0x0000000000004466       0x42 e:/mounriver/mounriver_studio/toolchain/risc-v embedded gcc/bin/../lib/gcc/riscv-none-embed/8.2.0/../../../../riscv-none-embed/lib/rv32imacxw/ilp32\libg_nano.a(lib_a-mprec.o)
                0x0000000000004466                _Bfree
 .text.__multadd
                0x00000000000044a8       0x94 e:/mounriver/mounriver_studio/toolchain/risc-v embedded gcc/bin/../lib/gcc/riscv-none-embed/8.2.0/../../../../riscv-none-embed/lib/rv32imacxw/ilp32\libg_nano.a(lib_a-mprec.o)
                0x00000000000044a8                __multadd
 .text.__hi0bits
                0x000000000000453c       0x46 e:/mounriver/mounriver_studio/toolchain/risc-v embedded gcc/bin/../lib/gcc/riscv-none-embed/8.2.0/../../../../riscv-none-embed/lib/rv32imacxw/ilp32\libg_nano.a(lib_a-mprec.o)
                0x000000000000453c                __hi0bits
 .text.__lo0bits
                0x0000000000004582       0x6a e:/mounriver/mounriver_studio/toolchain/risc-v embedded gcc/bin/../lib/gcc/riscv-none-embed/8.2.0/../../../../riscv-none-embed/lib/rv32imacxw/ilp32\libg_nano.a(lib_a-mprec.o)
                0x0000000000004582                __lo0bits
 .text.__i2b    0x00000000000045ec       0x1a e:/mounriver/mounriver_studio/toolchain/risc-v embedded gcc/bin/../lib/gcc/riscv-none-embed/8.2.0/../../../../riscv-none-embed/lib/rv32imacxw/ilp32\libg_nano.a(lib_a-mprec.o)
                0x00000000000045ec                __i2b
 .text.__multiply
                0x0000000000004606      0x142 e:/mounriver/mounriver_studio/toolchain/risc-v embedded gcc/bin/../lib/gcc/riscv-none-embed/8.2.0/../../../../riscv-none-embed/lib/rv32imacxw/ilp32\libg_nano.a(lib_a-mprec.o)
                0x0000000000004606                __multiply
 .text.__pow5mult
                0x0000000000004748       0xb8 e:/mounriver/mounriver_studio/toolchain/risc-v embedded gcc/bin/../lib/gcc/riscv-none-embed/8.2.0/../../../../riscv-none-embed/lib/rv32imacxw/ilp32\libg_nano.a(lib_a-mprec.o)
                0x0000000000004748                __pow5mult
 .text.__lshift
                0x0000000000004800       0xce e:/mounriver/mounriver_studio/toolchain/risc-v embedded gcc/bin/../lib/gcc/riscv-none-embed/8.2.0/../../../../riscv-none-embed/lib/rv32imacxw/ilp32\libg_nano.a(lib_a-mprec.o)
                0x0000000000004800                __lshift
 .text.__mcmp   0x00000000000048ce       0x32 e:/mounriver/mounriver_studio/toolchain/risc-v embedded gcc/bin/../lib/gcc/riscv-none-embed/8.2.0/../../../../riscv-none-embed/lib/rv32imacxw/ilp32\libg_nano.a(lib_a-mprec.o)
                0x00000000000048ce                __mcmp
 .text.__mdiff  0x0000000000004900       0xf0 e:/mounriver/mounriver_studio/toolchain/risc-v embedded gcc/bin/../lib/gcc/riscv-none-embed/8.2.0/../../../../riscv-none-embed/lib/rv32imacxw/ilp32\libg_nano.a(lib_a-mprec.o)
                0x0000000000004900                __mdiff
 .text.__d2b    0x00000000000049f0       0xd4 e:/mounriver/mounriver_studio/toolchain/risc-v embedded gcc/bin/../lib/gcc/riscv-none-embed/8.2.0/../../../../riscv-none-embed/lib/rv32imacxw/ilp32\libg_nano.a(lib_a-mprec.o)
                0x00000000000049f0                __d2b
 .text._calloc_r
                0x0000000000004ac4       0x26 e:/mounriver/mounriver_studio/toolchain/risc-v embedded gcc/bin/../lib/gcc/riscv-none-embed/8.2.0/../../../../riscv-none-embed/lib/rv32imacxw/ilp32\libg_nano.a(lib_a-nano-callocr.o)
                0x0000000000004ac4                _calloc_r
 .text._free_r  0x0000000000004aea       0xa4 e:/mounriver/mounriver_studio/toolchain/risc-v embedded gcc/bin/../lib/gcc/riscv-none-embed/8.2.0/../../../../riscv-none-embed/lib/rv32imacxw/ilp32\libg_nano.a(lib_a-nano-freer.o)
                0x0000000000004aea                _free_r
 .text._malloc_r
                0x0000000000004b8e       0xce e:/mounriver/mounriver_studio/toolchain/risc-v embedded gcc/bin/../lib/gcc/riscv-none-embed/8.2.0/../../../../riscv-none-embed/lib/rv32imacxw/ilp32\libg_nano.a(lib_a-nano-mallocr.o)
                0x0000000000004b8e                _malloc_r
 .text.__sfputc_r
                0x0000000000004c5c       0x28 e:/mounriver/mounriver_studio/toolchain/risc-v embedded gcc/bin/../lib/gcc/riscv-none-embed/8.2.0/../../../../riscv-none-embed/lib/rv32imacxw/ilp32\libg_nano.a(lib_a-nano-vfprintf.o)
 .text.__sfputs_r
                0x0000000000004c84       0x40 e:/mounriver/mounriver_studio/toolchain/risc-v embedded gcc/bin/../lib/gcc/riscv-none-embed/8.2.0/../../../../riscv-none-embed/lib/rv32imacxw/ilp32\libg_nano.a(lib_a-nano-vfprintf.o)
                0x0000000000004c84                __sfputs_r
 .text._vfprintf_r
                0x0000000000004cc4      0x28a e:/mounriver/mounriver_studio/toolchain/risc-v embedded gcc/bin/../lib/gcc/riscv-none-embed/8.2.0/../../../../riscv-none-embed/lib/rv32imacxw/ilp32\libg_nano.a(lib_a-nano-vfprintf.o)
                0x0000000000004cc4                _vfprintf_r
                0x0000000000004cc4                _vfiprintf_r
 .text._sbrk_r  0x0000000000004f4e       0x32 e:/mounriver/mounriver_studio/toolchain/risc-v embedded gcc/bin/../lib/gcc/riscv-none-embed/8.2.0/../../../../riscv-none-embed/lib/rv32imacxw/ilp32\libg_nano.a(lib_a-sbrkr.o)
                0x0000000000004f4e                _sbrk_r
 .text.__sread  0x0000000000004f80       0x2c e:/mounriver/mounriver_studio/toolchain/risc-v embedded gcc/bin/../lib/gcc/riscv-none-embed/8.2.0/../../../../riscv-none-embed/lib/rv32imacxw/ilp32\libg_nano.a(lib_a-stdio.o)
                0x0000000000004f80                __sread
 .text.__swrite
                0x0000000000004fac       0x48 e:/mounriver/mounriver_studio/toolchain/risc-v embedded gcc/bin/../lib/gcc/riscv-none-embed/8.2.0/../../../../riscv-none-embed/lib/rv32imacxw/ilp32\libg_nano.a(lib_a-stdio.o)
                0x0000000000004fac                __swrite
 .text.__sseek  0x0000000000004ff4       0x30 e:/mounriver/mounriver_studio/toolchain/risc-v embedded gcc/bin/../lib/gcc/riscv-none-embed/8.2.0/../../../../riscv-none-embed/lib/rv32imacxw/ilp32\libg_nano.a(lib_a-stdio.o)
                0x0000000000004ff4                __sseek
 .text.__sclose
                0x0000000000005024        0x6 e:/mounriver/mounriver_studio/toolchain/risc-v embedded gcc/bin/../lib/gcc/riscv-none-embed/8.2.0/../../../../riscv-none-embed/lib/rv32imacxw/ilp32\libg_nano.a(lib_a-stdio.o)
                0x0000000000005024                __sclose
 .text._write_r
                0x000000000000502a       0x36 e:/mounriver/mounriver_studio/toolchain/risc-v embedded gcc/bin/../lib/gcc/riscv-none-embed/8.2.0/../../../../riscv-none-embed/lib/rv32imacxw/ilp32\libg_nano.a(lib_a-writer.o)
                0x000000000000502a                _write_r
 .text._close_r
                0x0000000000005060       0x32 e:/mounriver/mounriver_studio/toolchain/risc-v embedded gcc/bin/../lib/gcc/riscv-none-embed/8.2.0/../../../../riscv-none-embed/lib/rv32imacxw/ilp32\libg_nano.a(lib_a-closer.o)
                0x0000000000005060                _close_r
 .text._fstat_r
                0x0000000000005092       0x34 e:/mounriver/mounriver_studio/toolchain/risc-v embedded gcc/bin/../lib/gcc/riscv-none-embed/8.2.0/../../../../riscv-none-embed/lib/rv32imacxw/ilp32\libg_nano.a(lib_a-fstatr.o)
                0x0000000000005092                _fstat_r
 .text._isatty_r
                0x00000000000050c6       0x32 e:/mounriver/mounriver_studio/toolchain/risc-v embedded gcc/bin/../lib/gcc/riscv-none-embed/8.2.0/../../../../riscv-none-embed/lib/rv32imacxw/ilp32\libg_nano.a(lib_a-isattyr.o)
                0x00000000000050c6                _isatty_r
 .text._lseek_r
                0x00000000000050f8       0x36 e:/mounriver/mounriver_studio/toolchain/risc-v embedded gcc/bin/../lib/gcc/riscv-none-embed/8.2.0/../../../../riscv-none-embed/lib/rv32imacxw/ilp32\libg_nano.a(lib_a-lseekr.o)
                0x00000000000050f8                _lseek_r
 .text.__ascii_mbtowc
                0x000000000000512e       0x32 e:/mounriver/mounriver_studio/toolchain/risc-v embedded gcc/bin/../lib/gcc/riscv-none-embed/8.2.0/../../../../riscv-none-embed/lib/rv32imacxw/ilp32\libg_nano.a(lib_a-mbtowc_r.o)
                0x000000000000512e                __ascii_mbtowc
 .text.__malloc_lock
                0x0000000000005160        0x2 e:/mounriver/mounriver_studio/toolchain/risc-v embedded gcc/bin/../lib/gcc/riscv-none-embed/8.2.0/../../../../riscv-none-embed/lib/rv32imacxw/ilp32\libg_nano.a(lib_a-mlock.o)
                0x0000000000005160                __malloc_lock
 .text.__malloc_unlock
                0x0000000000005162        0x2 e:/mounriver/mounriver_studio/toolchain/risc-v embedded gcc/bin/../lib/gcc/riscv-none-embed/8.2.0/../../../../riscv-none-embed/lib/rv32imacxw/ilp32\libg_nano.a(lib_a-mlock.o)
                0x0000000000005162                __malloc_unlock
 .text._read_r  0x0000000000005164       0x36 e:/mounriver/mounriver_studio/toolchain/risc-v embedded gcc/bin/../lib/gcc/riscv-none-embed/8.2.0/../../../../riscv-none-embed/lib/rv32imacxw/ilp32\libg_nano.a(lib_a-readr.o)
                0x0000000000005164                _read_r
 .text.__ascii_wctomb
                0x000000000000519a       0x1e e:/mounriver/mounriver_studio/toolchain/risc-v embedded gcc/bin/../lib/gcc/riscv-none-embed/8.2.0/../../../../riscv-none-embed/lib/rv32imacxw/ilp32\libg_nano.a(lib_a-wctomb_r.o)
                0x000000000000519a                __ascii_wctomb
 .text.__adddf3
                0x00000000000051b8      0x730 e:/mounriver/mounriver_studio/toolchain/risc-v embedded gcc/bin/../lib/gcc/riscv-none-embed/8.2.0/rv32imacxw/ilp32\libgcc.a(adddf3.o)
                0x00000000000051b8                __adddf3
 .text.__divdf3
                0x00000000000058e8      0x5b4 e:/mounriver/mounriver_studio/toolchain/risc-v embedded gcc/bin/../lib/gcc/riscv-none-embed/8.2.0/rv32imacxw/ilp32\libgcc.a(divdf3.o)
                0x00000000000058e8                __divdf3
 .text.__eqdf2  0x0000000000005e9c       0x6a e:/mounriver/mounriver_studio/toolchain/risc-v embedded gcc/bin/../lib/gcc/riscv-none-embed/8.2.0/rv32imacxw/ilp32\libgcc.a(eqdf2.o)
                0x0000000000005e9c                __nedf2
                0x0000000000005e9c                __eqdf2
 .text.__gedf2  0x0000000000005f06       0xae e:/mounriver/mounriver_studio/toolchain/risc-v embedded gcc/bin/../lib/gcc/riscv-none-embed/8.2.0/rv32imacxw/ilp32\libgcc.a(gedf2.o)
                0x0000000000005f06                __gedf2
                0x0000000000005f06                __gtdf2
 .text.__ledf2  0x0000000000005fb4       0xb6 e:/mounriver/mounriver_studio/toolchain/risc-v embedded gcc/bin/../lib/gcc/riscv-none-embed/8.2.0/rv32imacxw/ilp32\libgcc.a(ledf2.o)
                0x0000000000005fb4                __ledf2
                0x0000000000005fb4                __ltdf2
 .text.__subdf3
                0x000000000000606a      0x73e e:/mounriver/mounriver_studio/toolchain/risc-v embedded gcc/bin/../lib/gcc/riscv-none-embed/8.2.0/rv32imacxw/ilp32\libgcc.a(subdf3.o)
                0x000000000000606a                __subdf3
 .text.__unorddf2
                0x00000000000067a8       0x3c e:/mounriver/mounriver_studio/toolchain/risc-v embedded gcc/bin/../lib/gcc/riscv-none-embed/8.2.0/rv32imacxw/ilp32\libgcc.a(unorddf2.o)
                0x00000000000067a8                __unorddf2
 .text.__fixdfsi
                0x00000000000067e4       0x68 e:/mounriver/mounriver_studio/toolchain/risc-v embedded gcc/bin/../lib/gcc/riscv-none-embed/8.2.0/rv32imacxw/ilp32\libgcc.a(fixdfsi.o)
                0x00000000000067e4                __fixdfsi
 .text.__floatunsidf
                0x000000000000684c       0x68 e:/mounriver/mounriver_studio/toolchain/risc-v embedded gcc/bin/../lib/gcc/riscv-none-embed/8.2.0/rv32imacxw/ilp32\libgcc.a(floatunsidf.o)
                0x000000000000684c                __floatunsidf
 .text.__trunctfdf2
                0x00000000000068b4      0x21e e:/mounriver/mounriver_studio/toolchain/risc-v embedded gcc/bin/../lib/gcc/riscv-none-embed/8.2.0/rv32imacxw/ilp32\libgcc.a(trunctfdf2.o)
                0x00000000000068b4                __trunctfdf2
 .text._close   0x0000000000006ad2       0x10 e:/mounriver/mounriver_studio/toolchain/risc-v embedded gcc/bin/../lib/gcc/riscv-none-embed/8.2.0/../../../../riscv-none-embed/lib/rv32imacxw/ilp32\libnosys.a(close.o)
                0x0000000000006ad2                _close
 .text._fstat   0x0000000000006ae2       0x10 e:/mounriver/mounriver_studio/toolchain/risc-v embedded gcc/bin/../lib/gcc/riscv-none-embed/8.2.0/../../../../riscv-none-embed/lib/rv32imacxw/ilp32\libnosys.a(fstat.o)
                0x0000000000006ae2                _fstat
 .text._isatty  0x0000000000006af2       0x10 e:/mounriver/mounriver_studio/toolchain/risc-v embedded gcc/bin/../lib/gcc/riscv-none-embed/8.2.0/../../../../riscv-none-embed/lib/rv32imacxw/ilp32\libnosys.a(isatty.o)
                0x0000000000006af2                _isatty
 .text._lseek   0x0000000000006b02       0x10 e:/mounriver/mounriver_studio/toolchain/risc-v embedded gcc/bin/../lib/gcc/riscv-none-embed/8.2.0/../../../../riscv-none-embed/lib/rv32imacxw/ilp32\libnosys.a(lseek.o)
                0x0000000000006b02                _lseek
 .text._read    0x0000000000006b12       0x10 e:/mounriver/mounriver_studio/toolchain/risc-v embedded gcc/bin/../lib/gcc/riscv-none-embed/8.2.0/../../../../riscv-none-embed/lib/rv32imacxw/ilp32\libnosys.a(read.o)
                0x0000000000006b12                _read
 *(.rodata)
 *(.rodata*)
 *fill*         0x0000000000006b22        0x2 
 .rodata.Disp_TempPic.cst4
                0x0000000000006b24        0x4 ./User/Displaytemp.o
 .rodata.HardFault_Handler.str1.4
                0x0000000000006b28       0x2e ./User/ch32v30x_it.o
 *fill*         0x0000000000006b56        0x2 
 .rodata.lcd_init.str1.4
                0x0000000000006b58        0xa ./User/lcd.o
 *fill*         0x0000000000006b62        0x2 
 .rodata.UART8_IRQHandler.str1.4
                0x0000000000006b64        0xa ./User/main.o
 *fill*         0x0000000000006b6e        0x2 
 .rodata.USART3_IRQHandler.str1.4
                0x0000000000006b70       0x20 ./User/main.o
 *fill*         0x0000000000006b90        0x0 
 .rodata.main.cst8
                0x0000000000006b90        0x8 ./User/main.o
 .rodata.main.str1.4
                0x0000000000006b98        0x4 ./User/main.o
 .rodata.__muldf3
                0x0000000000006b9c       0x40 e:/mounriver/mounriver_studio/toolchain/risc-v embedded gcc/bin/../lib/gcc/riscv-none-embed/8.2.0/rv32imacxw/ilp32\libgcc.a(muldf3.o)
 .rodata.__mulsf3
                0x0000000000006bdc       0x40 e:/mounriver/mounriver_studio/toolchain/risc-v embedded gcc/bin/../lib/gcc/riscv-none-embed/8.2.0/rv32imacxw/ilp32\libgcc.a(mulsf3.o)
 .rodata.__clz_tab
                0x0000000000006c1c      0x100 e:/mounriver/mounriver_studio/toolchain/risc-v embedded gcc/bin/../lib/gcc/riscv-none-embed/8.2.0/rv32imacxw/ilp32\libgcc.a(_clz.o)
                0x0000000000006c1c                __clz_tab
 *fill*         0x0000000000006d1c        0x4 
 .rodata._printf_float.cst8
                0x0000000000006d20        0x8 e:/mounriver/mounriver_studio/toolchain/risc-v embedded gcc/bin/../lib/gcc/riscv-none-embed/8.2.0/../../../../riscv-none-embed/lib/rv32imacxw/ilp32\libg_nano.a(lib_a-nano-vfprintf_float.o)
 .rodata._printf_float.str1.4
                0x0000000000006d28       0x12 e:/mounriver/mounriver_studio/toolchain/risc-v embedded gcc/bin/../lib/gcc/riscv-none-embed/8.2.0/../../../../riscv-none-embed/lib/rv32imacxw/ilp32\libg_nano.a(lib_a-nano-vfprintf_float.o)
 *fill*         0x0000000000006d3a        0x2 
 .rodata._printf_i.str1.4
                0x0000000000006d3c       0x25 e:/mounriver/mounriver_studio/toolchain/risc-v embedded gcc/bin/../lib/gcc/riscv-none-embed/8.2.0/../../../../riscv-none-embed/lib/rv32imacxw/ilp32\libg_nano.a(lib_a-nano-vfprintf_i.o)
 *fill*         0x0000000000006d61        0x7 
 .rodata._dtoa_r.cst8
                0x0000000000006d68       0x48 e:/mounriver/mounriver_studio/toolchain/risc-v embedded gcc/bin/../lib/gcc/riscv-none-embed/8.2.0/../../../../riscv-none-embed/lib/rv32imacxw/ilp32\libg_nano.a(lib_a-dtoa.o)
 .rodata._dtoa_r.str1.4
                0x0000000000006db0       0x10 e:/mounriver/mounriver_studio/toolchain/risc-v embedded gcc/bin/../lib/gcc/riscv-none-embed/8.2.0/../../../../riscv-none-embed/lib/rv32imacxw/ilp32\libg_nano.a(lib_a-dtoa.o)
                                         0x12 (size before relaxing)
 .rodata.__sf_fake_stderr
                0x0000000000006dc0       0x20 e:/mounriver/mounriver_studio/toolchain/risc-v embedded gcc/bin/../lib/gcc/riscv-none-embed/8.2.0/../../../../riscv-none-embed/lib/rv32imacxw/ilp32\libg_nano.a(lib_a-findfp.o)
                0x0000000000006dc0                __sf_fake_stderr
 .rodata.__sf_fake_stdin
                0x0000000000006de0       0x20 e:/mounriver/mounriver_studio/toolchain/risc-v embedded gcc/bin/../lib/gcc/riscv-none-embed/8.2.0/../../../../riscv-none-embed/lib/rv32imacxw/ilp32\libg_nano.a(lib_a-findfp.o)
                0x0000000000006de0                __sf_fake_stdin
 .rodata.__sf_fake_stdout
                0x0000000000006e00       0x20 e:/mounriver/mounriver_studio/toolchain/risc-v embedded gcc/bin/../lib/gcc/riscv-none-embed/8.2.0/../../../../riscv-none-embed/lib/rv32imacxw/ilp32\libg_nano.a(lib_a-findfp.o)
                0x0000000000006e00                __sf_fake_stdout
 .rodata.__mprec_bigtens
                0x0000000000006e20       0x28 e:/mounriver/mounriver_studio/toolchain/risc-v embedded gcc/bin/../lib/gcc/riscv-none-embed/8.2.0/../../../../riscv-none-embed/lib/rv32imacxw/ilp32\libg_nano.a(lib_a-mprec.o)
                0x0000000000006e20                __mprec_bigtens
 .rodata.__mprec_tens
                0x0000000000006e48       0xc8 e:/mounriver/mounriver_studio/toolchain/risc-v embedded gcc/bin/../lib/gcc/riscv-none-embed/8.2.0/../../../../riscv-none-embed/lib/rv32imacxw/ilp32\libg_nano.a(lib_a-mprec.o)
                0x0000000000006e48                __mprec_tens
 .rodata.p05.3319
                0x0000000000006f10        0xc e:/mounriver/mounriver_studio/toolchain/risc-v embedded gcc/bin/../lib/gcc/riscv-none-embed/8.2.0/../../../../riscv-none-embed/lib/rv32imacxw/ilp32\libg_nano.a(lib_a-mprec.o)
 .rodata._vfprintf_r.str1.4
                0x0000000000006f1c       0x13 e:/mounriver/mounriver_studio/toolchain/risc-v embedded gcc/bin/../lib/gcc/riscv-none-embed/8.2.0/../../../../riscv-none-embed/lib/rv32imacxw/ilp32\libg_nano.a(lib_a-nano-vfprintf.o)
 *fill*         0x0000000000006f2f        0x1 
 .rodata._setlocale_r.str1.4
                0x0000000000006f30        0xa e:/mounriver/mounriver_studio/toolchain/risc-v embedded gcc/bin/../lib/gcc/riscv-none-embed/8.2.0/../../../../riscv-none-embed/lib/rv32imacxw/ilp32\libg_nano.a(lib_a-locale.o)
                                          0xd (size before relaxing)
 *fill*         0x0000000000006f3a        0x2 
 .rodata.str1.4
                0x0000000000006f3c        0x4 e:/mounriver/mounriver_studio/toolchain/risc-v embedded gcc/bin/../lib/gcc/riscv-none-embed/8.2.0/../../../../riscv-none-embed/lib/rv32imacxw/ilp32\libg_nano.a(lib_a-locale.o)
                                          0x2 (size before relaxing)
 .rodata._ctype_
                0x0000000000006f40      0x101 e:/mounriver/mounriver_studio/toolchain/risc-v embedded gcc/bin/../lib/gcc/riscv-none-embed/8.2.0/../../../../riscv-none-embed/lib/rv32imacxw/ilp32\libg_nano.a(lib_a-ctype_.o)
                0x0000000000006f40                _ctype_
 *fill*         0x0000000000007041        0x3 
 .rodata.__divdf3
                0x0000000000007044       0x40 e:/mounriver/mounriver_studio/toolchain/risc-v embedded gcc/bin/../lib/gcc/riscv-none-embed/8.2.0/rv32imacxw/ilp32\libgcc.a(divdf3.o)
 *(.gnu.linkonce.t.*)
                0x0000000000007084                . = ALIGN (0x4)

.rela.dyn       0x0000000000007084        0x0
 .rela.init     0x0000000000007084        0x0 ./User/Displaytemp.o
 .rela.vector   0x0000000000007084        0x0 ./User/Displaytemp.o
 .rela.text.handle_reset
                0x0000000000007084        0x0 ./User/Displaytemp.o
 .rela.text._sbrk
                0x0000000000007084        0x0 ./User/Displaytemp.o
 .rela.sdata.curbrk.5264
                0x0000000000007084        0x0 ./User/Displaytemp.o
 .rela.text._vfprintf_r
                0x0000000000007084        0x0 ./User/Displaytemp.o
 .rela.text._sbrk_r
                0x0000000000007084        0x0 ./User/Displaytemp.o
 .rela.text._write_r
                0x0000000000007084        0x0 ./User/Displaytemp.o
 .rela.text._close_r
                0x0000000000007084        0x0 ./User/Displaytemp.o
 .rela.text._fstat_r
                0x0000000000007084        0x0 ./User/Displaytemp.o
 .rela.text._isatty_r
                0x0000000000007084        0x0 ./User/Displaytemp.o
 .rela.text._lseek_r
                0x0000000000007084        0x0 ./User/Displaytemp.o
 .rela.text._read_r
                0x0000000000007084        0x0 ./User/Displaytemp.o
 .rela.text._close
                0x0000000000007084        0x0 ./User/Displaytemp.o
 .rela.text._fstat
                0x0000000000007084        0x0 ./User/Displaytemp.o
 .rela.text._isatty
                0x0000000000007084        0x0 ./User/Displaytemp.o
 .rela.text._lseek
                0x0000000000007084        0x0 ./User/Displaytemp.o
 .rela.text._read
                0x0000000000007084        0x0 ./User/Displaytemp.o

.fini           0x0000000000007084        0x0
 *(SORT_NONE(.fini))
                0x0000000000007084                . = ALIGN (0x4)
                [!provide]                        PROVIDE (_etext = .)
                [!provide]                        PROVIDE (_eitcm = .)

.preinit_array  0x0000000000007084        0x0
                [!provide]                        PROVIDE (__preinit_array_start = .)
 *(.preinit_array)
                [!provide]                        PROVIDE (__preinit_array_end = .)

.init_array     0x0000000000007084        0x0
                [!provide]                        PROVIDE (__init_array_start = .)
 *(SORT_BY_INIT_PRIORITY(.init_array.*) SORT_BY_INIT_PRIORITY(.ctors.*))
 *(.init_array EXCLUDE_FILE(*crtend?.o *crtend.o *crtbegin?.o *crtbegin.o) .ctors)
                [!provide]                        PROVIDE (__init_array_end = .)

.fini_array     0x0000000000007084        0x0
                [!provide]                        PROVIDE (__fini_array_start = .)
 *(SORT_BY_INIT_PRIORITY(.fini_array.*) SORT_BY_INIT_PRIORITY(.dtors.*))
 *(.fini_array EXCLUDE_FILE(*crtend?.o *crtend.o *crtbegin?.o *crtbegin.o) .dtors)
                [!provide]                        PROVIDE (__fini_array_end = .)

.ctors
 *crtbegin.o(.ctors)
 *crtbegin?.o(.ctors)
 *(EXCLUDE_FILE(*crtend?.o *crtend.o) .ctors)
 *(SORT_BY_NAME(.ctors.*))
 *(.ctors)

.dtors
 *crtbegin.o(.dtors)
 *crtbegin?.o(.dtors)
 *(EXCLUDE_FILE(*crtend?.o *crtend.o) .dtors)
 *(SORT_BY_NAME(.dtors.*))
 *(.dtors)

.dalign         0x0000000020000000        0x0 load address 0x0000000000007084
                0x0000000020000000                . = ALIGN (0x4)
                0x0000000020000000                PROVIDE (_data_vma = .)

.dlalign        0x0000000000007084        0x0
                0x0000000000007084                . = ALIGN (0x4)
                0x0000000000007084                PROVIDE (_data_lma = .)

.data           0x0000000020000000      0x408 load address 0x0000000000007084
 *(.gnu.linkonce.r.*)
 *(.data .data.*)
 .data.camColors
                0x0000000020000000      0x200 ./User/Displaytemp.o
                0x0000000020000000                camColors
 .data.AHBPrescTable
                0x0000000020000200       0x10 ./User/system_ch32v30x.o
                0x0000000020000200                AHBPrescTable
 .data.APBAHBPrescTable
                0x0000000020000210       0x10 ./Peripheral/src/ch32v30x_rcc.o
 .data.impure_data
                0x0000000020000220       0x60 e:/mounriver/mounriver_studio/toolchain/risc-v embedded gcc/bin/../lib/gcc/riscv-none-embed/8.2.0/../../../../riscv-none-embed/lib/rv32imacxw/ilp32\libg_nano.a(lib_a-impure.o)
 .data.__global_locale
                0x0000000020000280      0x16c e:/mounriver/mounriver_studio/toolchain/risc-v embedded gcc/bin/../lib/gcc/riscv-none-embed/8.2.0/../../../../riscv-none-embed/lib/rv32imacxw/ilp32\libg_nano.a(lib_a-locale.o)
                0x0000000020000280                __global_locale
 *(.gnu.linkonce.d.*)
                0x00000000200003f0                . = ALIGN (0x8)
 *fill*         0x00000000200003ec        0x4 
                0x0000000020000bf0                PROVIDE (__global_pointer$ = (. + 0x800))
 *(.sdata .sdata.*)
 .sdata.SystemCoreClock
                0x00000000200003f0        0x4 ./User/system_ch32v30x.o
                0x00000000200003f0                SystemCoreClock
 .sdata.ADCPrescTable
                0x00000000200003f4        0x4 ./Peripheral/src/ch32v30x_rcc.o
 .sdata.curbrk.5264
                0x00000000200003f8        0x4 ./Debug/debug.o
 .sdata._impure_ptr
                0x00000000200003fc        0x4 e:/mounriver/mounriver_studio/toolchain/risc-v embedded gcc/bin/../lib/gcc/riscv-none-embed/8.2.0/../../../../riscv-none-embed/lib/rv32imacxw/ilp32\libg_nano.a(lib_a-impure.o)
                0x00000000200003fc                _impure_ptr
 *(.sdata2.*)
 .sdata2._global_impure_ptr
                0x0000000020000400        0x4 e:/mounriver/mounriver_studio/toolchain/risc-v embedded gcc/bin/../lib/gcc/riscv-none-embed/8.2.0/../../../../riscv-none-embed/lib/rv32imacxw/ilp32\libg_nano.a(lib_a-impure.o)
                0x0000000020000400                _global_impure_ptr
 *(.gnu.linkonce.s.*)
                0x0000000020000408                . = ALIGN (0x8)
 *fill*         0x0000000020000404        0x4 
 *(.srodata.cst16)
 *(.srodata.cst8)
 *(.srodata.cst4)
 *(.srodata.cst2)
 *(.srodata .srodata.*)
                0x0000000020000408                . = ALIGN (0x4)
                0x0000000020000408                PROVIDE (_edata = .)

.bss            0x0000000020000408     0x6f3c load address 0x000000000000748c
                0x0000000020000408                . = ALIGN (0x4)
                0x0000000020000408                PROVIDE (_sbss = .)
 *(.sbss*)
 .sbss.Crc      0x0000000020000408        0x2 ./User/main.o
                0x0000000020000408                Crc
 *fill*         0x000000002000040a        0x2 
 .sbss.Idex     0x000000002000040c        0x4 ./User/main.o
                0x000000002000040c                Idex
 .sbss.RecvFlag
                0x0000000020000410        0x2 ./User/main.o
                0x0000000020000410                RecvFlag
 .sbss.checksum
                0x0000000020000412        0x2 ./User/main.o
                0x0000000020000412                checksum
 .sbss.mlx_flag
                0x0000000020000414        0x1 ./User/main.o
                0x0000000020000414                mlx_flag
 *fill*         0x0000000020000415        0x3 
 .sbss.NVIC_Priority_Group
                0x0000000020000418        0x4 ./Peripheral/src/ch32v30x_misc.o
                0x0000000020000418                NVIC_Priority_Group
 .sbss.p_ms     0x000000002000041c        0x2 ./Debug/debug.o
 .sbss.p_us     0x000000002000041e        0x1 ./Debug/debug.o
 *fill*         0x000000002000041f        0x1 
 .sbss.__malloc_free_list
                0x0000000020000420        0x4 e:/mounriver/mounriver_studio/toolchain/risc-v embedded gcc/bin/../lib/gcc/riscv-none-embed/8.2.0/../../../../riscv-none-embed/lib/rv32imacxw/ilp32\libg_nano.a(lib_a-nano-mallocr.o)
                0x0000000020000420                __malloc_free_list
 .sbss.__malloc_sbrk_start
                0x0000000020000424        0x4 e:/mounriver/mounriver_studio/toolchain/risc-v embedded gcc/bin/../lib/gcc/riscv-none-embed/8.2.0/../../../../riscv-none-embed/lib/rv32imacxw/ilp32\libg_nano.a(lib_a-nano-mallocr.o)
                0x0000000020000424                __malloc_sbrk_start
 *(.gnu.linkonce.sb.*)
 *(.bss*)
 .bss.To16_mlx90640
                0x0000000020000428      0x600 ./User/Displaytemp.o
                0x0000000020000428                To16_mlx90640
 .bss.imagebuf  0x0000000020000a28     0x4b00 ./User/Displaytemp.o
                0x0000000020000a28                imagebuf
 .bss.RxBuffer  0x0000000020005528      0x608 ./User/main.o
                0x0000000020005528                RxBuffer
 .bss.RxBuffer2
                0x0000000020005b30      0x608 ./User/main.o
                0x0000000020005b30                RxBuffer2
 .bss.mlx90640_uart
                0x0000000020006138      0xc00 ./User/main.o
                0x0000000020006138                mlx90640_uart
 .bss.mlxrxbuffer
                0x0000000020006d38      0x608 ./User/main.o
                0x0000000020006d38                mlxrxbuffer
 *(.gnu.linkonce.b.*)
 *(COMMON*)
 COMMON         0x0000000020007340        0x4 e:/mounriver/mounriver_studio/toolchain/risc-v embedded gcc/bin/../lib/gcc/riscv-none-embed/8.2.0/../../../../riscv-none-embed/lib/rv32imacxw/ilp32\libg_nano.a(lib_a-reent.o)
                0x0000000020007340                errno
                0x0000000020007344                . = ALIGN (0x4)
                0x0000000020007344                PROVIDE (_ebss = .)
                0x0000000020007344                PROVIDE (_end = _ebss)
                [!provide]                        PROVIDE (end = .)

.stack          0x000000002001f800      0x800
                0x000000002001f800                PROVIDE (_heap_end = .)
                0x000000002001f800                . = ALIGN (0x4)
                [!provide]                        PROVIDE (_susrstack = .)
                0x0000000020020000                . = (. + __stack_size)
 *fill*         0x000000002001f800      0x800 
                0x0000000020020000                PROVIDE (_eusrstack = .)
OUTPUT(»»≥…œÒ.elf elf32-littleriscv)

.debug_info     0x0000000000000000    0x107a7
 .debug_info    0x0000000000000000      0xb7e ./User/Displaytemp.o
 .debug_info    0x0000000000000b7e      0x9f6 ./User/ch32v30x_it.o
 .debug_info    0x0000000000001574     0x2aef ./User/lcd.o
 .debug_info    0x0000000000004063     0x178b ./User/main.o
 .debug_info    0x00000000000057ee      0xb99 ./User/system_ch32v30x.o
 .debug_info    0x0000000000006387       0x22 ./Startup/startup_ch32v30x_D8C.o
 .debug_info    0x00000000000063a9      0xd16 ./Peripheral/src/ch32v30x_dma.o
 .debug_info    0x00000000000070bf      0xf08 ./Peripheral/src/ch32v30x_fsmc.o
 .debug_info    0x0000000000007fc7     0x11b0 ./Peripheral/src/ch32v30x_gpio.o
 .debug_info    0x0000000000009177      0xf60 ./Peripheral/src/ch32v30x_misc.o
 .debug_info    0x000000000000a0d7     0x156e ./Peripheral/src/ch32v30x_rcc.o
 .debug_info    0x000000000000b645     0x2a16 ./Peripheral/src/ch32v30x_tim.o
 .debug_info    0x000000000000e05b     0x13b1 ./Peripheral/src/ch32v30x_usart.o
 .debug_info    0x000000000000f40c      0xf2e ./Debug/debug.o
 .debug_info    0x000000000001033a      0x46d ./Core/core_riscv.o

.debug_abbrev   0x0000000000000000     0x29b9
 .debug_abbrev  0x0000000000000000      0x289 ./User/Displaytemp.o
 .debug_abbrev  0x0000000000000289      0x240 ./User/ch32v30x_it.o
 .debug_abbrev  0x00000000000004c9      0x490 ./User/lcd.o
 .debug_abbrev  0x0000000000000959      0x34e ./User/main.o
 .debug_abbrev  0x0000000000000ca7      0x2c0 ./User/system_ch32v30x.o
 .debug_abbrev  0x0000000000000f67       0x12 ./Startup/startup_ch32v30x_D8C.o
 .debug_abbrev  0x0000000000000f79      0x2fd ./Peripheral/src/ch32v30x_dma.o
 .debug_abbrev  0x0000000000001276      0x2d9 ./Peripheral/src/ch32v30x_fsmc.o
 .debug_abbrev  0x000000000000154f      0x31a ./Peripheral/src/ch32v30x_gpio.o
 .debug_abbrev  0x0000000000001869      0x2e3 ./Peripheral/src/ch32v30x_misc.o
 .debug_abbrev  0x0000000000001b4c      0x351 ./Peripheral/src/ch32v30x_rcc.o
 .debug_abbrev  0x0000000000001e9d      0x408 ./Peripheral/src/ch32v30x_tim.o
 .debug_abbrev  0x00000000000022a5      0x312 ./Peripheral/src/ch32v30x_usart.o
 .debug_abbrev  0x00000000000025b7      0x2f5 ./Debug/debug.o
 .debug_abbrev  0x00000000000028ac      0x10d ./Core/core_riscv.o

.debug_loc      0x0000000000000000     0x537c
 .debug_loc     0x0000000000000000      0x2e2 ./User/Displaytemp.o
 .debug_loc     0x00000000000002e2     0x160d ./User/lcd.o
 .debug_loc     0x00000000000018ef       0x9c ./User/main.o
 .debug_loc     0x000000000000198b      0x163 ./User/system_ch32v30x.o
 .debug_loc     0x0000000000001aee      0x19a ./Peripheral/src/ch32v30x_dma.o
 .debug_loc     0x0000000000001c88      0x2ae ./Peripheral/src/ch32v30x_fsmc.o
 .debug_loc     0x0000000000001f36      0x6d6 ./Peripheral/src/ch32v30x_gpio.o
 .debug_loc     0x000000000000260c       0x47 ./Peripheral/src/ch32v30x_misc.o
 .debug_loc     0x0000000000002653      0xadb ./Peripheral/src/ch32v30x_rcc.o
 .debug_loc     0x000000000000312e     0x195e ./Peripheral/src/ch32v30x_tim.o
 .debug_loc     0x0000000000004a8c      0x779 ./Peripheral/src/ch32v30x_usart.o
 .debug_loc     0x0000000000005205      0x177 ./Debug/debug.o

.debug_aranges  0x0000000000000000      0xa20
 .debug_aranges
                0x0000000000000000       0x20 ./User/Displaytemp.o
 .debug_aranges
                0x0000000000000020       0x28 ./User/ch32v30x_it.o
 .debug_aranges
                0x0000000000000048       0xf8 ./User/lcd.o
 .debug_aranges
                0x0000000000000140       0x48 ./User/main.o
 .debug_aranges
                0x0000000000000188       0x28 ./User/system_ch32v30x.o
 .debug_aranges
                0x00000000000001b0       0x30 ./Startup/startup_ch32v30x_D8C.o
 .debug_aranges
                0x00000000000001e0       0x60 ./Peripheral/src/ch32v30x_dma.o
 .debug_aranges
                0x0000000000000240       0x70 ./Peripheral/src/ch32v30x_fsmc.o
 .debug_aranges
                0x00000000000002b0       0xb0 ./Peripheral/src/ch32v30x_gpio.o
 .debug_aranges
                0x0000000000000360       0x28 ./Peripheral/src/ch32v30x_misc.o
 .debug_aranges
                0x0000000000000388      0x1a8 ./Peripheral/src/ch32v30x_rcc.o
 .debug_aranges
                0x0000000000000530      0x2d0 ./Peripheral/src/ch32v30x_tim.o
 .debug_aranges
                0x0000000000000800       0xf0 ./Peripheral/src/ch32v30x_usart.o
 .debug_aranges
                0x00000000000008f0       0x50 ./Debug/debug.o
 .debug_aranges
                0x0000000000000940       0xe0 ./Core/core_riscv.o

.debug_ranges   0x0000000000000000      0xa78
 .debug_ranges  0x0000000000000000       0x28 ./User/Displaytemp.o
 .debug_ranges  0x0000000000000028       0x18 ./User/ch32v30x_it.o
 .debug_ranges  0x0000000000000040      0x150 ./User/lcd.o
 .debug_ranges  0x0000000000000190       0x78 ./User/main.o
 .debug_ranges  0x0000000000000208       0x38 ./User/system_ch32v30x.o
 .debug_ranges  0x0000000000000240       0x28 ./Startup/startup_ch32v30x_D8C.o
 .debug_ranges  0x0000000000000268       0x50 ./Peripheral/src/ch32v30x_dma.o
 .debug_ranges  0x00000000000002b8       0x60 ./Peripheral/src/ch32v30x_fsmc.o
 .debug_ranges  0x0000000000000318       0xa0 ./Peripheral/src/ch32v30x_gpio.o
 .debug_ranges  0x00000000000003b8       0x48 ./Peripheral/src/ch32v30x_misc.o
 .debug_ranges  0x0000000000000400      0x198 ./Peripheral/src/ch32v30x_rcc.o
 .debug_ranges  0x0000000000000598      0x2f0 ./Peripheral/src/ch32v30x_tim.o
 .debug_ranges  0x0000000000000888       0xe0 ./Peripheral/src/ch32v30x_usart.o
 .debug_ranges  0x0000000000000968       0x40 ./Debug/debug.o
 .debug_ranges  0x00000000000009a8       0xd0 ./Core/core_riscv.o

.debug_line     0x0000000000000000     0xd32a
 .debug_line    0x0000000000000000      0x604 ./User/Displaytemp.o
 .debug_line    0x0000000000000604      0x2e8 ./User/ch32v30x_it.o
 .debug_line    0x00000000000008ec     0x22dd ./User/lcd.o
 .debug_line    0x0000000000002bc9      0xcb2 ./User/main.o
 .debug_line    0x000000000000387b      0x8d4 ./User/system_ch32v30x.o
 .debug_line    0x000000000000414f      0x122 ./Startup/startup_ch32v30x_D8C.o
 .debug_line    0x0000000000004271      0x9b7 ./Peripheral/src/ch32v30x_dma.o
 .debug_line    0x0000000000004c28      0xbfc ./Peripheral/src/ch32v30x_fsmc.o
 .debug_line    0x0000000000005824      0xfc4 ./Peripheral/src/ch32v30x_gpio.o
 .debug_line    0x00000000000067e8      0x3b4 ./Peripheral/src/ch32v30x_misc.o
 .debug_line    0x0000000000006b9c     0x196f ./Peripheral/src/ch32v30x_rcc.o
 .debug_line    0x000000000000850b     0x32dc ./Peripheral/src/ch32v30x_tim.o
 .debug_line    0x000000000000b7e7      0xedc ./Peripheral/src/ch32v30x_usart.o
 .debug_line    0x000000000000c6c3      0x725 ./Debug/debug.o
 .debug_line    0x000000000000cde8      0x542 ./Core/core_riscv.o

.debug_str      0x0000000000000000     0x344a
 .debug_str     0x0000000000000000      0x60f ./User/Displaytemp.o
                                        0x68d (size before relaxing)
 .debug_str     0x000000000000060f       0x58 ./User/ch32v30x_it.o
                                        0x5d5 (size before relaxing)
 .debug_str     0x0000000000000667      0x989 ./User/lcd.o
                                        0xf86 (size before relaxing)
 .debug_str     0x0000000000000ff0      0x928 ./User/main.o
                                       0x1188 (size before relaxing)
 .debug_str     0x0000000000001918       0xff ./User/system_ch32v30x.o
                                        0x6ca (size before relaxing)
 .debug_str     0x0000000000001a17       0x2e ./Startup/startup_ch32v30x_D8C.o
                                         0x5e (size before relaxing)
 .debug_str     0x0000000000001a45      0x108 ./Peripheral/src/ch32v30x_dma.o
                                        0x7e7 (size before relaxing)
 .debug_str     0x0000000000001b4d      0x279 ./Peripheral/src/ch32v30x_fsmc.o
                                        0xa54 (size before relaxing)
 .debug_str     0x0000000000001dc6      0x22d ./Peripheral/src/ch32v30x_gpio.o
                                        0x9a4 (size before relaxing)
 .debug_str     0x0000000000001ff3       0xf3 ./Peripheral/src/ch32v30x_misc.o
                                        0xcad (size before relaxing)
 .debug_str     0x00000000000020e6      0x595 ./Peripheral/src/ch32v30x_rcc.o
                                        0xcbe (size before relaxing)
 .debug_str     0x000000000000267b      0x945 ./Peripheral/src/ch32v30x_tim.o
                                       0x126f (size before relaxing)
 .debug_str     0x0000000000002fc0      0x2ef ./Peripheral/src/ch32v30x_usart.o
                                        0xade (size before relaxing)
 .debug_str     0x00000000000032af       0x74 ./Debug/debug.o
                                        0x905 (size before relaxing)
 .debug_str     0x0000000000003323      0x127 ./Core/core_riscv.o
                                        0x2d4 (size before relaxing)

.comment        0x0000000000000000       0x33
 .comment       0x0000000000000000       0x33 ./User/Displaytemp.o
                                         0x34 (size before relaxing)
 .comment       0x0000000000000033       0x34 ./User/ch32v30x_it.o
 .comment       0x0000000000000033       0x34 ./User/lcd.o
 .comment       0x0000000000000033       0x34 ./User/main.o
 .comment       0x0000000000000033       0x34 ./User/system_ch32v30x.o
 .comment       0x0000000000000033       0x34 ./Peripheral/src/ch32v30x_dma.o
 .comment       0x0000000000000033       0x34 ./Peripheral/src/ch32v30x_fsmc.o
 .comment       0x0000000000000033       0x34 ./Peripheral/src/ch32v30x_gpio.o
 .comment       0x0000000000000033       0x34 ./Peripheral/src/ch32v30x_misc.o
 .comment       0x0000000000000033       0x34 ./Peripheral/src/ch32v30x_rcc.o
 .comment       0x0000000000000033       0x34 ./Peripheral/src/ch32v30x_tim.o
 .comment       0x0000000000000033       0x34 ./Peripheral/src/ch32v30x_usart.o
 .comment       0x0000000000000033       0x34 ./Debug/debug.o
 .comment       0x0000000000000033       0x34 ./Core/core_riscv.o

.debug_frame    0x0000000000000000     0x28a0
 .debug_frame   0x0000000000000000       0x58 ./User/Displaytemp.o
 .debug_frame   0x0000000000000058       0x30 ./User/ch32v30x_it.o
 .debug_frame   0x0000000000000088      0x3f4 ./User/lcd.o
 .debug_frame   0x000000000000047c       0xf8 ./User/main.o
 .debug_frame   0x0000000000000574       0x3c ./User/system_ch32v30x.o
 .debug_frame   0x00000000000005b0       0xd8 ./Peripheral/src/ch32v30x_dma.o
 .debug_frame   0x0000000000000688       0xc0 ./Peripheral/src/ch32v30x_fsmc.o
 .debug_frame   0x0000000000000748      0x174 ./Peripheral/src/ch32v30x_gpio.o
 .debug_frame   0x00000000000008bc       0x30 ./Peripheral/src/ch32v30x_misc.o
 .debug_frame   0x00000000000008ec      0x344 ./Peripheral/src/ch32v30x_rcc.o
 .debug_frame   0x0000000000000c30      0x614 ./Peripheral/src/ch32v30x_tim.o
 .debug_frame   0x0000000000001244      0x1e4 ./Peripheral/src/ch32v30x_usart.o
 .debug_frame   0x0000000000001428       0xb8 ./Debug/debug.o
 .debug_frame   0x00000000000014e0      0x1a0 ./Core/core_riscv.o
 .debug_frame   0x0000000000001680       0x54 e:/mounriver/mounriver_studio/toolchain/risc-v embedded gcc/bin/../lib/gcc/riscv-none-embed/8.2.0/rv32imacxw/ilp32\libgcc.a(muldf3.o)
 .debug_frame   0x00000000000016d4       0x38 e:/mounriver/mounriver_studio/toolchain/risc-v embedded gcc/bin/../lib/gcc/riscv-none-embed/8.2.0/rv32imacxw/ilp32\libgcc.a(floatsidf.o)
 .debug_frame   0x000000000000170c       0x50 e:/mounriver/mounriver_studio/toolchain/risc-v embedded gcc/bin/../lib/gcc/riscv-none-embed/8.2.0/rv32imacxw/ilp32\libgcc.a(mulsf3.o)
 .debug_frame   0x000000000000175c       0x20 e:/mounriver/mounriver_studio/toolchain/risc-v embedded gcc/bin/../lib/gcc/riscv-none-embed/8.2.0/rv32imacxw/ilp32\libgcc.a(fixunssfsi.o)
 .debug_frame   0x000000000000177c       0x20 e:/mounriver/mounriver_studio/toolchain/risc-v embedded gcc/bin/../lib/gcc/riscv-none-embed/8.2.0/rv32imacxw/ilp32\libgcc.a(truncdfsf2.o)
 .debug_frame   0x000000000000179c       0x20 e:/mounriver/mounriver_studio/toolchain/risc-v embedded gcc/bin/../lib/gcc/riscv-none-embed/8.2.0/rv32imacxw/ilp32\libgcc.a(_clzsi2.o)
 .debug_frame   0x00000000000017bc       0x20 e:/mounriver/mounriver_studio/toolchain/risc-v embedded gcc/bin/../lib/gcc/riscv-none-embed/8.2.0/../../../../riscv-none-embed/lib/rv32imacxw/ilp32\libg_nano.a(lib_a-memcpy.o)
 .debug_frame   0x00000000000017dc       0xbc e:/mounriver/mounriver_studio/toolchain/risc-v embedded gcc/bin/../lib/gcc/riscv-none-embed/8.2.0/../../../../riscv-none-embed/lib/rv32imacxw/ilp32\libg_nano.a(lib_a-nano-vfprintf_float.o)
 .debug_frame   0x0000000000001898       0x8c e:/mounriver/mounriver_studio/toolchain/risc-v embedded gcc/bin/../lib/gcc/riscv-none-embed/8.2.0/../../../../riscv-none-embed/lib/rv32imacxw/ilp32\libg_nano.a(lib_a-nano-vfprintf_i.o)
 .debug_frame   0x0000000000001924       0x54 e:/mounriver/mounriver_studio/toolchain/risc-v embedded gcc/bin/../lib/gcc/riscv-none-embed/8.2.0/../../../../riscv-none-embed/lib/rv32imacxw/ilp32\libg_nano.a(lib_a-printf.o)
 .debug_frame   0x0000000000001978       0x54 e:/mounriver/mounriver_studio/toolchain/risc-v embedded gcc/bin/../lib/gcc/riscv-none-embed/8.2.0/../../../../riscv-none-embed/lib/rv32imacxw/ilp32\libg_nano.a(lib_a-puts.o)
 .debug_frame   0x00000000000019cc       0x20 e:/mounriver/mounriver_studio/toolchain/risc-v embedded gcc/bin/../lib/gcc/riscv-none-embed/8.2.0/../../../../riscv-none-embed/lib/rv32imacxw/ilp32\libg_nano.a(lib_a-strlen.o)
 .debug_frame   0x00000000000019ec       0x50 e:/mounriver/mounriver_studio/toolchain/risc-v embedded gcc/bin/../lib/gcc/riscv-none-embed/8.2.0/../../../../riscv-none-embed/lib/rv32imacxw/ilp32\libg_nano.a(lib_a-wbuf.o)
 .debug_frame   0x0000000000001a3c       0x3c e:/mounriver/mounriver_studio/toolchain/risc-v embedded gcc/bin/../lib/gcc/riscv-none-embed/8.2.0/../../../../riscv-none-embed/lib/rv32imacxw/ilp32\libg_nano.a(lib_a-wsetup.o)
 .debug_frame   0x0000000000001a78       0x98 e:/mounriver/mounriver_studio/toolchain/risc-v embedded gcc/bin/../lib/gcc/riscv-none-embed/8.2.0/../../../../riscv-none-embed/lib/rv32imacxw/ilp32\libg_nano.a(lib_a-dtoa.o)
 .debug_frame   0x0000000000001b10       0x7c e:/mounriver/mounriver_studio/toolchain/risc-v embedded gcc/bin/../lib/gcc/riscv-none-embed/8.2.0/../../../../riscv-none-embed/lib/rv32imacxw/ilp32\libg_nano.a(lib_a-fflush.o)
 .debug_frame   0x0000000000001b8c      0x148 e:/mounriver/mounriver_studio/toolchain/risc-v embedded gcc/bin/../lib/gcc/riscv-none-embed/8.2.0/../../../../riscv-none-embed/lib/rv32imacxw/ilp32\libg_nano.a(lib_a-findfp.o)
 .debug_frame   0x0000000000001cd4       0x88 e:/mounriver/mounriver_studio/toolchain/risc-v embedded gcc/bin/../lib/gcc/riscv-none-embed/8.2.0/../../../../riscv-none-embed/lib/rv32imacxw/ilp32\libg_nano.a(lib_a-fwalk.o)
 .debug_frame   0x0000000000001d5c       0x40 e:/mounriver/mounriver_studio/toolchain/risc-v embedded gcc/bin/../lib/gcc/riscv-none-embed/8.2.0/../../../../riscv-none-embed/lib/rv32imacxw/ilp32\libg_nano.a(lib_a-localeconv.o)
 .debug_frame   0x0000000000001d9c       0x64 e:/mounriver/mounriver_studio/toolchain/risc-v embedded gcc/bin/../lib/gcc/riscv-none-embed/8.2.0/../../../../riscv-none-embed/lib/rv32imacxw/ilp32\libg_nano.a(lib_a-makebuf.o)
 .debug_frame   0x0000000000001e00       0x30 e:/mounriver/mounriver_studio/toolchain/risc-v embedded gcc/bin/../lib/gcc/riscv-none-embed/8.2.0/../../../../riscv-none-embed/lib/rv32imacxw/ilp32\libg_nano.a(lib_a-malloc.o)
 .debug_frame   0x0000000000001e30       0x20 e:/mounriver/mounriver_studio/toolchain/risc-v embedded gcc/bin/../lib/gcc/riscv-none-embed/8.2.0/../../../../riscv-none-embed/lib/rv32imacxw/ilp32\libg_nano.a(lib_a-memchr.o)
 .debug_frame   0x0000000000001e50      0x2e0 e:/mounriver/mounriver_studio/toolchain/risc-v embedded gcc/bin/../lib/gcc/riscv-none-embed/8.2.0/../../../../riscv-none-embed/lib/rv32imacxw/ilp32\libg_nano.a(lib_a-mprec.o)
 .debug_frame   0x0000000000002130       0x30 e:/mounriver/mounriver_studio/toolchain/risc-v embedded gcc/bin/../lib/gcc/riscv-none-embed/8.2.0/../../../../riscv-none-embed/lib/rv32imacxw/ilp32\libg_nano.a(lib_a-nano-callocr.o)
 .debug_frame   0x0000000000002160       0x40 e:/mounriver/mounriver_studio/toolchain/risc-v embedded gcc/bin/../lib/gcc/riscv-none-embed/8.2.0/../../../../riscv-none-embed/lib/rv32imacxw/ilp32\libg_nano.a(lib_a-nano-freer.o)
 .debug_frame   0x00000000000021a0       0x40 e:/mounriver/mounriver_studio/toolchain/risc-v embedded gcc/bin/../lib/gcc/riscv-none-embed/8.2.0/../../../../riscv-none-embed/lib/rv32imacxw/ilp32\libg_nano.a(lib_a-nano-mallocr.o)
 .debug_frame   0x00000000000021e0       0xd0 e:/mounriver/mounriver_studio/toolchain/risc-v embedded gcc/bin/../lib/gcc/riscv-none-embed/8.2.0/../../../../riscv-none-embed/lib/rv32imacxw/ilp32\libg_nano.a(lib_a-nano-vfprintf.o)
 .debug_frame   0x00000000000022b0       0x30 e:/mounriver/mounriver_studio/toolchain/risc-v embedded gcc/bin/../lib/gcc/riscv-none-embed/8.2.0/../../../../riscv-none-embed/lib/rv32imacxw/ilp32\libg_nano.a(lib_a-sbrkr.o)
 .debug_frame   0x00000000000022e0       0xa4 e:/mounriver/mounriver_studio/toolchain/risc-v embedded gcc/bin/../lib/gcc/riscv-none-embed/8.2.0/../../../../riscv-none-embed/lib/rv32imacxw/ilp32\libg_nano.a(lib_a-stdio.o)
 .debug_frame   0x0000000000002384       0x30 e:/mounriver/mounriver_studio/toolchain/risc-v embedded gcc/bin/../lib/gcc/riscv-none-embed/8.2.0/../../../../riscv-none-embed/lib/rv32imacxw/ilp32\libg_nano.a(lib_a-writer.o)
 .debug_frame   0x00000000000023b4       0x30 e:/mounriver/mounriver_studio/toolchain/risc-v embedded gcc/bin/../lib/gcc/riscv-none-embed/8.2.0/../../../../riscv-none-embed/lib/rv32imacxw/ilp32\libg_nano.a(lib_a-closer.o)
 .debug_frame   0x00000000000023e4       0x30 e:/mounriver/mounriver_studio/toolchain/risc-v embedded gcc/bin/../lib/gcc/riscv-none-embed/8.2.0/../../../../riscv-none-embed/lib/rv32imacxw/ilp32\libg_nano.a(lib_a-fstatr.o)
 .debug_frame   0x0000000000002414       0x30 e:/mounriver/mounriver_studio/toolchain/risc-v embedded gcc/bin/../lib/gcc/riscv-none-embed/8.2.0/../../../../riscv-none-embed/lib/rv32imacxw/ilp32\libg_nano.a(lib_a-isattyr.o)
 .debug_frame   0x0000000000002444       0x78 e:/mounriver/mounriver_studio/toolchain/risc-v embedded gcc/bin/../lib/gcc/riscv-none-embed/8.2.0/../../../../riscv-none-embed/lib/rv32imacxw/ilp32\libg_nano.a(lib_a-locale.o)
 .debug_frame   0x00000000000024bc       0x30 e:/mounriver/mounriver_studio/toolchain/risc-v embedded gcc/bin/../lib/gcc/riscv-none-embed/8.2.0/../../../../riscv-none-embed/lib/rv32imacxw/ilp32\libg_nano.a(lib_a-lseekr.o)
 .debug_frame   0x00000000000024ec       0x38 e:/mounriver/mounriver_studio/toolchain/risc-v embedded gcc/bin/../lib/gcc/riscv-none-embed/8.2.0/../../../../riscv-none-embed/lib/rv32imacxw/ilp32\libg_nano.a(lib_a-mbtowc_r.o)
 .debug_frame   0x0000000000002524       0x30 e:/mounriver/mounriver_studio/toolchain/risc-v embedded gcc/bin/../lib/gcc/riscv-none-embed/8.2.0/../../../../riscv-none-embed/lib/rv32imacxw/ilp32\libg_nano.a(lib_a-mlock.o)
 .debug_frame   0x0000000000002554       0x30 e:/mounriver/mounriver_studio/toolchain/risc-v embedded gcc/bin/../lib/gcc/riscv-none-embed/8.2.0/../../../../riscv-none-embed/lib/rv32imacxw/ilp32\libg_nano.a(lib_a-readr.o)
 .debug_frame   0x0000000000002584       0x70 e:/mounriver/mounriver_studio/toolchain/risc-v embedded gcc/bin/../lib/gcc/riscv-none-embed/8.2.0/../../../../riscv-none-embed/lib/rv32imacxw/ilp32\libg_nano.a(lib_a-reent.o)
 .debug_frame   0x00000000000025f4       0x30 e:/mounriver/mounriver_studio/toolchain/risc-v embedded gcc/bin/../lib/gcc/riscv-none-embed/8.2.0/../../../../riscv-none-embed/lib/rv32imacxw/ilp32\libg_nano.a(lib_a-wctomb_r.o)
 .debug_frame   0x0000000000002624       0x44 e:/mounriver/mounriver_studio/toolchain/risc-v embedded gcc/bin/../lib/gcc/riscv-none-embed/8.2.0/rv32imacxw/ilp32\libgcc.a(adddf3.o)
 .debug_frame   0x0000000000002668       0x50 e:/mounriver/mounriver_studio/toolchain/risc-v embedded gcc/bin/../lib/gcc/riscv-none-embed/8.2.0/rv32imacxw/ilp32\libgcc.a(divdf3.o)
 .debug_frame   0x00000000000026b8       0x20 e:/mounriver/mounriver_studio/toolchain/risc-v embedded gcc/bin/../lib/gcc/riscv-none-embed/8.2.0/rv32imacxw/ilp32\libgcc.a(eqdf2.o)
 .debug_frame   0x00000000000026d8       0x20 e:/mounriver/mounriver_studio/toolchain/risc-v embedded gcc/bin/../lib/gcc/riscv-none-embed/8.2.0/rv32imacxw/ilp32\libgcc.a(gedf2.o)
 .debug_frame   0x00000000000026f8       0x20 e:/mounriver/mounriver_studio/toolchain/risc-v embedded gcc/bin/../lib/gcc/riscv-none-embed/8.2.0/rv32imacxw/ilp32\libgcc.a(ledf2.o)
 .debug_frame   0x0000000000002718       0x44 e:/mounriver/mounriver_studio/toolchain/risc-v embedded gcc/bin/../lib/gcc/riscv-none-embed/8.2.0/rv32imacxw/ilp32\libgcc.a(subdf3.o)
 .debug_frame   0x000000000000275c       0x20 e:/mounriver/mounriver_studio/toolchain/risc-v embedded gcc/bin/../lib/gcc/riscv-none-embed/8.2.0/rv32imacxw/ilp32\libgcc.a(unorddf2.o)
 .debug_frame   0x000000000000277c       0x20 e:/mounriver/mounriver_studio/toolchain/risc-v embedded gcc/bin/../lib/gcc/riscv-none-embed/8.2.0/rv32imacxw/ilp32\libgcc.a(fixdfsi.o)
 .debug_frame   0x000000000000279c       0x38 e:/mounriver/mounriver_studio/toolchain/risc-v embedded gcc/bin/../lib/gcc/riscv-none-embed/8.2.0/rv32imacxw/ilp32\libgcc.a(floatunsidf.o)
 .debug_frame   0x00000000000027d4       0x2c e:/mounriver/mounriver_studio/toolchain/risc-v embedded gcc/bin/../lib/gcc/riscv-none-embed/8.2.0/rv32imacxw/ilp32\libgcc.a(trunctfdf2.o)
 .debug_frame   0x0000000000002800       0x20 e:/mounriver/mounriver_studio/toolchain/risc-v embedded gcc/bin/../lib/gcc/riscv-none-embed/8.2.0/../../../../riscv-none-embed/lib/rv32imacxw/ilp32\libnosys.a(close.o)
 .debug_frame   0x0000000000002820       0x20 e:/mounriver/mounriver_studio/toolchain/risc-v embedded gcc/bin/../lib/gcc/riscv-none-embed/8.2.0/../../../../riscv-none-embed/lib/rv32imacxw/ilp32\libnosys.a(fstat.o)
 .debug_frame   0x0000000000002840       0x20 e:/mounriver/mounriver_studio/toolchain/risc-v embedded gcc/bin/../lib/gcc/riscv-none-embed/8.2.0/../../../../riscv-none-embed/lib/rv32imacxw/ilp32\libnosys.a(isatty.o)
 .debug_frame   0x0000000000002860       0x20 e:/mounriver/mounriver_studio/toolchain/risc-v embedded gcc/bin/../lib/gcc/riscv-none-embed/8.2.0/../../../../riscv-none-embed/lib/rv32imacxw/ilp32\libnosys.a(lseek.o)
 .debug_frame   0x0000000000002880       0x20 e:/mounriver/mounriver_studio/toolchain/risc-v embedded gcc/bin/../lib/gcc/riscv-none-embed/8.2.0/../../../../riscv-none-embed/lib/rv32imacxw/ilp32\libnosys.a(read.o)

.stab           0x0000000000000000       0x84
 .stab          0x0000000000000000       0x24 e:/mounriver/mounriver_studio/toolchain/risc-v embedded gcc/bin/../lib/gcc/riscv-none-embed/8.2.0/../../../../riscv-none-embed/lib/rv32imacxw/ilp32\libnosys.a(close.o)
 .stab          0x0000000000000024       0x18 e:/mounriver/mounriver_studio/toolchain/risc-v embedded gcc/bin/../lib/gcc/riscv-none-embed/8.2.0/../../../../riscv-none-embed/lib/rv32imacxw/ilp32\libnosys.a(fstat.o)
                                         0x24 (size before relaxing)
 .stab          0x000000000000003c       0x18 e:/mounriver/mounriver_studio/toolchain/risc-v embedded gcc/bin/../lib/gcc/riscv-none-embed/8.2.0/../../../../riscv-none-embed/lib/rv32imacxw/ilp32\libnosys.a(isatty.o)
                                         0x24 (size before relaxing)
 .stab          0x0000000000000054       0x18 e:/mounriver/mounriver_studio/toolchain/risc-v embedded gcc/bin/../lib/gcc/riscv-none-embed/8.2.0/../../../../riscv-none-embed/lib/rv32imacxw/ilp32\libnosys.a(lseek.o)
                                         0x24 (size before relaxing)
 .stab          0x000000000000006c       0x18 e:/mounriver/mounriver_studio/toolchain/risc-v embedded gcc/bin/../lib/gcc/riscv-none-embed/8.2.0/../../../../riscv-none-embed/lib/rv32imacxw/ilp32\libnosys.a(read.o)
                                         0x24 (size before relaxing)

.stabstr        0x0000000000000000      0x117
 .stabstr       0x0000000000000000      0x117 e:/mounriver/mounriver_studio/toolchain/risc-v embedded gcc/bin/../lib/gcc/riscv-none-embed/8.2.0/../../../../riscv-none-embed/lib/rv32imacxw/ilp32\libnosys.a(close.o)
